Component: ARM Compiler 5.06 update 5 (build 528) Tool: armlink [4d35e2]

==============================================================================

Section Cross References

    startup_stm32f429_439xx.o(STACK) refers (Special) to heapauxi.o(.text) for __use_two_region_memory
    startup_stm32f429_439xx.o(HEAP) refers (Special) to heapauxi.o(.text) for __use_two_region_memory
    startup_stm32f429_439xx.o(RESET) refers (Special) to heapauxi.o(.text) for __use_two_region_memory
    startup_stm32f429_439xx.o(RESET) refers to startup_stm32f429_439xx.o(STACK) for __initial_sp
    startup_stm32f429_439xx.o(RESET) refers to startup_stm32f429_439xx.o(.text) for Reset_Handler
    startup_stm32f429_439xx.o(RESET) refers to stm32f4xx_it.o(i.NMI_Handler) for NMI_Handler
    startup_stm32f429_439xx.o(RESET) refers to context_rvds.o(.text) for HardFault_Handler
    startup_stm32f429_439xx.o(RESET) refers to stm32f4xx_it.o(i.MemManage_Handler) for MemManage_Handler
    startup_stm32f429_439xx.o(RESET) refers to stm32f4xx_it.o(i.BusFault_Handler) for BusFault_Handler
    startup_stm32f429_439xx.o(RESET) refers to stm32f4xx_it.o(i.UsageFault_Handler) for UsageFault_Handler
    startup_stm32f429_439xx.o(RESET) refers to stm32f4xx_it.o(i.SVC_Handler) for SVC_Handler
    startup_stm32f429_439xx.o(RESET) refers to stm32f4xx_it.o(i.DebugMon_Handler) for DebugMon_Handler
    startup_stm32f429_439xx.o(RESET) refers to board.o(i.SysTick_Handler) for SysTick_Handler
    startup_stm32f429_439xx.o(RESET) refers to stm32f4xx_it.o(i.EXTI1_IRQHandler) for EXTI1_IRQHandler
    startup_stm32f429_439xx.o(RESET) refers to stm32f4xx_it.o(i.EXTI9_5_IRQHandler) for EXTI9_5_IRQHandler
    startup_stm32f429_439xx.o(RESET) refers to usart.o(i.USART1_IRQHandler) for USART1_IRQHandler
    startup_stm32f429_439xx.o(RESET) refers to stm32f4xx_it.o(i.USART3_IRQHandler) for USART3_IRQHandler
    startup_stm32f429_439xx.o(RESET) refers to stm32f4xx_it.o(i.UART4_IRQHandler) for UART4_IRQHandler
    startup_stm32f429_439xx.o(RESET) refers to usart_driver.o(i.UART5_IRQHandler) for UART5_IRQHandler
    startup_stm32f429_439xx.o(RESET) refers to time_control.o(i.TIM6_DAC_IRQHandler) for TIM6_DAC_IRQHandler
    startup_stm32f429_439xx.o(.text) refers (Special) to heapauxi.o(.text) for __use_two_region_memory
    startup_stm32f429_439xx.o(.text) refers to mower_common.o(i.sys_power_control) for sys_power_control
    startup_stm32f429_439xx.o(.text) refers to system_stm32f4xx.o(i.SystemInit) for SystemInit
    startup_stm32f429_439xx.o(.text) refers to __main.o(!!!main) for __main
    startup_stm32f429_439xx.o(.text) refers to startup_stm32f429_439xx.o(HEAP) for Heap_Mem
    startup_stm32f429_439xx.o(.text) refers to startup_stm32f429_439xx.o(STACK) for Stack_Mem
    system_stm32f4xx.o(i.SystemCoreClockUpdate) refers to system_stm32f4xx.o(.data) for .data
    system_stm32f4xx.o(i.SystemInit) refers to system_stm32f4xx.o(i.SetSysClock) for SetSysClock
    board.o(i.NVIC_Configuration) refers to misc.o(i.NVIC_SetVectorTable) for NVIC_SetVectorTable
    board.o(i.NVIC_Configuration) refers to misc.o(i.NVIC_PriorityGroupConfig) for NVIC_PriorityGroupConfig
    board.o(i.SysTick_Configuration) refers to stm32f4xx_rcc.o(i.RCC_GetClocksFreq) for RCC_GetClocksFreq
    board.o(i.SysTick_Configuration) refers to misc.o(i.SysTick_CLKSourceConfig) for SysTick_CLKSourceConfig
    board.o(i.SysTick_Handler) refers to irq.o(i.rt_interrupt_enter) for rt_interrupt_enter
    board.o(i.SysTick_Handler) refers to clock.o(i.rt_tick_increase) for rt_tick_increase
    board.o(i.SysTick_Handler) refers to irq.o(i.rt_interrupt_leave) for rt_interrupt_leave
    board.o(i.rt_hw_board_init) refers to system_stm32f4xx.o(i.SystemCoreClockUpdate) for SystemCoreClockUpdate
    board.o(i.rt_hw_board_init) refers to board.o(i.NVIC_Configuration) for NVIC_Configuration
    board.o(i.rt_hw_board_init) refers to board.o(i.SysTick_Configuration) for SysTick_Configuration
    board.o(i.rt_hw_board_init) refers to usart.o(i.stm32_hw_usart_init) for stm32_hw_usart_init
    board.o(i.rt_hw_board_init) refers to kservice.o(i.rt_console_set_device) for rt_console_set_device
    board.o(i.rt_hw_board_init) refers to stm32f4_rtc.o(i.rt_hw_rtc_init) for rt_hw_rtc_init
    board.o(i.rt_hw_board_init) refers to mower_hw_config.o(i.peripheral_hw_config) for peripheral_hw_config
    board.o(i.rt_hw_board_init) refers to thread_ui.o(i.gui_init) for gui_init
    startup.o(i.assert_failed) refers to kservice.o(i.rt_kprintf) for rt_kprintf
    startup.o(i.main) refers to context_rvds.o(.text) for rt_hw_interrupt_disable
    startup.o(i.main) refers to startup.o(i.rtthread_startup) for rtthread_startup
    startup.o(i.rtthread_startup) refers to board.o(i.rt_hw_board_init) for rt_hw_board_init
    startup.o(i.rtthread_startup) refers to kservice.o(i.rt_show_version) for rt_show_version
    startup.o(i.rtthread_startup) refers to clock.o(i.rt_system_tick_init) for rt_system_tick_init
[...]
    0x0800aa5c   0x0800aa5c   0x00000044   Code   RO         2408    i.clock_time_system_init  clock_time.o
    0x0800aaa0   0x0800aaa0   0x0000000a   Code   RO        12217    i.cmd_free          msh_cmd.o
    0x0800aaaa   0x0800aaaa   0x0000000a   Code   RO        12218    i.cmd_ps            msh_cmd.o
    0x0800aab4   0x0800aab4   0x00000004   Code   RO        12219    i.cmd_time          msh_cmd.o
    0x0800aab8   0x0800aab8   0x00000008   Code   RO         1420    i.custom_abs        math_custom.o
    0x0800aac0   0x0800aac0   0x00000020   Code   RO         4485    i.delay_1us         time_control.o
    0x0800aae0   0x0800aae0   0x0000001a   Code   RO         4486    i.delay_ms          time_control.o
    0x0800aafa   0x0800aafa   0x00000002   PAD
    0x0800aafc   0x0800aafc   0x00000020   Code   RO         4487    i.delay_systick     time_control.o
    0x0800ab1c   0x0800ab1c   0x00000014   Code   RO         4488    i.delay_us          time_control.o
    0x0800ab30   0x0800ab30   0x00000048   Code   RO         5396    i.disable_motor     motor.o
    0x0800ab78   0x0800ab78   0x00000b50   Code   RO         1542    i.ekf7_gps6_mu      ekf7_gps6_mu.o
    0x0800b6c8   0x0800b6c8   0x00000654   Code   RO         1584    i.ekf7_odom_mu      ekf7_odom_mu.o
    0x0800bd1c   0x0800bd1c   0x00000544   Code   RO         1609    i.ekf7_tu           ekf7_tu.o
    0x0800c260   0x0800c260   0x00000048   Code   RO         5397    i.enable_motor      motor.o
    0x0800c2a8   0x0800c2a8   0x0000007e   Code   RO         4915    i.encoder_exti_configuration  encoder.o
    0x0800c326   0x0800c326   0x00000002   PAD
    0x0800c328   0x0800c328   0x00000074   Code   RO         4916    i.encoder_init      encoder.o
    0x0800c39c   0x0800c39c   0x000000ca   Code   RO         2384    i.eul2quatf         eul2quatf.o
    0x0800c466   0x0800c466   0x00000018   Code   RO        13762    i.fabs              m_wm.l(fabs.o)
    0x0800c47e   0x0800c47e   0x00000002   PAD
    0x0800c480   0x0800c480   0x0000005c   Code   RO         2278    i.filter_converge   imu_processing.o
    0x0800c4dc   0x0800c4dc   0x00000020   Code   RO        11451    i.finsh_block_insert  finsh_heap.o
    0x0800c4fc   0x0800c4fc   0x0000006c   Code   RO        11452    i.finsh_block_merge  finsh_heap.o
    0x0800c568   0x0800c568   0x00000024   Code   RO        11453    i.finsh_block_remove  finsh_heap.o
    0x0800c58c   0x0800c58c   0x00000708   Code   RO        11370    i.finsh_compile     finsh_compiler.o
    0x0800cc94   0x0800cc94   0x00000050   Code   RO        11371    i.finsh_compiler_run  finsh_compiler.o
    0x0800cce4   0x0800cce4   0x0000000c   Code   RO        11417    i.finsh_errno       finsh_error.o
    0x0800ccf0   0x0800ccf0   0x0000000c   Code   RO        11418    i.finsh_error_init  finsh_error.o
    0x0800ccfc   0x0800ccfc   0x0000000c   Code   RO        11419    i.finsh_error_set   finsh_error.o
    0x0800cd08   0x0800cd08   0x0000000c   Code   RO        11420    i.finsh_error_string  finsh_error.o
    0x0800cd14   0x0800cd14   0x00000012   Code   RO        11494    i.finsh_flush       finsh_init.o
    0x0800cd26   0x0800cd26   0x00000002   PAD
    0x0800cd28   0x0800cd28   0x00000038   Code   RO        12254    i.finsh_get_prompt  shell.o
    0x0800cd60   0x0800cd60   0x000000b8   Code   RO        11454    i.finsh_heap_allocate  finsh_heap.o
    0x0800ce18   0x0800ce18   0x0000002c   Code   RO        11455    i.finsh_heap_free   finsh_heap.o
    0x0800ce44   0x0800ce44   0x00000028   Code   RO        11456    i.finsh_heap_init   finsh_heap.o
    0x0800ce6c   0x0800ce6c   0x0000001a   Code   RO        11495    i.finsh_init        finsh_init.o
    0x0800ce86   0x0800ce86   0x00000002   PAD
    0x0800ce88   0x0800ce88   0x00000030   Code   RO        11530    i.finsh_node_allocate  finsh_node.o
    0x0800ceb8   0x0800ceb8   0x00000014   Code   RO        11531    i.finsh_node_init   finsh_node.o
    0x0800cecc   0x0800cecc   0x0000001a   Code   RO        11532    i.finsh_node_new_char  finsh_node.o
    0x0800cee6   0x0800cee6   0x0000005e   Code   RO        11533    i.finsh_node_new_id  finsh_node.o
    0x0800cf44   0x0800cf44   0x0000001a   Code   RO        11534    i.finsh_node_new_int  finsh_node.o
    0x0800cf5e   0x0800cf5e   0x0000001a   Code   RO        11535    i.finsh_node_new_long  finsh_node.o
    0x0800cf78   0x0800cf78   0x0000001a   Code   RO        11536    i.finsh_node_new_ptr  finsh_node.o
    0x0800cf92   0x0800cf92   0x00000046   Code   RO        11537    i.finsh_node_new_string  finsh_node.o
    0x0800cfd8   0x0800cfd8   0x0000000c   Code   RO        11887    i.finsh_parser_init  finsh_parser.o
    0x0800cfe4   0x0800cfe4   0x000000a2   Code   RO        11888    i.finsh_parser_run  finsh_parser.o
    0x0800d086   0x0800d086   0x00000002   PAD
    0x0800d088   0x0800d088   0x000000c4   Code   RO        12255    i.finsh_run_line    shell.o
    0x0800d14c   0x0800d14c   0x00000038   Code   RO        12256    i.finsh_rx_ind      shell.o
    0x0800d184   0x0800d184   0x000000c4   Code   RO        12257    i.finsh_set_device  shell.o
    0x0800d248   0x0800d248   0x0000000c   Code   RO        11497    i.finsh_stack_bottom  finsh_init.o
    0x0800d254   0x0800d254   0x00000054   Code   RO        12110    i.finsh_syscall_lookup  finsh_vm.o
    0x0800d2a8   0x0800d2a8   0x00000014   Code   RO        12259    i.finsh_system_function_init  shell.o
    0x0800d2bc   0x0800d2bc   0x000000b0   Code   RO        12260    i.finsh_system_init  shell.o
    0x0800d36c   0x0800d36c   0x00000014   Code   RO        12261    i.finsh_system_var_init  shell.o
    0x0800d380   0x0800d380   0x00000054   Code   RO        12057    i.finsh_sysvar_lookup  finsh_var.o
    0x0800d3d4   0x0800d3d4   0x000003fc   Code   RO        12262    i.finsh_thread_entry  shell.o
    0x0800d7d0   0x0800d7d0   0x00000012   Code   RO        11989    i.finsh_token_init  finsh_token.o
    0x0800d7e2   0x0800d7e2   0x00000018   Code   RO        11990    i.finsh_token_token  finsh_token.o
    0x0800d7fa   0x0800d7fa   0x000000dc   Code   RO        11372    i.finsh_type_check  finsh_compiler.o
    0x0800d8d6   0x0800d8d6   0x00000002   PAD
    0x0800d8d8   0x0800d8d8   0x00000014   Code   RO        12059    i.finsh_var_init    finsh_var.o
    0x0800d8ec   0x0800d8ec   0x00000060   Code   RO        12060    i.finsh_var_insert  finsh_var.o
    0x0800d94c   0x0800d94c   0x00000038   Code   RO        12061    i.finsh_var_lookup  finsh_var.o
    0x0800d984   0x0800d984   0x00000034   Code   RO        12111    i.finsh_vm_run      finsh_vm.o
    0x0800d9b8   0x0800d9b8   0x00000010   Code   RO          715    i.form_init         thread_ui.o
    0x0800d9c8   0x0800d9c8   0x00000020   Code   RO          716    i.form_parse        thread_ui.o
    0x0800d9e8   0x0800d9e8   0x0000008c   Code   RO         2279    i.frame_alignment   imu_processing.o
    0x0800da74   0x0800da74   0x0000004c   Code   RO         4128    i.front_bumper_init  bumper_front.o
    0x0800dac0   0x0800dac0   0x00000014   Code   RO          841    i.front_work_pattern_tran_req  mower_common.o
    0x0800dad4   0x0800dad4   0x00000058   Code   RO         5575    i.get_acc           mpu6500_spi.o
    0x0800db2c   0x0800db2c   0x0000000c   Code   RO         4711    i.get_adc_value     adc.o
    0x0800db38   0x0800db38   0x0000000e   Code   RO         1421    i.get_bound_data    math_custom.o
    0x0800db46   0x0800db46   0x00000002   PAD
    0x0800db48   0x0800db48   0x00000040   Code   RO         4917    i.get_encoder_info  encoder.o
    0x0800db88   0x0800db88   0x00000060   Code   RO          521    i.get_gps_data      thread_gps.o
    0x0800dbe8   0x0800dbe8   0x00000058   Code   RO         5576    i.get_gyro          mpu6500_spi.o
    0x0800dc40   0x0800dc40   0x0000000c   Code   RO         5114    i.get_iic_sda       iic.o
    0x0800dc4c   0x0800dc4c   0x00000068   Code   RO         4918    i.get_left_encoder  encoder.o
    0x0800dcb4   0x0800dcb4   0x00000024   Code   RO         5302    i.get_mag_info1     ist8310.o
    0x0800dcd8   0x0800dcd8   0x00000024   Code   RO         5349    i.get_mag_info2     ist83102.o
    0x0800dcfc   0x0800dcfc   0x00000010   Code   RO         5398    i.get_motor_current  motor.o
    0x0800dd0c   0x0800dd0c   0x00000064   Code   RO         5399    i.get_motor_info    motor.o
    0x0800dd70   0x0800dd70   0x00000034   Code   RO         5577    i.get_mpu_info      mpu6500_spi.o
    0x0800dda4   0x0800dda4   0x00000068   Code   RO         4920    i.get_right_encoder  encoder.o
    0x0800de0c   0x0800de0c   0x00000030   Code   RO         5796    i.get_sonar_info    sonar.o
    0x0800de3c   0x0800de3c   0x00000028   Code   RO         5578    i.get_temp          mpu6500_spi.o
    0x0800de64   0x0800de64   0x00000024   Code   RO         4489    i.get_time_diff1    time_control.o
    0x0800de88   0x0800de88   0x00000024   Code   RO         4490    i.get_time_diff2    time_control.o
    0x0800deac   0x0800deac   0x00000024   Code   RO         4491    i.get_time_diff_trapping  time_control.o
    0x0800ded0   0x0800ded0   0x0000003c   Code   RO         4492    i.get_time_stamp    time_control.o
    0x0800df0c   0x0800df0c   0x000001b4   Code   RO         1030    i.gpio_configuration  mower_hw_config.o
    0x0800e0c0   0x0800e0c0   0x0000003c   Code   RO         2282    i.grav_acc          imu_processing.o
    0x0800e0fc   0x0800e0fc   0x0000007c   Code   RO          718    i.gui_init          thread_ui.o
    0x0800e178   0x0800e178   0x00000058   Code   RO          719    i.gui_update        thread_ui.o
    0x0800e1d0   0x0800e1d0   0x000002bc   Code   RO         1764    i.hampel            hampel.o
    0x0800e48c   0x0800e48c   0x000001a0   Code   RO         2283    i.hampel_imu        imu_processing.o
    0x0800e62c   0x0800e62c   0x0000004a   Code   RO         4608    i.hardware_init     hardware.o
    0x0800e676   0x0800e676   0x00000002   PAD
    0x0800e678   0x0800e678   0x00000020   Code   RO        11144    i.hello             cmd.o
    0x0800e698   0x0800e698   0x0000002e   Code   RO         5115    i.iic_ack           iic.o
    0x0800e6c6   0x0800e6c6   0x00000002   PAD
    0x0800e6c8   0x0800e6c8   0x0000005c   Code   RO         5116    i.iic_init          iic.o
    0x0800e724   0x0800e724   0x0000002e   Code   RO         5117    i.iic_nack          iic.o
    0x0800e752   0x0800e752   0x0000004a   Code   RO         5118    i.iic_read_byte     iic.o
    0x0800e79c   0x0800e79c   0x0000002c   Code   RO         5119    i.iic_sda_in        iic.o
    0x0800e7c8   0x0800e7c8   0x00000028   Code   RO         5120    i.iic_sda_out       iic.o
    0x0800e7f0   0x0800e7f0   0x0000004a   Code   RO         5121    i.iic_send_byte     iic.o
    0x0800e83a   0x0800e83a   0x0000002e   Code   RO         5122    i.iic_start         iic.o
    0x0800e868   0x0800e868   0x0000002e   Code   RO         5123    i.iic_stop          iic.o
    0x0800e896   0x0800e896   0x00000042   Code   RO         5124    i.iic_wait_ack      iic.o
    0x0800e8d8   0x0800e8d8   0x00000028   Code   RO          317    i.inverse_level     stm32f4xx_it.o
    0x0800e900   0x0800e900   0x00000042   Code   RO         5350    i.ist8310_iic2_read_register  ist83102.o
    0x0800e942   0x0800e942   0x0000003e   Code   RO         5351    i.ist8310_iic2_write_register  ist83102.o
    0x0800e980   0x0800e980   0x00000042   Code   RO         5303    i.ist8310_iic_read_register  ist8310.o
    0x0800e9c2   0x0800e9c2   0x0000003e   Code   RO         5304    i.ist8310_iic_write_register  ist8310.o
    0x0800ea00   0x0800ea00   0x00000238   Code   RO         4060    i.key_check_d       key.o
    0x0800ec38   0x0800ec38   0x0000001c   Code   RO         4061    i.key_hw_config     key.o
    0x0800ec54   0x0800ec54   0x000000d4   Code   RO         4062    i.key_scan          key.o
    0x0800ed28   0x0800ed28   0x00000014   Code   RO          619    i.key_thread_variable_init  thread_key.o
    0x0800ed3c   0x0800ed3c   0x00000002   Code   RO         4063    i.key_variable_init  key.o
    0x0800ed3e   0x0800ed3e   0x00000002   PAD
    0x0800ed40   0x0800ed40   0x000001ac   Code   RO          720    i.label_2_gui_ram   thread_ui.o
    0x0800eeec   0x0800eeec   0x0000001a   Code   RO          721    i.label_add         thread_ui.o
    0x0800ef06   0x0800ef06   0x00000002   PAD
    0x0800ef08   0x0800ef08   0x000000b0   Code   RO          722    i.label_parse       thread_ui.o
    0x0800efb8   0x0800efb8   0x00000030   Code   RO         4335    i.lcd_address       lcd12864_io_spi.o
    0x0800efe8   0x0800efe8   0x0000001c   Code   RO          847    i.led_idle_indicate  mower_common.o
    0x0800f004   0x0800f004   0x000000d8   Code   RO        11145    i.list              cmd.o
    0x0800f0dc   0x0800f0dc   0x00000020   Code   RO         3318    i.list_date         rtc.o
    0x0800f0fc   0x0800f0fc   0x0000000c   Code   RO        11146    i.list_device       cmd.o
    0x0800f108   0x0800f108   0x0000000c   Code   RO        11147    i.list_event        cmd.o
    0x0800f114   0x0800f114   0x0000000c   Code   RO        11148    i.list_mailbox      cmd.o
    0x0800f120   0x0800f120   0x0000006c   Code   RO        13010    i.list_mem          mem.o
    0x0800f18c   0x0800f18c   0x0000000c   Code   RO        11149    i.list_mempool      cmd.o
    0x0800f198   0x0800f198   0x0000000c   Code   RO        11150    i.list_msgqueue     cmd.o
    0x0800f1a4   0x0800f1a4   0x0000000c   Code   RO        11151    i.list_mutex        cmd.o
    0x0800f1b0   0x0800f1b0   0x000001f0   Code   RO        11152    i.list_prefix       cmd.o
    0x0800f3a0   0x0800f3a0   0x0000000c   Code   RO        11153    i.list_sem          cmd.o
    0x0800f3ac   0x0800f3ac   0x0000000c   Code   RO        11154    i.list_thread       cmd.o
    0x0800f3b8   0x0800f3b8   0x0000000c   Code   RO        11155    i.list_timer        cmd.o
    0x0800f3c4   0x0800f3c4   0x00000140   Code   RO         4610    i.mag_cali_init     hardware.o
    0x0800f504   0x0800f504   0x00000120   Code   RO         1832    i.mag_ellipse_mapping  map_ellipse_mapping.o
    0x0800f624   0x0800f624   0x00000024   Code   RO         5305    i.mag_init          ist8310.o
    0x0800f648   0x0800f648   0x00000024   Code   RO         5352    i.mag_init2         ist83102.o
    0x0800f66c   0x0800f66c   0x0000001c   Code   RO         1941    i.mag_sensor_initial  motion_control.o
    0x0800f688   0x0800f688   0x0000000e   Code   RO          271    i.main              startup.o
    0x0800f696   0x0800f696   0x00000020   Code   RO        11889    i.make_sys_node     finsh_parser.o
    0x0800f6b6   0x0800f6b6   0x00000002   PAD
    0x0800f6b8   0x0800f6b8   0x00000134   Code   RO         1765    i.medianf           hampel.o
    0x0800f7ec   0x0800f7ec   0x00000020   Code   RO         5400    i.motor_brake       motor.o
    0x0800f80c   0x0800f80c   0x00000020   Code   RO         5401    i.motor_brake_release  motor.o
    0x0800f82c   0x0800f82c   0x00000100   Code   RO         5402    i.motor_gpio_configuration  motor.o
    0x0800f92c   0x0800f92c   0x00000012   Code   RO         5403    i.motor_init        motor.o
    0x0800f93e   0x0800f93e   0x00000002   PAD
    0x0800f940   0x0800f940   0x000000ac   Code   RO         5404    i.motor_pwm_configuration  motor.o
    0x0800f9ec   0x0800f9ec   0x000000e0   Code   RO         2248    i.movvarf           movvarf.o
    0x0800facc   0x0800facc   0x000001bc   Code   RO          525    i.mower_gps_thread  thread_gps.o
    0x0800fc88   0x0800fc88   0x0000014c   Code   RO         1106    i.mower_imu_thread  thread_imu.o
    0x0800fdd4   0x0800fdd4   0x000000b0   Code   RO         1188    i.mower_motion_thread  thread_motion.o
    0x0800fe84   0x0800fe84   0x0000002c   Code   RO         1286    i.mower_updata_thread  thread_updata.o
    0x0800feb0   0x0800feb0   0x0000000c   Code   RO         1314    i.mower_wireless_thread  thread_wireless.o
    0x0800febc   0x0800febc   0x0000008c   Code   RO         5579    i.mpu6500_gpio_configuration  mpu6500_spi.o
    0x0800ff48   0x0800ff48   0x0000003c   Code   RO         5580    i.mpu6500_spi_read_register  mpu6500_spi.o
    0x0800ff84   0x0800ff84   0x00000038   Code   RO         5581    i.mpu6500_spi_txrx  mpu6500_spi.o
    0x0800ffbc   0x0800ffbc   0x00000038   Code   RO         5582    i.mpu6500_spi_write_register  mpu6500_spi.o
    0x0800fff4   0x0800fff4   0x00000254   Code   RO         4611    i.mpu_bias_init     hardware.o
    0x08010248   0x08010248   0x000000a4   Code   RO         5583    i.mpu_init          mpu6500_spi.o
    0x080102ec   0x080102ec   0x0000030c   Code   RO         2285    i.mpu_preprocessing  imu_processing.o
    0x080105f8   0x080105f8   0x000000ac   Code   RO        12149    i.msh_auto_complete  msh.o
    0x080106a4   0x080106a4   0x00000010   Code   RO        12150    i.msh_enter         msh.o
    0x080106b4   0x080106b4   0x00000064   Code   RO        12151    i.msh_exec          msh.o
    0x08010718   0x08010718   0x0000000c   Code   RO        12152    i.msh_exit          msh.o
    0x08010724   0x08010724   0x00000078   Code   RO        12153    i.msh_help          msh.o
    0x0801079c   0x0801079c   0x0000000c   Code   RO        12154    i.msh_is_used       msh.o
    0x080107a8   0x080107a8   0x00000082   Code   RO        12155    i.msh_split         msh.o
    0x0801082a   0x0801082a   0x00000068   Code   RO         1766    i.nullAssignment    hampel.o
    0x08010892   0x08010892   0x00000002   PAD
    0x08010894   0x08010894   0x00000074   Code   RO         1880    i.odom_preprocessing  odom_preprocessing.o
    0x08010908   0x08010908   0x000000c4   Code   RO         1031    i.peripheral_hw_config  mower_hw_config.o
    0x080109cc   0x080109cc   0x000000e8   Code   RO        13011    i.plug_holes        mem.o
    0x08010ab4   0x08010ab4   0x0000002c   Code   RO          526    i.pos_init          thread_gps.o
    0x08010ae0   0x08010ae0   0x00000014   Code   RO         2478    i.posix_mq_system_init  mqueue.o
    0x08010af4   0x08010af4   0x00000018   Code   RO         3213    i.posix_sem_system_init  semaphore.o
    0x08010b0c   0x08010b0c   0x00000088   Code   RO         5660    i.power_control_init  power.o
    0x08010b94   0x08010b94   0x00000128   Code   RO        12822    i.print_number      kservice.o
    0x08010cbc   0x08010cbc   0x0000004c   Code   RO        11890    i.proc_additive_expr  finsh_parser.o
    0x08010d08   0x08010d08   0x00000038   Code   RO        11891    i.proc_and_expr     finsh_parser.o
    0x08010d40   0x08010d40   0x00000058   Code   RO        11892    i.proc_assign_expr  finsh_parser.o
    0x08010d98   0x08010d98   0x00000042   Code   RO        11893    i.proc_cast_expr    finsh_parser.o
    0x08010dda   0x08010dda   0x00000038   Code   RO        11894    i.proc_exclusive_or_expr  finsh_parser.o
    0x08010e12   0x08010e12   0x00000004   Code   RO        11895    i.proc_expr         finsh_parser.o
    0x08010e16   0x08010e16   0x00000032   Code   RO        11896    i.proc_expr_statement  finsh_parser.o
    0x08010e48   0x08010e48   0x0000002a   Code   RO        11897    i.proc_identifier   finsh_parser.o
    0x08010e72   0x08010e72   0x0000005a   Code   RO        11898    i.proc_multiplicative_expr  finsh_parser.o
    0x08010ecc   0x08010ecc   0x000000ac   Code   RO        11899    i.proc_postfix_expr  finsh_parser.o
    0x08010f78   0x08010f78   0x000000a8   Code   RO        11900    i.proc_primary_expr  finsh_parser.o
    0x08011020   0x08011020   0x0000004c   Code   RO        11901    i.proc_shift_expr   finsh_parser.o
    0x0801106c   0x0801106c   0x000000d2   Code   RO        11902    i.proc_type         finsh_parser.o
    0x0801113e   0x0801113e   0x0000009a   Code   RO        11903    i.proc_unary_expr   finsh_parser.o
    0x080111d8   0x080111d8   0x00000184   Code   RO        11904    i.proc_variable_decl  finsh_parser.o
    0x0801135c   0x0801135c   0x00000034   Code   RO         5797    i.process_left_sonar  sonar.o
    0x08011390   0x08011390   0x0000005c   Code   RO         5798    i.process_left_sonar_falling  sonar.o
    0x080113ec   0x080113ec   0x00000018   Code   RO         5799    i.process_left_sonar_rising  sonar.o
    0x08011404   0x08011404   0x00000034   Code   RO         5800    i.process_right_sonar  sonar.o
    0x08011438   0x08011438   0x0000005c   Code   RO         5801    i.process_right_sonar_falling  sonar.o
    0x08011494   0x08011494   0x00000018   Code   RO         5802    i.process_right_sonar_rising  sonar.o
    0x080114ac   0x080114ac   0x00000010   Code   RO         3139    i.pthread_key_system_init  pthread_tls.o
    0x080114bc   0x080114bc   0x00000016   Code   RO         2584    i.pthread_system_init  pthread.o
    0x080114d2   0x080114d2   0x00000002   PAD
    0x080114d4   0x080114d4   0x00000028   Code   RO         5405    i.pwm_ctrl_disable  motor.o
    0x080114fc   0x080114fc   0x0000001c   Code   RO         5406    i.pwm_ctrl_enable   motor.o
    0x08011518   0x08011518   0x00000166   Code   RO         1709    i.quat2eulf         quat2eulf.o
    0x0801167e   0x0801167e   0x00000072   Code   RO         2287    i.quat_norm         imu_processing.o
    0x080116f0   0x080116f0   0x00000002   Code   RO         4287    i.rainbow_led_hw_config  rainbow_led.o
    0x080116f2   0x080116f2   0x00000002   PAD
    0x080116f4   0x080116f4   0x00000018   Code   RO         4288    i.rainbow_led_variable_init  rainbow_led.o
    0x0801170c   0x0801170c   0x00000010   Code   RO         4922    i.reset_encoder     encoder.o
    0x0801171c   0x0801171c   0x00000010   Code   RO         4130    i.reset_front_bumper  bumper_front.o
    0x0801172c   0x0801172c   0x00000018   Code   RO         5407    i.reset_motor       motor.o
    0x08011744   0x08011744   0x0000007c   Code   RO         1462    i.reset_motor_control  motor_control.o
    0x080117c0   0x080117c0   0x00000010   Code   RO         4249    i.reset_wheel_up    wheel_up.o
    0x080117d0   0x080117d0   0x00000040   Code   RO         2288    i.rot_ele_update    imu_processing.o
    0x08011810   0x08011810   0x0000010c   Code   RO         2289    i.rot_update        imu_processing.o
    0x0801191c   0x0801191c   0x000000e4   Code   RO         2019    i.rotateAngle       motion_imu.o
    0x08011a00   0x08011a00   0x000001ac   Code   RO          453    i.rt_application_init  application.o
    0x08011bac   0x08011bac   0x0000006c   Code   RO        12823    i.rt_assert_handler  kservice.o
    0x08011c18   0x08011c18   0x00000068   Code   RO         3435    i.rt_completion_done  completion.o
    0x08011c80   0x08011c80   0x00000040   Code   RO         3436    i.rt_completion_init  completion.o
    0x08011cc0   0x08011cc0   0x00000134   Code   RO         3437    i.rt_completion_wait  completion.o
    0x08011df4   0x08011df4   0x0000000c   Code   RO        12825    i.rt_console_get_device  kservice.o
    0x08011e00   0x08011e00   0x00000028   Code   RO        12826    i.rt_console_set_device  kservice.o
    0x08011e28   0x08011e28   0x00000064   Code   RO         3468    i.rt_data_queue_init  dataqueue.o
    0x08011e8c   0x08011e8c   0x00000070   Code   RO         3469    i.rt_data_queue_peak  dataqueue.o
    0x08011efc   0x08011efc   0x000001ac   Code   RO         3470    i.rt_data_queue_pop  dataqueue.o
    0x080120a8   0x080120a8   0x0000014c   Code   RO         3471    i.rt_data_queue_push  dataqueue.o
    0x080121f4   0x080121f4   0x00000054   Code   RO         1342    i.rt_debug          debug.o
    0x08012248   0x08012248   0x00000058   Code   RO        12398    i.rt_device_close   device.o
    0x080122a0   0x080122a0   0x00000040   Code   RO        12399    i.rt_device_control  device.o
    0x080122e0   0x080122e0   0x00000050   Code   RO        12400    i.rt_device_find    device.o
    0x08012330   0x08012330   0x000000e0   Code   RO        12403    i.rt_device_open    device.o
    0x08012410   0x08012410   0x00000060   Code   RO        12404    i.rt_device_read    device.o
    0x08012470   0x08012470   0x00000032   Code   RO        12405    i.rt_device_register  device.o
    0x080124a2   0x080124a2   0x00000002   PAD
    0x080124a4   0x080124a4   0x00000030   Code   RO        12406    i.rt_device_set_rx_indicate  device.o
    0x080124d4   0x080124d4   0x00000060   Code   RO        12409    i.rt_device_write   device.o
    0x08012534   0x08012534   0x0000006c   Code   RO         5972    i.rt_drtc_hw_config  drtc.o
    0x080125a0   0x080125a0   0x0000001c   Code   RO        13264    i.rt_enter_critical  scheduler.o
    0x080125bc   0x080125bc   0x00000048   Code   RO        12536    i.rt_event_init     ipc.o
    0x08012604   0x08012604   0x000001bc   Code   RO        12537    i.rt_event_recv     ipc.o
    0x080127c0   0x080127c0   0x000000c0   Code   RO        12538    i.rt_event_send     ipc.o
    0x08012880   0x08012880   0x00000030   Code   RO        13265    i.rt_exit_critical  scheduler.o
    0x080128b0   0x080128b0   0x0000015c   Code   RO        13013    i.rt_free           mem.o
    0x08012a0c   0x08012a0c   0x00000030   Code   RO          176    i.rt_hw_board_init  board.o
    0x08012a3c   0x08012a3c   0x00000002   Code   RO        12829    i.rt_hw_console_output  kservice.o
    0x08012a3e   0x08012a3e   0x00000002   PAD
    0x08012a40   0x08012a40   0x00000108   Code   RO        11062    i.rt_hw_hard_fault_exception  cpuport.o
    0x08012b48   0x08012b48   0x00000064   Code   RO         4064    i.rt_hw_key_register  key.o
    0x08012bac   0x08012bac   0x000000d0   Code   RO         6031    i.rt_hw_rtc_init    stm32f4_rtc.o
    0x08012c7c   0x08012c7c   0x00000120   Code   RO         3378    i.rt_hw_serial_isr  serial.o
    0x08012d9c   0x08012d9c   0x0000007c   Code   RO         3379    i.rt_hw_serial_register  serial.o
    0x08012e18   0x08012e18   0x0000003c   Code   RO        11063    i.rt_hw_stack_init  cpuport.o
    0x08012e54   0x08012e54   0x000000a4   Code   RO          454    i.rt_init_thread_entry  application.o
    0x08012ef8   0x08012ef8   0x0000001c   Code   RO        12793    i.rt_interrupt_enter  irq.o
    0x08012f14   0x08012f14   0x0000000c   Code   RO        12794    i.rt_interrupt_get_nest  irq.o
    0x08012f20   0x08012f20   0x0000001c   Code   RO        12795    i.rt_interrupt_leave  irq.o
    0x08012f3c   0x08012f3c   0x0000000e   Code   RO        12539    i.rt_ipc_list_resume  ipc.o
    0x08012f4a   0x08012f4a   0x00000050   Code   RO        12541    i.rt_ipc_list_suspend  ipc.o
    0x08012f9a   0x08012f9a   0x00000010   Code   RO         4066    i.rt_key_init       key.o
    0x08012faa   0x08012faa   0x00000002   PAD
    0x08012fac   0x08012fac   0x00000048   Code   RO        12830    i.rt_kprintf        kservice.o
    0x08012ff4   0x08012ff4   0x0000000e   Code   RO        13161    i.rt_list_insert_after  object.o
    0x08013002   0x08013002   0x0000000e   Code   RO        13343    i.rt_list_insert_after  thread.o
    0x08013010   0x08013010   0x0000000e   Code   RO        13459    i.rt_list_insert_after  timer.o
    0x0801301e   0x0801301e   0x0000000e   Code   RO         3473    i.rt_list_insert_before  dataqueue.o
    0x0801302c   0x0801302c   0x0000000e   Code   RO        12542    i.rt_list_insert_before  ipc.o
    0x0801303a   0x0801303a   0x0000000e   Code   RO         3438    i.rt_list_isempty   completion.o
    0x08013048   0x08013048   0x0000000e   Code   RO         3474    i.rt_list_isempty   dataqueue.o
    0x08013056   0x08013056   0x0000000e   Code   RO        11156    i.rt_list_isempty   cmd.o
    0x08013064   0x08013064   0x0000000e   Code   RO        12543    i.rt_list_isempty   ipc.o
    0x08013072   0x08013072   0x0000000e   Code   RO        13460    i.rt_list_isempty   timer.o
    0x08013080   0x08013080   0x00000012   Code   RO        11157    i.rt_list_len       cmd.o
    0x08013092   0x08013092   0x00000012   Code   RO        13162    i.rt_list_remove    object.o
    0x080130a4   0x080130a4   0x00000012   Code   RO        13344    i.rt_list_remove    thread.o
    0x080130b6   0x080130b6   0x00000002   PAD
    0x080130b8   0x080130b8   0x000001f8   Code   RO        13015    i.rt_malloc         mem.o
    0x080132b0   0x080132b0   0x0000004a   Code   RO        12833    i.rt_memcpy         kservice.o
    0x080132fa   0x080132fa   0x0000002e   Code   RO        12834    i.rt_memmove        kservice.o
    0x08013328   0x08013328   0x00000044   Code   RO        12835    i.rt_memset         kservice.o
    0x0801336c   0x0801336c   0x000000a8   Code   RO        13163    i.rt_object_allocate  object.o
    0x08013414   0x08013414   0x00000094   Code   RO        13165    i.rt_object_delete  object.o
    0x080134a8   0x080134a8   0x00000050   Code   RO        13166    i.rt_object_detach  object.o
    0x080134f8   0x080134f8   0x00000048   Code   RO        13170    i.rt_object_init    object.o
    0x08013540   0x08013540   0x00000038   Code   RO        13171    i.rt_object_is_systemobject  object.o
    0x08013578   0x08013578   0x00000170   Code   RO         6032    i.rt_rtc_control    stm32f4_rtc.o
    0x080136e8   0x080136e8   0x00000004   Code   RO         6033    i.rt_rtc_open       stm32f4_rtc.o
    0x080136ec   0x080136ec   0x00000004   Code   RO         6034    i.rt_rtc_read       stm32f4_rtc.o
    0x080136f0   0x080136f0   0x0000006c   Code   RO        13266    i.rt_schedule       scheduler.o
    0x0801375c   0x0801375c   0x0000006c   Code   RO        13267    i.rt_schedule_insert_thread  scheduler.o
    0x080137c8   0x080137c8   0x00000070   Code   RO        13268    i.rt_schedule_remove_thread  scheduler.o
    0x08013838   0x08013838   0x00000048   Code   RO        12571    i.rt_sem_init       ipc.o
    0x08013880   0x08013880   0x0000004c   Code   RO        12572    i.rt_sem_release    ipc.o
    0x080138cc   0x080138cc   0x00000160   Code   RO        12573    i.rt_sem_take       ipc.o
    0x08013a2c   0x08013a2c   0x00000138   Code   RO         3380    i.rt_serial_close   serial.o
    0x08013b64   0x08013b64   0x00000060   Code   RO         3381    i.rt_serial_control  serial.o
    0x08013bc4   0x08013bc4   0x00000044   Code   RO         3382    i.rt_serial_init    serial.o
    0x08013c08   0x08013c08   0x000001a0   Code   RO         3383    i.rt_serial_open    serial.o
    0x08013da8   0x08013da8   0x0000009c   Code   RO         3384    i.rt_serial_read    serial.o
    0x08013e44   0x08013e44   0x0000011c   Code   RO         3385    i.rt_serial_write   serial.o
    0x08013f60   0x08013f60   0x00000020   Code   RO        12836    i.rt_set_errno      kservice.o
    0x08013f80   0x08013f80   0x000000b0   Code   RO        12837    i.rt_show_version   kservice.o
    0x08014030   0x08014030   0x00000010   Code   RO        12843    i.rt_strlen         kservice.o
    0x08014040   0x08014040   0x00000020   Code   RO        12844    i.rt_strncmp        kservice.o
    0x08014060   0x08014060   0x00000026   Code   RO        12845    i.rt_strncpy        kservice.o
    0x08014086   0x08014086   0x00000002   PAD
    0x08014088   0x08014088   0x00000104   Code   RO        13019    i.rt_system_heap_init  mem.o
    0x0801418c   0x0801418c   0x00000002   Code   RO        13175    i.rt_system_object_init  object.o
    0x0801418e   0x0801418e   0x00000002   PAD
    0x08014190   0x08014190   0x00000034   Code   RO        13270    i.rt_system_scheduler_init  scheduler.o
    0x080141c4   0x080141c4   0x00000028   Code   RO        13271    i.rt_system_scheduler_start  scheduler.o
    0x080141ec   0x080141ec   0x00000002   Code   RO        12360    i.rt_system_tick_init  clock.o
    0x080141ee   0x080141ee   0x00000002   PAD
    0x080141f0   0x080141f0   0x00000018   Code   RO        13461    i.rt_system_timer_init  timer.o
    0x08014208   0x08014208   0x00000002   Code   RO        13462    i.rt_system_timer_thread_init  timer.o
    0x0801420a   0x0801420a   0x00000048   Code   RO        13346    i.rt_thread_create  thread.o
    0x08014252   0x08014252   0x00000004   Code   RO        13347    i.rt_thread_delay   thread.o
    0x08014256   0x08014256   0x00000002   PAD
    0x08014258   0x08014258   0x00000058   Code   RO        13350    i.rt_thread_exit    thread.o
    0x080142b0   0x080142b0   0x00000018   Code   RO        12482    i.rt_thread_idle_entry  idle.o
    0x080142c8   0x080142c8   0x000000b4   Code   RO        12483    i.rt_thread_idle_excute  idle.o
    0x0801437c   0x0801437c   0x00000038   Code   RO        12484    i.rt_thread_idle_init  idle.o
    0x080143b4   0x080143b4   0x00000080   Code   RO        13352    i.rt_thread_init    thread.o
    0x08014434   0x08014434   0x00000060   Code   RO        13353    i.rt_thread_resume  thread.o
    0x08014494   0x08014494   0x0000000c   Code   RO        13354    i.rt_thread_self    thread.o
    0x080144a0   0x080144a0   0x00000068   Code   RO        13355    i.rt_thread_sleep   thread.o
    0x08014508   0x08014508   0x00000084   Code   RO        13356    i.rt_thread_startup  thread.o
    0x0801458c   0x0801458c   0x0000005c   Code   RO        13357    i.rt_thread_suspend  thread.o
    0x080145e8   0x080145e8   0x00000080   Code   RO        13358    i.rt_thread_timeout  thread.o
    0x08014668   0x08014668   0x0000005c   Code   RO        13359    i.rt_thread_yield   thread.o
    0x080146c4   0x080146c4   0x0000000c   Code   RO        12362    i.rt_tick_get       clock.o
    0x080146d0   0x080146d0   0x0000002c   Code   RO        12363    i.rt_tick_increase  clock.o
    0x080146fc   0x080146fc   0x0000007c   Code   RO        13463    i.rt_timer_check    timer.o
    0x08014778   0x08014778   0x00000060   Code   RO        13464    i.rt_timer_control  timer.o
    0x080147d8   0x080147d8   0x0000002e   Code   RO        13465    i.rt_timer_create   timer.o
    0x08014806   0x08014806   0x00000002   PAD
    0x08014808   0x08014808   0x00000044   Code   RO        13467    i.rt_timer_detach   timer.o
    0x0801484c   0x0801484c   0x00000050   Code   RO        13468    i.rt_timer_init     timer.o
    0x0801489c   0x0801489c   0x00000108   Code   RO        13470    i.rt_timer_start    timer.o
    0x080149a4   0x080149a4   0x00000064   Code   RO        13471    i.rt_timer_stop     timer.o
    0x08014a08   0x08014a08   0x00000250   Code   RO        12847    i.rt_vsnprintf      kservice.o
    0x08014c58   0x08014c58   0x00000078   Code   RO         6035    i.rtc_set           stm32f4_rtc.o
    0x08014cd0   0x08014cd0   0x00000054   Code   RO          272    i.rtthread_startup  startup.o
    0x08014d24   0x08014d24   0x00000978   Code   RO         1905    i.send_data         send_data.o
    0x0801569c   0x0801569c   0x00000060   Code   RO         3319    i.set_date          rtc.o
    0x080156fc   0x080156fc   0x00000018   Code   RO         5125    i.set_iic_scl       iic.o
    0x08015714   0x08015714   0x00000018   Code   RO         5126    i.set_iic_sda       iic.o
    0x0801572c   0x0801572c   0x00000024   Code   RO         1464    i.set_motor_control_speed_s32  motor_control.o
    0x08015750   0x08015750   0x0000000c   Code   RO         1465    i.set_motor_control_type  motor_control.o
    0x0801575c   0x0801575c   0x0000006c   Code   RO         5408    i.set_motor_pwm     motor.o
    0x080157c8   0x080157c8   0x00000058   Code   RO         3320    i.set_time          rtc.o
    0x08015820   0x08015820   0x0000002c   Code   RO        12263    i.shell_handle_history  shell.o
    0x0801584c   0x0801584c   0x00000084   Code   RO        12264    i.shell_push_history  shell.o
    0x080158d0   0x080158d0   0x00000078   Code   RO         6036    i.show_time         stm32f4_rtc.o
    0x08015948   0x08015948   0x00000030   Code   RO        11158    i.show_wait_queue   cmd.o
    0x08015978   0x08015978   0x00000028   Code   RO        12849    i.skip_atoi         kservice.o
    0x080159a0   0x080159a0   0x0000002c   Code   RO         4493    i.soft_timeout_1000ms  time_control.o
    0x080159cc   0x080159cc   0x00000020   Code   RO         4494    i.soft_timeout_100ms  time_control.o
    0x080159ec   0x080159ec   0x00000048   Code   RO         4495    i.soft_timeout_10ms  time_control.o
    0x08015a34   0x08015a34   0x00000068   Code   RO         5803    i.sonar_exti_configuration  sonar.o
    0x08015a9c   0x08015a9c   0x00000068   Code   RO         5804    i.sonar_gpio_configuration  sonar.o
    0x08015b04   0x08015b04   0x0000000e   Code   RO         5805    i.sonar_init        sonar.o
    0x08015b12   0x08015b12   0x00000002   PAD
    0x08015b14   0x08015b14   0x00000040   Code   RO         5806    i.sonar_launch      sonar.o
    0x08015b54   0x08015b54   0x0000006e   Code   RO        13814    i.sqrt              m_wm.l(sqrt.o)
    0x08015bc2   0x08015bc2   0x0000003e   Code   RO        13826    i.sqrtf             m_wm.l(sqrtf.o)
    0x08015c00   0x08015c00   0x000000b0   Code   RO         3998    i.stm32_configure   usart.o
    0x08015cb0   0x08015cb0   0x0000007c   Code   RO         3999    i.stm32_control     usart.o
    0x08015d2c   0x08015d2c   0x0000003c   Code   RO         4000    i.stm32_getc        usart.o
    0x08015d68   0x08015d68   0x000000ac   Code   RO         4001    i.stm32_hw_usart_init  usart.o
    0x08015e14   0x08015e14   0x0000003c   Code   RO         4002    i.stm32_putc        usart.o
    0x08015e50   0x08015e50   0x00000014   Code   RO         2020    i.stop              motion_imu.o
    0x08015e64   0x08015e64   0x0000001a   Code   RO        11159    i.str_common        cmd.o
    0x08015e7e   0x08015e7e   0x0000001a   Code   RO        11160    i.str_is_prefix     cmd.o
    0x08015e98   0x08015e98   0x00000084   Code   RO          848    i.sys_power_control  mower_common.o
    0x08015f1c   0x08015f1c   0x0000001c   Code   RO          849    i.sys_power_control_delaly  mower_common.o
    0x08015f38   0x08015f38   0x0000003a   Code   RO          675    i.systick_us_delay  delay.o
    0x08015f72   0x08015f72   0x0000001a   Code   RO          724    i.text_box_add      thread_ui.o
    0x08015f8c   0x08015f8c   0x000000a0   Code   RO          727    i.text_box_parse    thread_ui.o
    0x0801602c   0x0801602c   0x00000044   Code   RO         3321    i.time              rtc.o
    0x08016070   0x08016070   0x00000068   Code   RO         4496    i.time_control_clock_init  time_control.o
    0x080160d8   0x080160d8   0x0000007c   Code   RO         4499    i.time_event        time_control.o
    0x08016154   0x08016154   0x00000064   Code   RO        11991    i.token_get_string  finsh_token.o
    0x080161b8   0x080161b8   0x00000038   Code   RO        11992    i.token_next_char   finsh_token.o
    0x080161f0   0x080161f0   0x00000012   Code   RO        11993    i.token_prev_char   finsh_token.o
    0x08016202   0x08016202   0x0000008e   Code   RO        11994    i.token_proc_char   finsh_token.o
    0x08016290   0x08016290   0x000000a8   Code   RO        11995    i.token_proc_escape  finsh_token.o
    0x08016338   0x08016338   0x000000ee   Code   RO        11996    i.token_proc_number  finsh_token.o
    0x08016426   0x08016426   0x00000002   PAD
    0x08016428   0x08016428   0x000001b8   Code   RO        11997    i.token_run         finsh_token.o
    0x080165e0   0x080165e0   0x00000070   Code   RO        11998    i.token_spec_number  finsh_token.o
    0x08016650   0x08016650   0x00000100   Code   RO         2021    i.trackPoint        motion_imu.o
    0x08016750   0x08016750   0x0000004c   Code   RO         4341    i.transfer_command  lcd12864_io_spi.o
    0x0801679c   0x0801679c   0x0000004c   Code   RO         4342    i.transfer_data     lcd12864_io_spi.o
    0x080167e8   0x080167e8   0x00000100   Code   RO          527    i.trapping_detect   thread_gps.o
    0x080168e8   0x080168e8   0x000000d4   Code   RO         5882    i.uart_emsensor_init  usart_driver.o
    0x080169bc   0x080169bc   0x0000037c   Code   RO          528    i.ubx_nav_pvt       thread_gps.o
    0x08016d38   0x08016d38   0x00000018   Code   RO         4612    i.update_all_sensors  hardware.o
    0x08016d50   0x08016d50   0x00000026   Code   RO          529    i.update_iter       thread_gps.o
    0x08016d76   0x08016d76   0x00000002   PAD
    0x08016d78   0x08016d78   0x00000028   Code   RO         4923    i.update_left_encoder  encoder.o
    0x08016da0   0x08016da0   0x00000088   Code   RO         5306    i.update_mag        ist8310.o
    0x08016e28   0x08016e28   0x00000088   Code   RO         5353    i.update_mag2       ist83102.o
    0x08016eb0   0x08016eb0   0x00000048   Code   RO         1468    i.update_motor_control  motor_control.o
    0x08016ef8   0x08016ef8   0x00000024   Code   RO         5409    i.update_motor_current  motor.o
    0x08016f1c   0x08016f1c   0x00000028   Code   RO         4924    i.update_right_encoder  encoder.o
    0x08016f44   0x08016f44   0x000000b8   Code   RO         5883    i.usart_bms_init    usart_driver.o
    0x08016ffc   0x08016ffc   0x000000d8   Code   RO         5887    i.usart_gps_init    usart_driver.o
    0x080170d4   0x080170d4   0x00000016   Code   RO         5888    i.usart_send_byte   usart_driver.o
    0x080170ea   0x080170ea   0x00000012   Code   RO         5889    i.usarts_init       usart_driver.o
    0x080170fc   0x080170fc   0x00000026   Code   RO         2249    i.var               movvarf.o
    0x08017122   0x08017122   0x0000000a   Code   RO        11161    i.version           cmd.o
    0x0801712c   0x0801712c   0x00000048   Code   RO         4250    i.wheel_up_init     wheel_up.o
    0x08017174   0x08017174   0x00000044   Code   RO          855    i.work_pattern_switch  mower_common.o
    0x080171b8   0x080171b8   0x00000014   Code   RO         2291    i.yaw_init          imu_processing.o
    0x080171cc   0x080171cc   0x0000002c   Code   RO        13962    locale$$code        c_w.l(lc_ctype_c.o)
    0x080171f8   0x080171f8   0x0000002c   Code   RO        13965    locale$$code        c_w.l(lc_time_c.o)
    0x08017224   0x08017224   0x0000002c   Code   RO        14203    locale$$code        c_w.l(lc_numeric_c.o)
    0x08017250   0x08017250   0x00000018   Code   RO        13642    x$fpl$basic         fz_wm.l(basic.o)
    0x08017268   0x08017268   0x00000062   Code   RO        13644    x$fpl$d2f           fz_wm.l(d2f.o)
    0x080172ca   0x080172ca   0x00000002   PAD
    0x080172cc   0x080172cc   0x00000150   Code   RO        13646    x$fpl$dadd          fz_wm.l(daddsub_clz.o)
    0x0801741c   0x0801741c   0x00000018   Code   RO        13856    x$fpl$dcmpinf       fz_wm.l(dcmpi.o)
    0x08017434   0x08017434   0x000002b0   Code   RO        13653    x$fpl$ddiv          fz_wm.l(ddiv.o)
    0x080176e4   0x080176e4   0x0000005e   Code   RO        13656    x$fpl$dfix          fz_wm.l(dfix.o)
    0x08017742   0x08017742   0x0000002e   Code   RO        13665    x$fpl$dflt          fz_wm.l(dflt_clz.o)
    0x08017770   0x08017770   0x00000026   Code   RO        13664    x$fpl$dfltu         fz_wm.l(dflt_clz.o)
    0x08017796   0x08017796   0x00000002   PAD
    0x08017798   0x08017798   0x0000008a   Code   RO        13671    x$fpl$dfltull       fz_wm.l(dfltll_clz.o)
    0x08017822   0x08017822   0x00000002   PAD
    0x08017824   0x08017824   0x00000078   Code   RO        13674    x$fpl$dleqf         fz_wm.l(dleqf.o)
    0x0801789c   0x0801789c   0x00000154   Code   RO        13676    x$fpl$dmul          fz_wm.l(dmul.o)
    0x080179f0   0x080179f0   0x0000009c   Code   RO        13860    x$fpl$dnaninf       fz_wm.l(dnaninf.o)
    0x08017a8c   0x08017a8c   0x0000000c   Code   RO        13862    x$fpl$dretinf       fz_wm.l(dretinf.o)
    0x08017a98   0x08017a98   0x0000006c   Code   RO        13678    x$fpl$drleqf        fz_wm.l(drleqf.o)
    0x08017b04   0x08017b04   0x00000016   Code   RO        13647    x$fpl$drsb          fz_wm.l(daddsub_clz.o)
    0x08017b1a   0x08017b1a   0x00000002   PAD
    0x08017b1c   0x08017b1c   0x00000198   Code   RO        13864    x$fpl$dsqrt         fz_wm.l(dsqrt_umaal.o)
    0x08017cb4   0x08017cb4   0x000001d4   Code   RO        13648    x$fpl$dsub          fz_wm.l(daddsub_clz.o)
    0x08017e88   0x08017e88   0x00000056   Code   RO        13680    x$fpl$f2d           fz_wm.l(f2d.o)
    0x08017ede   0x08017ede   0x00000060   Code   RO        13682    x$fpl$ffltll        fz_wm.l(ffltll_clz.o)
    0x08017f3e   0x08017f3e   0x0000008c   Code   RO        13866    x$fpl$fnaninf       fz_wm.l(fnaninf.o)
    0x08017fca   0x08017fca   0x0000000a   Code   RO        14168    x$fpl$fpinit        fz_wm.l(fpinit.o)
    0x08017fd4   0x08017fd4   0x0000000a   Code   RO        13868    x$fpl$fretinf       fz_wm.l(fretinf.o)
    0x08017fde   0x08017fde   0x00000004   Code   RO        14125    x$fpl$printf1       fz_wm.l(printf1.o)
    0x08017fe2   0x08017fe2   0x00000004   Code   RO        14127    x$fpl$printf2       fz_wm.l(printf2.o)
    0x08017fe6   0x08017fe6   0x00000000   Code   RO        13872    x$fpl$usenofp       fz_wm.l(usenofp.o)
    0x08017fe6   0x08017fe6   0x00000002   PAD
    0x08017fe8   0x08017fe8   0x00000048   Data   RO          533    .constdata          thread_gps.o
    0x08018030   0x08018030   0x00000048   Data   RO         1109    .constdata          thread_imu.o
    0x08018078   0x08018078   0x0000008e   Data   RO         1543    .constdata          ekf7_gps6_mu.o
    0x08018106   0x08018106   0x0000005b   Data   RO         1585    .constdata          ekf7_odom_mu.o
    0x08018161   0x08018161   0x00000003   PAD
    0x08018164   0x08018164   0x0000003d   Data   RO         1610    .constdata          ekf7_tu.o
    0x080181a1   0x080181a1   0x00000010   Data   RO         1685    .constdata          mu_att_ekf.o
    0x080181b1   0x080181b1   0x00000020   Data   RO         1735    .constdata          tu_att_ekf.o
    0x080181d1   0x080181d1   0x00000003   Data   RO         2293    .constdata          imu_processing.o
    0x080181d4   0x080181d4   0x000000d3   Data   RO         3386    .constdata          serial.o
    0x080182a7   0x080182a7   0x00000039   Data   RO         3439    .constdata          completion.o
    0x080182e0   0x080182e0   0x0000004b   Data   RO         3475    .constdata          dataqueue.o
    0x0801832b   0x0801832b   0x00000001   PAD
    0x0801832c   0x0801832c   0x00000050   Data   RO         4004    .constdata          usart.o
    0x0801837c   0x0801837c   0x00000013   Data   RO         4069    .constdata          key.o
    0x0801838f   0x0801838f   0x00000833   Data   RO         4344    .constdata          lcd12864_io_spi.o
    0x08018bc2   0x08018bc2   0x0000023a   Data   RO         4345    .constdata          lcd12864_io_spi.o
    0x08018dfc   0x08018dfc   0x0000000f   Data   RO         6038    .constdata          stm32f4_rtc.o
    0x08018e0b   0x08018e0b   0x00000001   PAD
    0x08018e0c   0x08018e0c   0x00000050   Data   RO        11162    .constdata          cmd.o
    0x08018e5c   0x08018e5c   0x000000c4   Data   RO        11635    .constdata          finsh_ops.o
    0x08018f20   0x08018f20   0x00000040   Data   RO        11999    .constdata          finsh_token.o
    0x08018f60   0x08018f60   0x0000000e   Data   RO        12156    .constdata          msh.o
    0x08018f6e   0x08018f6e   0x00000060   Data   RO        12266    .constdata          shell.o
    0x08018fce   0x08018fce   0x000000a8   Data   RO        12410    .constdata          device.o
    0x08019076   0x08019076   0x00000016   Data   RO        12487    .constdata          idle.o
    0x0801908c   0x0801908c   0x000001d7   Data   RO        12575    .constdata          ipc.o
    0x08019263   0x08019263   0x00000122   Data   RO        12851    .constdata          kservice.o
    0x08019385   0x08019385   0x00000046   Data   RO        13021    .constdata          mem.o
    0x080193cb   0x080193cb   0x0000005e   Data   RO        13176    .constdata          object.o
    0x08019429   0x08019429   0x0000004e   Data   RO        13273    .constdata          scheduler.o
    0x08019477   0x08019477   0x000000aa   Data   RO        13360    .constdata          thread.o
    0x08019521   0x08019521   0x0000005c   Data   RO        13473    .constdata          timer.o
    0x0801957d   0x0801957d   0x00000003   PAD
    0x08019580   0x08019580   0x00000050   Data   RO        13699    .constdata          m_wm.l(asin.o)
    0x080195d0   0x080195d0   0x00000098   Data   RO        13713    .constdata          m_wm.l(atan.o)
    0x08019668   0x08019668   0x0000000c   Data   RO        13853    .constdata          c_w.l(_monlen.o)
    0x08019674   0x08019674   0x00000004   PAD
    0x08019678   0x08019678   0x00000030   Data   RO        13874    .constdata          m_wm.l(cos_i.o)
    0x080196a8   0x080196a8   0x00000008   Data   RO        13910    .constdata          m_wm.l(qnan.o)
    0x080196b0   0x080196b0   0x000000c8   Data   RO        13913    .constdata          m_wm.l(rred.o)
    0x08019778   0x08019778   0x00000028   Data   RO        13917    .constdata          m_wm.l(sin_i.o)
    0x080197a0   0x080197a0   0x00000008   Data   RO        14002    .constdata          c_w.l(_printf_wctomb.o)
    0x080197a8   0x080197a8   0x00000028   Data   RO        14031    .constdata          c_w.l(_printf_hex_int_ll_ptr.o)
    0x080197d0   0x080197d0   0x00000011   Data   RO        14051    .constdata          c_w.l(__printf_flags_ss_wp.o)
    0x080197e1   0x080197e1   0x00000026   Data   RO        14151    .constdata          c_w.l(_printf_fp_hex.o)
    0x08019807   0x08019807   0x00000001   PAD
    0x08019808   0x08019808   0x00000094   Data   RO        14178    .constdata          c_w.l(bigflt0.o)
    0x0801989c   0x0801989c   0x000001ad   Data   RO        11163    .conststring        cmd.o
    0x08019a49   0x08019a49   0x00000003   PAD
    0x08019a4c   0x08019a4c   0x000000f3   Data   RO        11421    .conststring        finsh_error.o
    0x08019b3f   0x08019b3f   0x00000001   PAD
    0x08019b40   0x08019b40   0x0000003e   Data   RO        12000    .conststring        finsh_token.o
    0x08019b7e   0x08019b7e   0x00000002   PAD
    0x08019b80   0x08019b80   0x000000ed   Data   RO        13022    .conststring        mem.o
    0x08019c6d   0x08019c6d   0x0000000a   Data   RO         3323    .rodata.name        rtc.o
    0x08019c77   0x08019c77   0x00000014   Data   RO         3324    .rodata.name        rtc.o
    0x08019c8b   0x08019c8b   0x00000009   Data   RO         3325    .rodata.name        rtc.o
    0x08019c94   0x08019c94   0x00000023   Data   RO         3326    .rodata.name        rtc.o
    0x08019cb7   0x08019cb7   0x00000009   Data   RO         3327    .rodata.name        rtc.o
    0x08019cc0   0x08019cc0   0x00000022   Data   RO         3328    .rodata.name        rtc.o
    0x08019ce2   0x08019ce2   0x0000000a   Data   RO         6039    .rodata.name        stm32f4_rtc.o
    0x08019cec   0x08019cec   0x00000013   Data   RO         6040    .rodata.name        stm32f4_rtc.o
    0x08019cff   0x08019cff   0x00000008   Data   RO         6041    .rodata.name        stm32f4_rtc.o
    0x08019d07   0x08019d07   0x0000000a   Data   RO         6042    .rodata.name        stm32f4_rtc.o
    0x08019d11   0x08019d11   0x00000006   Data   RO        11165    .rodata.name        cmd.o
    0x08019d17   0x08019d17   0x00000010   Data   RO        11166    .rodata.name        cmd.o
    0x08019d27   0x08019d27   0x00000008   Data   RO        11167    .rodata.name        cmd.o
    0x08019d2f   0x08019d2f   0x00000023   Data   RO        11168    .rodata.name        cmd.o
    0x08019d52   0x08019d52   0x0000000e   Data   RO        11169    .rodata.name        cmd.o
    0x08019d60   0x08019d60   0x00000023   Data   RO        11170    .rodata.name        cmd.o
    0x08019d83   0x08019d83   0x0000000c   Data   RO        11171    .rodata.name        cmd.o
    0x08019d8f   0x08019d8f   0x0000000c   Data   RO        11172    .rodata.name        cmd.o
    0x08019d9b   0x08019d9b   0x00000012   Data   RO        11173    .rodata.name        cmd.o
    0x08019dad   0x08019dad   0x0000000c   Data   RO        11174    .rodata.name        cmd.o
    0x08019db9   0x08019db9   0x00000009   Data   RO        11175    .rodata.name        cmd.o
    0x08019dc2   0x08019dc2   0x00000019   Data   RO        11176    .rodata.name        cmd.o
    0x08019ddb   0x08019ddb   0x0000000f   Data   RO        11177    .rodata.name        cmd.o
    0x08019dea   0x08019dea   0x00000019   Data   RO        11178    .rodata.name        cmd.o
    0x08019e03   0x08019e03   0x0000000b   Data   RO        11179    .rodata.name        cmd.o
    0x08019e0e   0x08019e0e   0x00000015   Data   RO        11180    .rodata.name        cmd.o
    0x08019e23   0x08019e23   0x00000011   Data   RO        11181    .rodata.name        cmd.o
    0x08019e34   0x08019e34   0x00000015   Data   RO        11182    .rodata.name        cmd.o
    0x08019e49   0x08019e49   0x0000000b   Data   RO        11183    .rodata.name        cmd.o
    0x08019e54   0x08019e54   0x00000015   Data   RO        11184    .rodata.name        cmd.o
    0x08019e69   0x08019e69   0x00000011   Data   RO        11185    .rodata.name        cmd.o
    0x08019e7a   0x08019e7a   0x00000015   Data   RO        11186    .rodata.name        cmd.o
    0x08019e8f   0x08019e8f   0x0000000d   Data   RO        11187    .rodata.name        cmd.o
    0x08019e9c   0x08019e9c   0x00000018   Data   RO        11188    .rodata.name        cmd.o
    0x08019eb4   0x08019eb4   0x00000013   Data   RO        11189    .rodata.name        cmd.o
    0x08019ec7   0x08019ec7   0x00000018   Data   RO        11190    .rodata.name        cmd.o
    0x08019edf   0x08019edf   0x0000000e   Data   RO        11191    .rodata.name        cmd.o
    0x08019eed   0x08019eed   0x0000001d   Data   RO        11192    .rodata.name        cmd.o
    0x08019f0a   0x08019f0a   0x00000014   Data   RO        11193    .rodata.name        cmd.o
    0x08019f1e   0x08019f1e   0x0000001d   Data   RO        11194    .rodata.name        cmd.o
    0x08019f3b   0x08019f3b   0x0000000d   Data   RO        11195    .rodata.name        cmd.o
    0x08019f48   0x08019f48   0x0000001b   Data   RO        11196    .rodata.name        cmd.o
    0x08019f63   0x08019f63   0x00000013   Data   RO        11197    .rodata.name        cmd.o
    0x08019f76   0x08019f76   0x0000001b   Data   RO        11198    .rodata.name        cmd.o
    0x08019f91   0x08019f91   0x0000000b   Data   RO        11199    .rodata.name        cmd.o
    0x08019f9c   0x08019f9c   0x00000015   Data   RO        11200    .rodata.name        cmd.o
    0x08019fb1   0x08019fb1   0x00000011   Data   RO        11201    .rodata.name        cmd.o
    0x08019fc2   0x08019fc2   0x00000015   Data   RO        11202    .rodata.name        cmd.o
    0x08019fd7   0x08019fd7   0x0000000c   Data   RO        11203    .rodata.name        cmd.o
    0x08019fe3   0x08019fe3   0x00000016   Data   RO        11204    .rodata.name        cmd.o
    0x08019ff9   0x08019ff9   0x00000012   Data   RO        11205    .rodata.name        cmd.o
    0x0801a00b   0x0801a00b   0x00000016   Data   RO        11206    .rodata.name        cmd.o
    0x0801a021   0x0801a021   0x00000005   Data   RO        11207    .rodata.name        cmd.o
    0x0801a026   0x0801a026   0x0000001a   Data   RO        11208    .rodata.name        cmd.o
    0x0801a040   0x0801a040   0x00000006   Data   RO        11209    .rodata.name        cmd.o
    0x0801a046   0x0801a046   0x00000019   Data   RO        11210    .rodata.name        cmd.o
    0x0801a05f   0x0801a05f   0x0000000b   Data   RO        12158    .rodata.name        msh.o
    0x0801a06a   0x0801a06a   0x00000020   Data   RO        12159    .rodata.name        msh.o
    0x0801a08a   0x0801a08a   0x00000004   Data   RO        12160    .rodata.name        msh.o
    0x0801a08e   0x0801a08e   0x00000011   Data   RO        12161    .rodata.name        msh.o
    0x0801a09f   0x0801a09f   0x0000000b   Data   RO        12162    .rodata.name        msh.o
    0x0801a0aa   0x0801a0aa   0x00000016   Data   RO        12163    .rodata.name        msh.o
    0x0801a0c0   0x0801a0c0   0x00000009   Data   RO        12220    .rodata.name        msh_cmd.o
    0x0801a0c9   0x0801a0c9   0x0000001c   Data   RO        12221    .rodata.name        msh_cmd.o
    0x0801a0e5   0x0801a0e5   0x0000000b   Data   RO        12222    .rodata.name        msh_cmd.o
    0x0801a0f0   0x0801a0f0   0x0000001b   Data   RO        12223    .rodata.name        msh_cmd.o
    0x0801a10b   0x0801a10b   0x0000000b   Data   RO        12224    .rodata.name        msh_cmd.o
    0x0801a116   0x0801a116   0x00000025   Data   RO        12225    .rodata.name        msh_cmd.o
    0x0801a13b   0x0801a13b   0x00000009   Data   RO        13024    .rodata.name        mem.o
    0x0801a144   0x0801a144   0x0000001e   Data   RO        13025    .rodata.name        mem.o
    0x0801a162   0x0801a162   0x00000002   PAD
    0x0801a164   0x0801a164   0x0000000c   Data   RO         3329    FSymTab             rtc.o
    0x0801a170   0x0801a170   0x0000000c   Data   RO         3330    FSymTab             rtc.o
    0x0801a17c   0x0801a17c   0x0000000c   Data   RO         3331    FSymTab             rtc.o
    0x0801a188   0x0801a188   0x0000000c   Data   RO         6043    FSymTab             stm32f4_rtc.o
    0x0801a194   0x0801a194   0x0000000c   Data   RO         6044    FSymTab             stm32f4_rtc.o
    0x0801a1a0   0x0801a1a0   0x0000000c   Data   RO        11211    FSymTab             cmd.o
    0x0801a1ac   0x0801a1ac   0x0000000c   Data   RO        11212    FSymTab             cmd.o
    0x0801a1b8   0x0801a1b8   0x0000000c   Data   RO        11213    FSymTab             cmd.o
    0x0801a1c4   0x0801a1c4   0x0000000c   Data   RO        11214    FSymTab             cmd.o
    0x0801a1d0   0x0801a1d0   0x0000000c   Data   RO        11215    FSymTab             cmd.o
    0x0801a1dc   0x0801a1dc   0x0000000c   Data   RO        11216    FSymTab             cmd.o
    0x0801a1e8   0x0801a1e8   0x0000000c   Data   RO        11217    FSymTab             cmd.o
    0x0801a1f4   0x0801a1f4   0x0000000c   Data   RO        11218    FSymTab             cmd.o
    0x0801a200   0x0801a200   0x0000000c   Data   RO        11219    FSymTab             cmd.o
    0x0801a20c   0x0801a20c   0x0000000c   Data   RO        11220    FSymTab             cmd.o
    0x0801a218   0x0801a218   0x0000000c   Data   RO        11221    FSymTab             cmd.o
    0x0801a224   0x0801a224   0x0000000c   Data   RO        11222    FSymTab             cmd.o
    0x0801a230   0x0801a230   0x0000000c   Data   RO        11223    FSymTab             cmd.o
    0x0801a23c   0x0801a23c   0x0000000c   Data   RO        11224    FSymTab             cmd.o
    0x0801a248   0x0801a248   0x0000000c   Data   RO        11225    FSymTab             cmd.o
    0x0801a254   0x0801a254   0x0000000c   Data   RO        11226    FSymTab             cmd.o
    0x0801a260   0x0801a260   0x0000000c   Data   RO        11227    FSymTab             cmd.o
    0x0801a26c   0x0801a26c   0x0000000c   Data   RO        11228    FSymTab             cmd.o
    0x0801a278   0x0801a278   0x0000000c   Data   RO        11229    FSymTab             cmd.o
    0x0801a284   0x0801a284   0x0000000c   Data   RO        11230    FSymTab             cmd.o
    0x0801a290   0x0801a290   0x0000000c   Data   RO        11231    FSymTab             cmd.o
    0x0801a29c   0x0801a29c   0x0000000c   Data   RO        11232    FSymTab             cmd.o
    0x0801a2a8   0x0801a2a8   0x0000000c   Data   RO        12164    FSymTab             msh.o
    0x0801a2b4   0x0801a2b4   0x0000000c   Data   RO        12165    FSymTab             msh.o
    0x0801a2c0   0x0801a2c0   0x0000000c   Data   RO        12166    FSymTab             msh.o
    0x0801a2cc   0x0801a2cc   0x0000000c   Data   RO        12226    FSymTab             msh_cmd.o
    0x0801a2d8   0x0801a2d8   0x0000000c   Data   RO        12227    FSymTab             msh_cmd.o
    0x0801a2e4   0x0801a2e4   0x0000000c   Data   RO        12228    FSymTab             msh_cmd.o
    0x0801a2f0   0x0801a2f0   0x0000000c   Data   RO        13026    FSymTab             mem.o
    0x0801a2fc   0x0801a2fc   0x00000020   Data   RO        14256    Region$$Table       anon$$obj.o
    0x0801a31c   0x0801a31c   0x00000010   Data   RO        11233    VSymTab             cmd.o
    0x0801a32c   0x0801a32c   0x00000110   Data   RO        13961    locale$$data        c_w.l(lc_ctype_c.o)
    0x0801a43c   0x0801a43c   0x00000180   Data   RO        13964    locale$$data        c_w.l(lc_time_c.o)
    0x0801a5bc   0x0801a5bc   0x0000001c   Data   RO        14202    locale$$data        c_w.l(lc_numeric_c.o)


    Execution Region RW_IRAM1 (Exec base: 0x20000000, Load base: 0x0801a5d8, Size: 0x00007910, Max: 0x00030000, ABSOLUTE, COMPRESSED[0x000000e8])

    Exec Addr    Load Addr    Size         Type   Attr      Idx    E Section Name        Object

    0x20000000   COMPRESSED   0x00000014   Data   RW           16    .data               system_stm32f4xx.o
    0x20000014   COMPRESSED   0x0000000c   Data   RW          319    .data               stm32f4xx_it.o
    0x20000020   COMPRESSED   0x000000dc   Data   RW          534    .data               thread_gps.o
    0x200000fc   COMPRESSED   0x0000000c   Data   RW          623    .data               thread_key.o
    0x20000108   COMPRESSED   0x00000008   Data   RW          732    .data               thread_ui.o
    0x20000110   COMPRESSED   0x00000002   Data   RW          859    .data               mower_common.o
    0x20000112   COMPRESSED   0x00000002   PAD
    0x20000114   COMPRESSED   0x00000004   Data   RW         1110    .data               thread_imu.o
    0x20000118   COMPRESSED   0x00000004   Data   RW         1111    .data               thread_imu.o
    0x2000011c   COMPRESSED   0x00000004   Data   RW         1112    .data               thread_imu.o
    0x20000120   COMPRESSED   0x00000058   Data   RW         1113    .data               thread_imu.o
    0x20000178   COMPRESSED   0x00000004   Data   RW         1192    .data               thread_motion.o
    0x2000017c   COMPRESSED   0x00000004   Data   RW         1344    .data               debug.o
    0x20000180   COMPRESSED   0x00000008   Data   RW         1881    .data               odom_preprocessing.o
    0x20000188   COMPRESSED   0x0000001c   Data   RW         1943    .data               motion_control.o
    0x200001a4   COMPRESSED   0x0000002c   Data   RW         2022    .data               motion_imu.o
    0x200001d0   COMPRESSED   0x00000001   Data   RW         2294    .data               imu_processing.o
    0x200001d1   COMPRESSED   0x00000003   PAD
    0x200001d4   COMPRESSED   0x00000008   Data   RW         2411    .data               clock_time.o
    0x200001dc   COMPRESSED   0x00000004   Data   RW         3322    .data               rtc.o
    0x200001e0   COMPRESSED   0x00000008   Data   RW         4005    .data               usart.o
    0x200001e8   COMPRESSED   0x00000018   Data   RW         4070    .data               key.o
    0x20000200   COMPRESSED   0x00000003   Data   RW         4131    .data               bumper_front.o
    0x20000203   COMPRESSED   0x00000003   Data   RW         4251    .data               wheel_up.o
    0x20000206   COMPRESSED   0x00000002   PAD
    0x20000208   COMPRESSED   0x00000050   Data   RW         4502    .data               time_control.o
    0x20000258   COMPRESSED   0x0000000c   Data   RW         4618    .data               hardware.o
    0x20000264   COMPRESSED   0x00000004   Data   RW         4619    .data               hardware.o
    0x20000268   COMPRESSED   0x00000004   Data   RW         4620    .data               hardware.o
    0x2000026c   COMPRESSED   0x00000008   Data   RW         4820    .data               beep.o
    0x20000274   COMPRESSED   0x00000034   Data   RW         4925    .data               encoder.o
    0x200002a8   COMPRESSED   0x00000008   Data   RW         5307    .data               ist8310.o
    0x200002b0   COMPRESSED   0x00000008   Data   RW         5354    .data               ist83102.o
    0x200002b8   COMPRESSED   0x00000040   Data   RW         5807    .data               sonar.o
    0x200002f8   COMPRESSED   0x0000000c   Data   RW         5891    .data               usart_driver.o
    0x20000304   COMPRESSED   0x00000001   Data   RW         6109    .data               icm20602.o
    0x20000305   COMPRESSED   0x00000010   Data   RW         8916    .data               stm32f4xx_rcc.o
    0x20000315   COMPRESSED   0x00000003   PAD
    0x20000318   COMPRESSED   0x00000004   Data   RW        11065    .data               cpuport.o
    0x2000031c   COMPRESSED   0x00000004   Data   RW        11066    .data               cpuport.o
    0x20000320   COMPRESSED   0x00000004   Data   RW        11067    .data               cpuport.o
    0x20000324   COMPRESSED   0x00000004   Data   RW        11068    .data               cpuport.o
    0x20000328   COMPRESSED   0x00000004   Data   RW        11164    .data               cmd.o
    0x2000032c   COMPRESSED   0x00000008   Data   RW        11373    .data               finsh_compiler.o
    0x20000334   COMPRESSED   0x00000040   Data   RW        11422    .data               finsh_error.o
    0x20000374   COMPRESSED   0x00000008   Data   RW        11458    .data               finsh_heap.o
    0x2000037c   COMPRESSED   0x00000004   Data   RW        12063    .data               finsh_var.o
    0x20000380   COMPRESSED   0x0000000c   Data   RW        12113    .data               finsh_vm.o
    0x2000038c   COMPRESSED   0x00000004   Data   RW        12157    .data               msh.o
    0x20000390   COMPRESSED   0x00000004   Data   RW        12267    .data               shell.o
    0x20000394   COMPRESSED   0x00000004   Data   RW        12338    .data               symbol.o
    0x20000398   COMPRESSED   0x00000004   Data   RW        12339    .data               symbol.o
    0x2000039c   COMPRESSED   0x00000004   Data   RW        12340    .data               symbol.o
    0x200003a0   COMPRESSED   0x00000004   Data   RW        12341    .data               symbol.o
    0x200003a4   COMPRESSED   0x00000004   Data   RW        12365    .data               clock.o
    0x200003a8   COMPRESSED   0x00000004   Data   RW        12488    .data               idle.o
    0x200003ac   COMPRESSED   0x00000001   Data   RW        12796    .data               irq.o
    0x200003ad   COMPRESSED   0x00000003   PAD
    0x200003b0   COMPRESSED   0x0000000c   Data   RW        12852    .data               kservice.o
    0x200003bc   COMPRESSED   0x00000020   Data   RW        13023    .data               mem.o
    0x200003dc   COMPRESSED   0x000000a4   Data   RW        13177    .data               object.o
    0x20000480   COMPRESSED   0x00000018   Data   RW        13274    .data               scheduler.o
    0x20000498   COMPRESSED   0x00000010   Data   RW        13474    .data               timer.o
    0x200004a8        -       0x00000138   Zero   RW          530    .bss                thread_gps.o
    0x200005e0        -       0x00000c00   Zero   RW          531    .bss                thread_gps.o
    0x200011e0        -       0x00000080   Zero   RW          532    .bss                thread_gps.o
    0x20001260        -       0x00000820   Zero   RW          728    .bss                thread_ui.o
    0x20001a80        -       0x00000020   Zero   RW          856    .bss                mower_common.o
    0x20001aa0        -       0x00000020   Zero   RW          857    .bss                mower_common.o
    0x20001ac0        -       0x000000b0   Zero   RW          858    .bss                mower_common.o
    0x20001b70        -       0x00000140   Zero   RW         1070    .bss                menu.o
    0x20001cb0        -       0x00000c00   Zero   RW         1107    .bss                thread_imu.o
    0x200028b0        -       0x00000080   Zero   RW         1108    .bss                thread_imu.o
    0x20002930        -       0x00000400   Zero   RW         1189    .bss                thread_motion.o
    0x20002d30        -       0x00000080   Zero   RW         1190    .bss                thread_motion.o
    0x20002db0        -       0x00000138   Zero   RW         1191    .bss                thread_motion.o
    0x20002ee8        -       0x00000400   Zero   RW         1287    .bss                thread_updata.o
    0x200032e8        -       0x00000080   Zero   RW         1288    .bss                thread_updata.o
    0x20003368        -       0x00000200   Zero   RW         1315    .bss                thread_wireless.o
    0x20003568        -       0x00000080   Zero   RW         1316    .bss                thread_wireless.o
    0x200035e8        -       0x00000064   Zero   RW         1343    .bss                debug.o
    0x2000364c   COMPRESSED   0x00000004   PAD
    0x20003650        -       0x00000108   Zero   RW         1469    .bss                motor_control.o
    0x20003758        -       0x0000001c   Zero   RW         2250    .bss                movvarf.o
    0x20003774        -       0x00000294   Zero   RW         2292    .bss                imu_processing.o
    0x20003a08        -       0x00000020   Zero   RW         2479    .bss                mqueue.o
    0x20003a28        -       0x00000040   Zero   RW         3141    .bss                pthread_tls.o
    0x20003a68        -       0x00000020   Zero   RW         3224    .bss                semaphore.o
    0x20003a88        -       0x00000054   Zero   RW         4003    .bss                usart.o
    0x20003adc        -       0x00000040   Zero   RW         4067    .bss                key.o
    0x20003b1c        -       0x0000002c   Zero   RW         4500    .bss                time_control.o
    0x20003b48        -       0x0000002c   Zero   RW         4501    .bss                time_control.o
    0x20003b74        -       0x0000000c   Zero   RW         4613    .bss                hardware.o
    0x20003b80        -       0x00000010   Zero   RW         4614    .bss                hardware.o
    0x20003b90        -       0x0000004c   Zero   RW         4615    .bss                hardware.o
    0x20003bdc        -       0x000000b8   Zero   RW         4616    .bss                hardware.o
    0x20003c94   COMPRESSED   0x00000004   PAD
    0x20003c98        -       0x00000018   Zero   RW         4617    .bss                hardware.o
    0x20003cb0        -       0x0000001e   Zero   RW         4712    .bss                adc.o
    0x20003cce   COMPRESSED   0x00000002   PAD
    0x20003cd0        -       0x0000000c   Zero   RW         4819    .bss                beep.o
    0x20003cdc        -       0x00000018   Zero   RW         5410    .bss                motor.o
    0x20003cf4        -       0x0000001c   Zero   RW         5584    .bss                mpu6500_spi.o
    0x20003d10        -       0x000000c8   Zero   RW         5890    .bss                usart_driver.o
    0x20003dd8        -       0x00000040   Zero   RW         6037    .bss                stm32f4_rtc.o
    0x20003e18        -       0x00000080   Zero   RW        11457    .bss                finsh_heap.o
    0x20003e98        -       0x00000140   Zero   RW        11538    .bss                finsh_node.o
    0x20003fd8        -       0x000000c0   Zero   RW        12062    .bss                finsh_var.o
    0x20004098        -       0x00000180   Zero   RW        12112    .bss                finsh_vm.o
    0x20004218        -       0x00000904   Zero   RW        12265    .bss                shell.o
    0x20004b1c        -       0x00000480   Zero   RW        12486    .bss                idle.o
    0x20004f9c        -       0x00000080   Zero   RW        12850    .bss                kservice.o
    0x2000501c        -       0x00000020   Zero   RW        13020    .bss                mem.o
    0x2000503c        -       0x00000100   Zero   RW        13272    .bss                scheduler.o
    0x2000513c        -       0x0000002c   Zero   RW        13634    .bss                c_w.l(localtime.o)
    0x20005168        -       0x00000044   Zero   RW        13851    .bss                c_w.l(asctime.o)
    0x200051ac        -       0x00000060   Zero   RW        13923    .bss                c_w.l(libspace.o)
    0x2000520c   COMPRESSED   0x00000004   PAD
    0x20005210        -       0x00000200   Zero   RW            2    HEAP                startup_stm32f429_439xx.o
    0x20005410        -       0x00002500   Zero   RW            1    STACK               startup_stm32f429_439xx.o


==============================================================================

Image component sizes


      Code (inc. data)   RO Data    RW Data    ZI Data      Debug   Object Name

       444         34          0          0         30       2799   adc.o
         0          0          0          0          0       4372   alarm.o
       592        252          0          0          0       5044   application.o
       204         20          0          8         12       3208   beep.o
       154         12          0          0          0      30901   board.o
        92         10          0          3          0       1645   bumper_front.o
        58         12          0          4          0       1659   clock.o
        68         10          0          8          0       4858   clock_time.o
      2918       1364       1635          4          0      23271   cmd.o
       490        176         57          0          0       4195   completion.o
       268         24          0          0          0        812   context_rvds.o
       324        166          0         16          0       3534   cpuport.o
      1000        216         75          0          0       8011   dataqueue.o
        84         18          0          4        100        943   debug.o
        58          0          0          0          0        651   delay.o
       746        208        168          0          0       8194   device.o
       108         28          0          0          0        556   drtc.o
      2896         34        142          0          0       6709   ekf7_gps6_mu.o
      1620         14         91          0          0       4203   ekf7_odom_mu.o
      1348          8         61          0          0       3686   ekf7_tu.o
       610        104          0         52          0       5114   encoder.o
       202          0          0          0          0        804   eul2quatf.o
         0          0          0          0          0        680   filter.o
      2100        104          0          8          0      10494   finsh_compiler.o
        48         18        243         64          0       2783   finsh_error.o
       444         26          0          8        128       5415   finsh_heap.o
        56          6          0          0          0       2144   finsh_init.o
       336         10          0          0        320       6242   finsh_node.o
      1742        296        196          0          0      26758   finsh_ops.o
      1902         32          0          0          0      17023   finsh_parser.o
      1316         16        126          0          0       9562   finsh_token.o
       256         30          0          4        192       8218   finsh_var.o
       136         24          0         12        384       7299   finsh_vm.o
      1112         44          0          0          0       3525   hampel.o
      1014        124          0         20        312       4419   hardware.o
       656         34          0          1          0       5084   icm20602.o
       280         74         22          4       1152       3722   idle.o
       634         28          0          0          0       7582   iic.o
      1954        130          3          1        660       7729   imu_processing.o
      1330        332        471          0          0      29884   ipc.o
        68         18          0          1          0       2026   irq.o
       336          8          0          8          0       3815   ist8310.o
       336          8          0          8          0       3836   ist83102.o
       926        398         19         24         64       5947   key.o
      1712        240        290         12        128      15565   kservice.o
       252         34       2669          0          0       4121   lcd12864_io_spi.o
       288          4          0          0          0       1598   map_ellipse_mapping.o
        22          0          0          0          0       1110   math_custom.o
      1452        592        358         32         32       6740   mem.o
         0          0          0          0        320       3744   menu.o
       504        216          0          0          0       3151   misc.o
       546         58          0         28          0       5371   motion_control.o
       702         48          0         44          0       6875   motion_imu.o
        16          0          0          0          0       1860   motion_mag_line.o
       204         22          0          0          0       1857   motion_sense.o
      1006         84          0          0         24       8250   motor.o
       244         22          0          0        264       3777   motor_control.o
       262         10          0          0         28       1794   movvarf.o
       276         28          0          2        240       6009   mower_common.o
       632         44          0          0          0       2459   mower_hw_config.o
       744         46          0          0         28       5798   mpu6500_spi.o
        20          8          0          0         32       2715   mqueue.o
       770        156        147          4          0       8493   msh.o
        24          0        159          0          0       2943   msh_cmd.o
      1458         10         16          0          0       3569   mu_att_ekf.o
       558        182         94        164          0       7373   object.o
       116         10          0          8          0        901   odom_preprocessing.o
       136         22          0          0          0        597   power.o
        22          0          0          0          0       1470   pthread.o
        16          6          0          0         64       1157   pthread_tls.o
       358          0          0          0          0        908   quat2eulf.o
        26          4          0          0          0        968   rainbow_led.o
       284         28        153          4          0       9307   rtc.o
       676        212         78         24        256       6986   scheduler.o
        24         12          0          0         32       1796   semaphore.o
      2424         20          0          0          0       2916   send_data.o
      2060        498        211          0          0      11651   serial.o
      1916        330         96          4       2308       9790   shell.o
       670         42          0         64          0       6694   sonar.o
       206         96          0          0          0       2079   startup.o
        72         30        428          0       9984        892   startup_stm32f429_439xx.o
       878        204         86          0         64       5761   stm32f4_rtc.o
      1652        516          0          0          0       6707   stm32f4xx_adc.o
       888        144          0          0          0       2905   stm32f4xx_dma.o
       560        196          0          0          0       2652   stm32f4xx_exti.o
      1780        634          0          0          0       5475   stm32f4xx_gpio.o
       276         32          0         12          0      13219   stm32f4xx_it.o
        88         64          0          0          0        626   stm32f4xx_pwr.o
      1704        798          0         16          0      10513   stm32f4xx_rcc.o
      1818        486          0          0          0       9966   stm32f4xx_rtc.o
      1328        522          0          0          0       5203   stm32f4xx_spi.o
       232         66          0          0          0        860   stm32f4xx_syscfg.o
      4244       1564          0          0          0      14500   stm32f4xx_tim.o
      2368        810          0          0          0       7843   stm32f4xx_usart.o
         0          0          0         16          0       4433   symbol.o
       424         54          0         20          0     369541   system_stm32f4xx.o
      1152        326        170          0          0      12406   thread.o
      1770        150         72        220       3512       7027   thread_gps.o
       344         48         72        100       3200       7186   thread_imu.o
        20          4          0         12          0       4119   thread_key.o
       246         24          0          4       1464      13168   thread_motion.o
      1236        122          0          8       2080       9439   thread_ui.o
        44          4          0          0       1152       1366   thread_updata.o
        12          0          0          0        640       1272   thread_wireless.o
       734         96          0         80         88       9308   time_control.o
       902        184         92         16          0      10181   timer.o
       864          8         32          0          0       4856   tu_att_ekf.o
       660        150         80          8         84      33647   usart.o
       780         44          0         12        200       4700   usart_driver.o
        88          8          0          3          0       1581   wheel_up.o
         0          0          0          0          0        636   workqueue.o

    ----------------------------------------------------------------------
     79132      14842       8660       1192      29588    1043736   Object Totals
         0          0         32          0          0          0   (incl. Generated)
        76          0         16         13         10          0   (incl. Padding)

    ----------------------------------------------------------------------

      Code (inc. data)   RO Data    RW Data    ZI Data      Debug   Library Member Name

        90          0          0          0          0          0   __dczerorl2.o
         8          0          0          0          0         68   __main.o
       392          4         17          0          0         92   __printf_flags_ss_wp.o
        14          0          0          0          0         68   __printf_wp.o
         0          0          0          0          0          0   __rtentry.o
        12          0          0          0          0          0   __rtentry2.o
         6          0          0          0          0          0   __rtentry4.o
        52          8          0          0          0          0   __scatter.o
        28          0          0          0          0          0   __scatter_zi.o
        28          0          0          0          0         68   _chval.o
         0          0         12          0          0          0   _monlen.o
         6          0          0          0          0          0   _printf_a.o
         6          0          0          0          0          0   _printf_c.o
        44          0          0          0          0        108   _printf_char.o
        48          6          0          0          0         96   _printf_char_common.o
        40          0          0          0          0         68   _printf_charcount.o
         6          0          0          0          0          0   _printf_d.o
       120         16          0          0          0         92   _printf_dec.o
         6          0          0          0          0          0   _printf_e.o
         6          0          0          0          0          0   _printf_f.o
      1054          0          0          0          0        216   _printf_fp_dec.o
       764          8         38          0          0        100   _printf_fp_hex.o
       128         16          0          0          0         84   _printf_fp_infnan.o
         6          0          0          0          0          0   _printf_g.o
       148          4         40          0          0        160   _printf_hex_int_ll_ptr.o
         6          0          0          0          0          0   _printf_i.o
       178          0          0          0          0         88   _printf_intcommon.o
        10          0          0          0          0          0   _printf_l.o
         6          0          0          0          0          0   _printf_lc.o
        10          0          0          0          0          0   _printf_ll.o
         6          0          0          0          0          0   _printf_lld.o
         6          0          0          0          0          0   _printf_lli.o
         6          0          0          0          0          0   _printf_llo.o
         6          0          0          0          0          0   _printf_llu.o
         6          0          0          0          0          0   _printf_llx.o
       124         16          0          0          0         92   _printf_longlong_dec.o
         6          0          0          0          0          0   _printf_ls.o
         6          0          0          0          0          0   _printf_n.o
         6          0          0          0          0          0   _printf_o.o
       112         10          0          0          0        124   _printf_oct_int_ll.o
         6          0          0          0          0          0   _printf_p.o
        78          0          0          0          0        108   _printf_pad.o
         0          0          0          0          0          0   _printf_percent.o
         4          0          0          0          0          0   _printf_percent_end.o
         6          0          0          0          0          0   _printf_s.o
        82          0          0          0          0         80   _printf_str.o
        36          0          0          0          0         84   _printf_truncate.o
         6          0          0          0          0          0   _printf_u.o
        44          0          0          0          0        108   _printf_wchar.o
       188          6          8          0          0         92   _printf_wctomb.o
         6          0          0          0          0          0   _printf_x.o
        22          0          0          0          0        100   _rserrno.o
        10          0          0          0          0         68   _sputc.o
       158          0          0          0          0         92   _strtoul.o
        64          0          0          0          0         92   _wcrtomb.o
        12          6          0          0         68         68   asctime.o
       104         30          0          0          0         88   asctime_internal.o
        26          0          0          0          0         80   atoi.o
       228          4        148          0          0         96   bigflt0.o
      1936        128          0          0          0        672   btod.o
        14          0          0          0          0         80   ctime.o
        18          0          0          0          0         80   exit.o
         6          0          0          0          0        152   heapauxi.o
         0          0          0          0          0          0   indicate_semi.o
        44         10        272          0          0         76   lc_ctype_c.o
        44         10         28          0          0         76   lc_numeric_c.o
        44         10        384          0          0         76   lc_time_c.o
         2          0          0          0          0          0   libinit.o
        44          0          0          0          0          0   libinit2.o
         2          0          0          0          0          0   libshutdown.o
         2          0          0          0          0          0   libshutdown2.o
         8          4          0          0         96         68   libspace.o
       138          0          0          0          0         80   lludiv10.o
       238          0          0          0          0        100   lludivv7m.o
        12          6          0          0         44         68   localtime.o
       184          6          0          0          0         80   localtime_internal.o
       428         10          0          0          0        116   mktime.o
        16          4          0          0          0         76   rt_ctype_table.o
         8          4          0          0          0         68   rt_errno_addr_intlibspace.o
         8          4          0          0          0         68   rt_locale_intlibspace.o
        68          0          0          0          0         68   rt_memclr.o
        78          0          0          0          0         80   rt_memclr_w.o
       138          0          0          0          0         68   rt_memcpy_v6.o
       100          0          0          0          0         80   rt_memcpy_w.o
         2          0          0          0          0          0   rtexit.o
        10          0          0          0          0          0   rtexit2.o
        44          6          0          0          0         84   sprintf.o
        24          0          0          0          0         68   strcat.o
       128          0          0          0          0         68   strcmpv7m.o
        72          0          0          0          0         80   strcpy.o
        62          0          0          0          0         76   strlen.o
       150          0          0          0          0         80   strncmp.o
        86          0          0          0          0         76   strncpy.o
       112          0          0          0          0         88   strtol.o
        12          4          0          0          0         68   sys_exit.o
        74          0          0          0          0         80   sys_stackheap_outer.o
         2          0          0          0          0         68   use_no_semi.o
        24          0          0          0          0        164   basic.o
        98          4          0          0          0        140   d2f.o
       826         16          0          0          0        492   daddsub_clz.o
        24          0          0          0          0        116   dcmpi.o
       688        140          0          0          0        256   ddiv.o
        94          4          0          0          0        140   dfix.o
        84          0          0          0          0        232   dflt_clz.o
       138          0          0          0          0        132   dfltll_clz.o
       120          4          0          0          0        140   dleqf.o
       340         12          0          0          0        152   dmul.o
       156          4          0          0          0        140   dnaninf.o
        12          0          0          0          0        116   dretinf.o
       108          0          0          0          0        128   drleqf.o
       408         56          0          0          0        168   dsqrt_umaal.o
        86          4          0          0          0        132   f2d.o
        96          0          0          0          0        132   ffltll_clz.o
       140          4          0          0          0        132   fnaninf.o
        10          0          0          0          0        116   fpinit.o
        10          0          0          0          0        116   fretinf.o
         4          0          0          0          0        116   printf1.o
         4          0          0          0          0        116   printf2.o
         0          0          0          0          0          0   usenofp.o
       280         46          0          0          0        176   acosf.o
       864         94         80          0          0        280   asin.o
       744        106        152          0          0        352   atan.o
       496         64          0          0          0        192   atan2.o
       592         90          0          0          0        184   atan2f.o
       200         20          0          0          0        164   cos.o
       368         46         48          0          0        200   cos_i.o
       104         16          0          0          0        496   dunder.o
        24          0          0          0          0        124   fabs.o
       280         28          0          0          0        156   floor.o
        48          0          0          0          0        124   fpclassify.o
        38          0          0          0          0        116   fpclassifyf.o
        44         12          0          0          0        464   funder.o
       248          0          0          0          0        152   poly.o
         0          0          8          0          0          0   qnan.o
      1080        142        200          0          0        188   rred.o
       200         20          0          0          0        164   sin.o
       304         24         40          0          0        208   sin_i.o
       232          0          0          0          0        296   sqrt.o
       120          0          0          0          0        272   sqrtf.o

    ----------------------------------------------------------------------
     18720       1296       1480          0        212      13432   Library Totals
        40          0          5          0          4          0   (incl. Padding)

    ----------------------------------------------------------------------

      Code (inc. data)   RO Data    RW Data    ZI Data      Debug   Library Name

      8944        340        947          0        208       5748   c_w.l
      3470        248          0          0          0       3376   fz_wm.l
      6266        708        528          0          0       4308   m_wm.l

    ----------------------------------------------------------------------
     18720       1296       1480          0        212      13432   Library Totals

    ----------------------------------------------------------------------

==============================================================================


      Code (inc. data)   RO Data    RW Data    ZI Data      Debug   

     97852      16138      10140       1192      29800     991192   Grand Totals
     97852      16138      10140        232      29800     991192   ELF Image Totals (compressed)
     97852      16138      10140        232          0          0   ROM Totals

==============================================================================

    Total RO  Size (Code + RO Data)               107992 ( 105.46kB)
    Total RW  Size (RW Data + ZI Data)             30992 (  30.27kB)
    Total ROM Size (Code + RO Data + RW Data)     108224 ( 105.69kB)

==============================================================================

