Component: ARM Compiler 5.06 update 5 (build 528) Tool: armlink [4d35e2]

==============================================================================

Section Cross References

    startup_stm32f429_439xx.o(STACK) refers (Special) to heapauxi.o(.text) for __use_two_region_memory
    startup_stm32f429_439xx.o(HEAP) refers (Special) to heapauxi.o(.text) for __use_two_region_memory
    startup_stm32f429_439xx.o(RESET) refers (Special) to heapauxi.o(.text) for __use_two_region_memory
    startup_stm32f429_439xx.o(RESET) refers to startup_stm32f429_439xx.o(STACK) for __initial_sp
    startup_stm32f429_439xx.o(RESET) refers to startup_stm32f429_439xx.o(.text) for Reset_Handler
    startup_stm32f429_439xx.o(RESET) refers to stm32f4xx_it.o(i.NMI_Handler) for NMI_Handler
    startup_stm32f429_439xx.o(RESET) refers to context_rvds.o(.text) for HardFault_Handler
    startup_stm32f429_439xx.o(RESET) refers to stm32f4xx_it.o(i.MemManage_Handler) for MemManage_Handler
    startup_stm32f429_439xx.o(RESET) refers to stm32f4xx_it.o(i.BusFault_Handler) for BusFault_Handler
    startup_stm32f429_439xx.o(RESET) refers to stm32f4xx_it.o(i.UsageFault_Handler) for UsageFault_Handler
    startup_stm32f429_439xx.o(RESET) refers to stm32f4xx_it.o(i.SVC_Handler) for SVC_Handler
    startup_stm32f429_439xx.o(RESET) refers to stm32f4xx_it.o(i.DebugMon_Handler) for DebugMon_Handler
    startup_stm32f429_439xx.o(RESET) refers to board.o(i.SysTick_Handler) for SysTick_Handler
    startup_stm32f429_439xx.o(RESET) refers to stm32f4xx_it.o(i.EXTI1_IRQHandler) for EXTI1_IRQHandler
    startup_stm32f429_439xx.o(RESET) refers to stm32f4xx_it.o(i.EXTI9_5_IRQHandler) for EXTI9_5_IRQHandler
    startup_stm32f429_439xx.o(RESET) refers to usart.o(i.USART1_IRQHandler) for USART1_IRQHandler
    startup_stm32f429_439xx.o(RESET) refers to stm32f4xx_it.o(i.USART3_IRQHandler) for USART3_IRQHandler
    startup_stm32f429_439xx.o(RESET) refers to stm32f4xx_it.o(i.UART4_IRQHandler) for UART4_IRQHandler
    startup_stm32f429_439xx.o(RESET) refers to usart_driver.o(i.UART5_IRQHandler) for UART5_IRQHandler
    startup_stm32f429_439xx.o(RESET) refers to time_control.o(i.TIM6_DAC_IRQHandler) for TIM6_DAC_IRQHandler
    startup_stm32f429_439xx.o(.text) refers (Special) to heapauxi.o(.text) for __use_two_region_memory
    startup_stm32f429_439xx.o(.text) refers to mower_common.o(i.sys_power_control) for sys_power_control
    startup_stm32f429_439xx.o(.text) refers to system_stm32f4xx.o(i.SystemInit) for SystemInit
    startup_stm32f429_439xx.o(.text) refers to __main.o(!!!main) for __main
    startup_stm32f429_439xx.o(.text) refers to startup_stm32f429_439xx.o(HEAP) for Heap_Mem
    startup_stm32f429_439xx.o(.text) refers to startup_stm32f429_439xx.o(STACK) for Stack_Mem
    system_stm32f4xx.o(i.SystemCoreClockUpdate) refers to system_stm32f4xx.o(.data) for .data
    system_stm32f4xx.o(i.SystemInit) refers to system_stm32f4xx.o(i.SetSysClock) for SetSysClock
    board.o(i.NVIC_Configuration) refers to misc.o(i.NVIC_SetVectorTable) for NVIC_SetVectorTable
    board.o(i.NVIC_Configuration) refers to misc.o(i.NVIC_PriorityGroupConfig) for NVIC_PriorityGroupConfig
    board.o(i.SysTick_Configuration) refers to stm32f4xx_rcc.o(i.RCC_GetClocksFreq) for RCC_GetClocksFreq
    board.o(i.SysTick_Configuration) refers to misc.o(i.SysTick_CLKSourceConfig) for SysTick_CLKSourceConfig
    board.o(i.SysTick_Handler) refers to irq.o(i.rt_interrupt_enter) for rt_interrupt_enter
    board.o(i.SysTick_Handler) refers to clock.o(i.rt_tick_increase) for rt_tick_increase
    board.o(i.SysTick_Handler) refers to irq.o(i.rt_interrupt_leave) for rt_interrupt_leave
    board.o(i.rt_hw_board_init) refers to system_stm32f4xx.o(i.SystemCoreClockUpdate) for SystemCoreClockUpdate
    board.o(i.rt_hw_board_init) refers to board.o(i.NVIC_Configuration) for NVIC_Configuration
    board.o(i.rt_hw_board_init) refers to board.o(i.SysTick_Configuration) for SysTick_Configuration
    board.o(i.rt_hw_board_init) refers to usart.o(i.stm32_hw_usart_init) for stm32_hw_usart_init
    board.o(i.rt_hw_board_init) refers to kservice.o(i.rt_console_set_device) for rt_console_set_device
    board.o(i.rt_hw_board_init) refers to stm32f4_rtc.o(i.rt_hw_rtc_init) for rt_hw_rtc_init
    board.o(i.rt_hw_board_init) refers to mower_hw_config.o(i.peripheral_hw_config) for peripheral_hw_config
    board.o(i.rt_hw_board_init) refers to thread_ui.o(i.gui_init) for gui_init
    startup.o(i.assert_failed) refers to kservice.o(i.rt_kprintf) for rt_kprintf
    startup.o(i.main) refers to context_rvds.o(.text) for rt_hw_interrupt_disable
    startup.o(i.main) refers to startup.o(i.rtthread_startup) for rtthread_startup
    startup.o(i.rtthread_startup) refers to board.o(i.rt_hw_board_init) for rt_hw_board_init
    startup.o(i.rtthread_startup) refers to kservice.o(i.rt_show_version) for rt_show_version
    startup.o(i.rtthread_startup) refers to clock.o(i.rt_system_tick_init) for rt_system_tick_init
[...]
    0x0800a588   0x0800a588   0x00000360   Code   RO         1891    i.att_tu            tu_att_ekf.o
    0x0800a8e8   0x0800a8e8   0x000000a0   Code   RO          714    i.back_text_parse   thread_ui.o
    0x0800a988   0x0800a988   0x0000002c   Code   RO         5028    i.beep_ctrl         beep.o
    0x0800a9b4   0x0800a9b4   0x00000034   Code   RO         5029    i.beep_init         beep.o
    0x0800a9e8   0x0800a9e8   0x0000006c   Code   RO         5030    i.beep_moniter      beep.o
    0x0800aa54   0x0800aa54   0x00000044   Code   RO         2623    i.clock_time_system_init  clock_time.o
    0x0800aa98   0x0800aa98   0x0000000a   Code   RO        12432    i.cmd_free          msh_cmd.o
    0x0800aaa2   0x0800aaa2   0x0000000a   Code   RO        12433    i.cmd_ps            msh_cmd.o
    0x0800aaac   0x0800aaac   0x00000004   Code   RO        12434    i.cmd_time          msh_cmd.o
    0x0800aab0   0x0800aab0   0x00000008   Code   RO         1571    i.custom_abs        math_custom.o
    0x0800aab8   0x0800aab8   0x00000020   Code   RO         4700    i.delay_1us         time_control.o
    0x0800aad8   0x0800aad8   0x0000001a   Code   RO         4701    i.delay_ms          time_control.o
    0x0800aaf2   0x0800aaf2   0x00000002   PAD
    0x0800aaf4   0x0800aaf4   0x00000020   Code   RO         4702    i.delay_systick     time_control.o
    0x0800ab14   0x0800ab14   0x00000014   Code   RO         4703    i.delay_us          time_control.o
    0x0800ab28   0x0800ab28   0x00000048   Code   RO         5611    i.disable_motor     motor.o
    0x0800ab70   0x0800ab70   0x00000b50   Code   RO         1696    i.ekf7_gps6_mu      ekf7_gps6_mu.o
    0x0800b6c0   0x0800b6c0   0x00000654   Code   RO         1742    i.ekf7_odom_mu      ekf7_odom_mu.o
    0x0800bd14   0x0800bd14   0x00000544   Code   RO         1767    i.ekf7_tu           ekf7_tu.o
    0x0800c258   0x0800c258   0x00000048   Code   RO         5612    i.enable_motor      motor.o
    0x0800c2a0   0x0800c2a0   0x0000007e   Code   RO         5130    i.encoder_exti_configuration  encoder.o
    0x0800c31e   0x0800c31e   0x00000002   PAD
    0x0800c320   0x0800c320   0x00000074   Code   RO         5131    i.encoder_init      encoder.o
    0x0800c394   0x0800c394   0x000000ca   Code   RO         2599    i.eul2quatf         eul2quatf.o
    0x0800c45e   0x0800c45e   0x00000018   Code   RO        13977    i.fabs              m_wm.l(fabs.o)
    0x0800c476   0x0800c476   0x00000002   PAD
    0x0800c478   0x0800c478   0x0000005c   Code   RO         2438    i.filter_converge   imu_processing.o
    0x0800c4d4   0x0800c4d4   0x00000020   Code   RO        11666    i.finsh_block_insert  finsh_heap.o
    0x0800c4f4   0x0800c4f4   0x0000006c   Code   RO        11667    i.finsh_block_merge  finsh_heap.o
    0x0800c560   0x0800c560   0x00000024   Code   RO        11668    i.finsh_block_remove  finsh_heap.o
    0x0800c584   0x0800c584   0x00000708   Code   RO        11585    i.finsh_compile     finsh_compiler.o
    0x0800cc8c   0x0800cc8c   0x00000050   Code   RO        11586    i.finsh_compiler_run  finsh_compiler.o
    0x0800ccdc   0x0800ccdc   0x0000000c   Code   RO        11632    i.finsh_errno       finsh_error.o
    0x0800cce8   0x0800cce8   0x0000000c   Code   RO        11633    i.finsh_error_init  finsh_error.o
    0x0800ccf4   0x0800ccf4   0x0000000c   Code   RO        11634    i.finsh_error_set   finsh_error.o
    0x0800cd00   0x0800cd00   0x0000000c   Code   RO        11635    i.finsh_error_string  finsh_error.o
    0x0800cd0c   0x0800cd0c   0x00000012   Code   RO        11709    i.finsh_flush       finsh_init.o
    0x0800cd1e   0x0800cd1e   0x00000002   PAD
    0x0800cd20   0x0800cd20   0x00000038   Code   RO        12469    i.finsh_get_prompt  shell.o
    0x0800cd58   0x0800cd58   0x000000b8   Code   RO        11669    i.finsh_heap_allocate  finsh_heap.o
    0x0800ce10   0x0800ce10   0x0000002c   Code   RO        11670    i.finsh_heap_free   finsh_heap.o
    0x0800ce3c   0x0800ce3c   0x00000028   Code   RO        11671    i.finsh_heap_init   finsh_heap.o
    0x0800ce64   0x0800ce64   0x0000001a   Code   RO        11710    i.finsh_init        finsh_init.o
    0x0800ce7e   0x0800ce7e   0x00000002   PAD
    0x0800ce80   0x0800ce80   0x00000030   Code   RO        11745    i.finsh_node_allocate  finsh_node.o
    0x0800ceb0   0x0800ceb0   0x00000014   Code   RO        11746    i.finsh_node_init   finsh_node.o
    0x0800cec4   0x0800cec4   0x0000001a   Code   RO        11747    i.finsh_node_new_char  finsh_node.o
    0x0800cede   0x0800cede   0x0000005e   Code   RO        11748    i.finsh_node_new_id  finsh_node.o
    0x0800cf3c   0x0800cf3c   0x0000001a   Code   RO        11749    i.finsh_node_new_int  finsh_node.o
    0x0800cf56   0x0800cf56   0x0000001a   Code   RO        11750    i.finsh_node_new_long  finsh_node.o
    0x0800cf70   0x0800cf70   0x0000001a   Code   RO        11751    i.finsh_node_new_ptr  finsh_node.o
    0x0800cf8a   0x0800cf8a   0x00000046   Code   RO        11752    i.finsh_node_new_string  finsh_node.o
    0x0800cfd0   0x0800cfd0   0x0000000c   Code   RO        12102    i.finsh_parser_init  finsh_parser.o
    0x0800cfdc   0x0800cfdc   0x000000a2   Code   RO        12103    i.finsh_parser_run  finsh_parser.o
    0x0800d07e   0x0800d07e   0x00000002   PAD
    0x0800d080   0x0800d080   0x000000c4   Code   RO        12470    i.finsh_run_line    shell.o
    0x0800d144   0x0800d144   0x00000038   Code   RO        12471    i.finsh_rx_ind      shell.o
    0x0800d17c   0x0800d17c   0x000000c4   Code   RO        12472    i.finsh_set_device  shell.o
    0x0800d240   0x0800d240   0x0000000c   Code   RO        11712    i.finsh_stack_bottom  finsh_init.o
    0x0800d24c   0x0800d24c   0x00000054   Code   RO        12325    i.finsh_syscall_lookup  finsh_vm.o
    0x0800d2a0   0x0800d2a0   0x00000014   Code   RO        12474    i.finsh_system_function_init  shell.o
    0x0800d2b4   0x0800d2b4   0x000000b0   Code   RO        12475    i.finsh_system_init  shell.o
    0x0800d364   0x0800d364   0x00000014   Code   RO        12476    i.finsh_system_var_init  shell.o
    0x0800d378   0x0800d378   0x00000054   Code   RO        12272    i.finsh_sysvar_lookup  finsh_var.o
    0x0800d3cc   0x0800d3cc   0x000003fc   Code   RO        12477    i.finsh_thread_entry  shell.o
    0x0800d7c8   0x0800d7c8   0x00000012   Code   RO        12204    i.finsh_token_init  finsh_token.o
    0x0800d7da   0x0800d7da   0x00000018   Code   RO        12205    i.finsh_token_token  finsh_token.o
    0x0800d7f2   0x0800d7f2   0x000000dc   Code   RO        11587    i.finsh_type_check  finsh_compiler.o
    0x0800d8ce   0x0800d8ce   0x00000002   PAD
    0x0800d8d0   0x0800d8d0   0x00000014   Code   RO        12274    i.finsh_var_init    finsh_var.o
    0x0800d8e4   0x0800d8e4   0x00000060   Code   RO        12275    i.finsh_var_insert  finsh_var.o
    0x0800d944   0x0800d944   0x00000038   Code   RO        12276    i.finsh_var_lookup  finsh_var.o
    0x0800d97c   0x0800d97c   0x00000034   Code   RO        12326    i.finsh_vm_run      finsh_vm.o
    0x0800d9b0   0x0800d9b0   0x00000010   Code   RO          715    i.form_init         thread_ui.o
    0x0800d9c0   0x0800d9c0   0x00000020   Code   RO          716    i.form_parse        thread_ui.o
    0x0800d9e0   0x0800d9e0   0x0000008c   Code   RO         2439    i.frame_alignment   imu_processing.o
    0x0800da6c   0x0800da6c   0x0000004c   Code   RO         4343    i.front_bumper_init  bumper_front.o
    0x0800dab8   0x0800dab8   0x00000014   Code   RO          841    i.front_work_pattern_tran_req  mower_common.o
    0x0800dacc   0x0800dacc   0x00000058   Code   RO         5790    i.get_acc           mpu6500_spi.o
    0x0800db24   0x0800db24   0x0000000c   Code   RO         4926    i.get_adc_value     adc.o
    0x0800db30   0x0800db30   0x0000000e   Code   RO         1572    i.get_bound_data    math_custom.o
    0x0800db3e   0x0800db3e   0x00000002   PAD
    0x0800db40   0x0800db40   0x00000040   Code   RO         5132    i.get_encoder_info  encoder.o
    0x0800db80   0x0800db80   0x00000060   Code   RO          521    i.get_gps_data      thread_gps.o
    0x0800dbe0   0x0800dbe0   0x00000058   Code   RO         5791    i.get_gyro          mpu6500_spi.o
    0x0800dc38   0x0800dc38   0x0000000c   Code   RO         5329    i.get_iic_sda       iic.o
    0x0800dc44   0x0800dc44   0x00000068   Code   RO         5133    i.get_left_encoder  encoder.o
    0x0800dcac   0x0800dcac   0x00000024   Code   RO         5517    i.get_mag_info1     ist8310.o
    0x0800dcd0   0x0800dcd0   0x00000024   Code   RO         5564    i.get_mag_info2     ist83102.o
    0x0800dcf4   0x0800dcf4   0x00000010   Code   RO         5613    i.get_motor_current  motor.o
    0x0800dd04   0x0800dd04   0x00000064   Code   RO         5614    i.get_motor_info    motor.o
    0x0800dd68   0x0800dd68   0x00000034   Code   RO         5792    i.get_mpu_info      mpu6500_spi.o
    0x0800dd9c   0x0800dd9c   0x00000068   Code   RO         5135    i.get_right_encoder  encoder.o
    0x0800de04   0x0800de04   0x00000030   Code   RO         6011    i.get_sonar_info    sonar.o
    0x0800de34   0x0800de34   0x00000028   Code   RO         5793    i.get_temp          mpu6500_spi.o
    0x0800de5c   0x0800de5c   0x00000024   Code   RO         4704    i.get_time_diff1    time_control.o
    0x0800de80   0x0800de80   0x00000024   Code   RO         4705    i.get_time_diff2    time_control.o
    0x0800dea4   0x0800dea4   0x00000024   Code   RO         4706    i.get_time_diff_trapping  time_control.o
    0x0800dec8   0x0800dec8   0x0000003c   Code   RO         4707    i.get_time_stamp    time_control.o
    0x0800df04   0x0800df04   0x000001b4   Code   RO         1030    i.gpio_configuration  mower_hw_config.o
    0x0800e0b8   0x0800e0b8   0x0000003c   Code   RO         2442    i.grav_acc          imu_processing.o
    0x0800e0f4   0x0800e0f4   0x0000007c   Code   RO          718    i.gui_init          thread_ui.o
    0x0800e170   0x0800e170   0x00000058   Code   RO          719    i.gui_update        thread_ui.o
    0x0800e1c8   0x0800e1c8   0x000002bc   Code   RO         1922    i.hampel            hampel.o
    0x0800e484   0x0800e484   0x000001a0   Code   RO         2443    i.hampel_imu        imu_processing.o
    0x0800e624   0x0800e624   0x0000004a   Code   RO         4823    i.hardware_init     hardware.o
    0x0800e66e   0x0800e66e   0x00000002   PAD
    0x0800e670   0x0800e670   0x00000020   Code   RO        11359    i.hello             cmd.o
    0x0800e690   0x0800e690   0x0000002e   Code   RO         5330    i.iic_ack           iic.o
    0x0800e6be   0x0800e6be   0x00000002   PAD
    0x0800e6c0   0x0800e6c0   0x0000005c   Code   RO         5331    i.iic_init          iic.o
    0x0800e71c   0x0800e71c   0x0000002e   Code   RO         5332    i.iic_nack          iic.o
    0x0800e74a   0x0800e74a   0x0000004a   Code   RO         5333    i.iic_read_byte     iic.o
    0x0800e794   0x0800e794   0x0000002c   Code   RO         5334    i.iic_sda_in        iic.o
    0x0800e7c0   0x0800e7c0   0x00000028   Code   RO         5335    i.iic_sda_out       iic.o
    0x0800e7e8   0x0800e7e8   0x0000004a   Code   RO         5336    i.iic_send_byte     iic.o
    0x0800e832   0x0800e832   0x0000002e   Code   RO         5337    i.iic_start         iic.o
    0x0800e860   0x0800e860   0x0000002e   Code   RO         5338    i.iic_stop          iic.o
    0x0800e88e   0x0800e88e   0x00000042   Code   RO         5339    i.iic_wait_ack      iic.o
    0x0800e8d0   0x0800e8d0   0x00000028   Code   RO          317    i.inverse_level     stm32f4xx_it.o
    0x0800e8f8   0x0800e8f8   0x00000042   Code   RO         5565    i.ist8310_iic2_read_register  ist83102.o
    0x0800e93a   0x0800e93a   0x0000003e   Code   RO         5566    i.ist8310_iic2_write_register  ist83102.o
    0x0800e978   0x0800e978   0x00000042   Code   RO         5518    i.ist8310_iic_read_register  ist8310.o
    0x0800e9ba   0x0800e9ba   0x0000003e   Code   RO         5519    i.ist8310_iic_write_register  ist8310.o
    0x0800e9f8   0x0800e9f8   0x00000238   Code   RO         4275    i.key_check_d       key.o
    0x0800ec30   0x0800ec30   0x0000001c   Code   RO         4276    i.key_hw_config     key.o
    0x0800ec4c   0x0800ec4c   0x000000d4   Code   RO         4277    i.key_scan          key.o
    0x0800ed20   0x0800ed20   0x00000014   Code   RO          619    i.key_thread_variable_init  thread_key.o
    0x0800ed34   0x0800ed34   0x00000002   Code   RO         4278    i.key_variable_init  key.o
    0x0800ed36   0x0800ed36   0x00000002   PAD
    0x0800ed38   0x0800ed38   0x000001ac   Code   RO          720    i.label_2_gui_ram   thread_ui.o
    0x0800eee4   0x0800eee4   0x0000001a   Code   RO          721    i.label_add         thread_ui.o
    0x0800eefe   0x0800eefe   0x00000002   PAD
    0x0800ef00   0x0800ef00   0x000000b0   Code   RO          722    i.label_parse       thread_ui.o
    0x0800efb0   0x0800efb0   0x00000030   Code   RO         4550    i.lcd_address       lcd12864_io_spi.o
    0x0800efe0   0x0800efe0   0x0000001c   Code   RO          847    i.led_idle_indicate  mower_common.o
    0x0800effc   0x0800effc   0x000000d8   Code   RO        11360    i.list              cmd.o
    0x0800f0d4   0x0800f0d4   0x00000020   Code   RO         3533    i.list_date         rtc.o
    0x0800f0f4   0x0800f0f4   0x0000000c   Code   RO        11361    i.list_device       cmd.o
    0x0800f100   0x0800f100   0x0000000c   Code   RO        11362    i.list_event        cmd.o
    0x0800f10c   0x0800f10c   0x0000000c   Code   RO        11363    i.list_mailbox      cmd.o
    0x0800f118   0x0800f118   0x0000006c   Code   RO        13225    i.list_mem          mem.o
    0x0800f184   0x0800f184   0x0000000c   Code   RO        11364    i.list_mempool      cmd.o
    0x0800f190   0x0800f190   0x0000000c   Code   RO        11365    i.list_msgqueue     cmd.o
    0x0800f19c   0x0800f19c   0x0000000c   Code   RO        11366    i.list_mutex        cmd.o
    0x0800f1a8   0x0800f1a8   0x000001f0   Code   RO        11367    i.list_prefix       cmd.o
    0x0800f398   0x0800f398   0x0000000c   Code   RO        11368    i.list_sem          cmd.o
    0x0800f3a4   0x0800f3a4   0x0000000c   Code   RO        11369    i.list_thread       cmd.o
    0x0800f3b0   0x0800f3b0   0x0000000c   Code   RO        11370    i.list_timer        cmd.o
    0x0800f3bc   0x0800f3bc   0x00000140   Code   RO         4825    i.mag_cali_init     hardware.o
    0x0800f4fc   0x0800f4fc   0x00000120   Code   RO         1990    i.mag_ellipse_mapping  map_ellipse_mapping.o
    0x0800f61c   0x0800f61c   0x00000024   Code   RO         5520    i.mag_init          ist8310.o
    0x0800f640   0x0800f640   0x00000024   Code   RO         5567    i.mag_init2         ist83102.o
    0x0800f664   0x0800f664   0x0000001c   Code   RO         2107    i.mag_sensor_initial  motion_control.o
    0x0800f680   0x0800f680   0x0000000e   Code   RO          271    i.main              startup.o
    0x0800f68e   0x0800f68e   0x00000020   Code   RO        12104    i.make_sys_node     finsh_parser.o
    0x0800f6ae   0x0800f6ae   0x00000002   PAD
    0x0800f6b0   0x0800f6b0   0x00000134   Code   RO         1923    i.medianf           hampel.o
    0x0800f7e4   0x0800f7e4   0x00000020   Code   RO         5615    i.motor_brake       motor.o
    0x0800f804   0x0800f804   0x00000020   Code   RO         5616    i.motor_brake_release  motor.o
    0x0800f824   0x0800f824   0x00000100   Code   RO         5617    i.motor_gpio_configuration  motor.o
    0x0800f924   0x0800f924   0x00000012   Code   RO         5618    i.motor_init        motor.o
    0x0800f936   0x0800f936   0x00000002   PAD
    0x0800f938   0x0800f938   0x000000ac   Code   RO         5619    i.motor_pwm_configuration  motor.o
    0x0800f9e4   0x0800f9e4   0x000000e0   Code   RO         2408    i.movvarf           movvarf.o
    0x0800fac4   0x0800fac4   0x000001bc   Code   RO          525    i.mower_gps_thread  thread_gps.o
    0x0800fc80   0x0800fc80   0x0000014c   Code   RO         1106    i.mower_imu_thread  thread_imu.o
    0x0800fdcc   0x0800fdcc   0x00000078   Code   RO         1188    i.mower_motion_thread  thread_motion.o
    0x0800fe44   0x0800fe44   0x0000002c   Code   RO         1437    i.mower_updata_thread  thread_updata.o
    0x0800fe70   0x0800fe70   0x0000000c   Code   RO         1465    i.mower_wireless_thread  thread_wireless.o
    0x0800fe7c   0x0800fe7c   0x0000008c   Code   RO         5794    i.mpu6500_gpio_configuration  mpu6500_spi.o
    0x0800ff08   0x0800ff08   0x0000003c   Code   RO         5795    i.mpu6500_spi_read_register  mpu6500_spi.o
    0x0800ff44   0x0800ff44   0x00000038   Code   RO         5796    i.mpu6500_spi_txrx  mpu6500_spi.o
    0x0800ff7c   0x0800ff7c   0x00000038   Code   RO         5797    i.mpu6500_spi_write_register  mpu6500_spi.o
    0x0800ffb4   0x0800ffb4   0x00000254   Code   RO         4826    i.mpu_bias_init     hardware.o
    0x08010208   0x08010208   0x000000a4   Code   RO         5798    i.mpu_init          mpu6500_spi.o
    0x080102ac   0x080102ac   0x0000030c   Code   RO         2445    i.mpu_preprocessing  imu_processing.o
    0x080105b8   0x080105b8   0x000000ac   Code   RO        12364    i.msh_auto_complete  msh.o
    0x08010664   0x08010664   0x00000010   Code   RO        12365    i.msh_enter         msh.o
    0x08010674   0x08010674   0x00000064   Code   RO        12366    i.msh_exec          msh.o
    0x080106d8   0x080106d8   0x0000000c   Code   RO        12367    i.msh_exit          msh.o
    0x080106e4   0x080106e4   0x00000078   Code   RO        12368    i.msh_help          msh.o
    0x0801075c   0x0801075c   0x0000000c   Code   RO        12369    i.msh_is_used       msh.o
    0x08010768   0x08010768   0x00000082   Code   RO        12370    i.msh_split         msh.o
    0x080107ea   0x080107ea   0x00000068   Code   RO         1924    i.nullAssignment    hampel.o
    0x08010852   0x08010852   0x00000002   PAD
    0x08010854   0x08010854   0x00000074   Code   RO         2038    i.odom_preprocessing  odom_preprocessing.o
    0x080108c8   0x080108c8   0x000000c4   Code   RO         1031    i.peripheral_hw_config  mower_hw_config.o
    0x0801098c   0x0801098c   0x000000e8   Code   RO        13226    i.plug_holes        mem.o
    0x08010a74   0x08010a74   0x0000002c   Code   RO          526    i.pos_init          thread_gps.o
    0x08010aa0   0x08010aa0   0x00000014   Code   RO         2693    i.posix_mq_system_init  mqueue.o
    0x08010ab4   0x08010ab4   0x00000018   Code   RO         3428    i.posix_sem_system_init  semaphore.o
    0x08010acc   0x08010acc   0x00000088   Code   RO         5875    i.power_control_init  power.o
    0x08010b54   0x08010b54   0x00000128   Code   RO        13037    i.print_number      kservice.o
    0x08010c7c   0x08010c7c   0x0000004c   Code   RO        12105    i.proc_additive_expr  finsh_parser.o
    0x08010cc8   0x08010cc8   0x00000038   Code   RO        12106    i.proc_and_expr     finsh_parser.o
    0x08010d00   0x08010d00   0x00000058   Code   RO        12107    i.proc_assign_expr  finsh_parser.o
    0x08010d58   0x08010d58   0x00000042   Code   RO        12108    i.proc_cast_expr    finsh_parser.o
    0x08010d9a   0x08010d9a   0x00000038   Code   RO        12109    i.proc_exclusive_or_expr  finsh_parser.o
    0x08010dd2   0x08010dd2   0x00000004   Code   RO        12110    i.proc_expr         finsh_parser.o
    0x08010dd6   0x08010dd6   0x00000032   Code   RO        12111    i.proc_expr_statement  finsh_parser.o
    0x08010e08   0x08010e08   0x0000002a   Code   RO        12112    i.proc_identifier   finsh_parser.o
    0x08010e32   0x08010e32   0x0000005a   Code   RO        12113    i.proc_multiplicative_expr  finsh_parser.o
    0x08010e8c   0x08010e8c   0x000000ac   Code   RO        12114    i.proc_postfix_expr  finsh_parser.o
    0x08010f38   0x08010f38   0x000000a8   Code   RO        12115    i.proc_primary_expr  finsh_parser.o
    0x08010fe0   0x08010fe0   0x0000004c   Code   RO        12116    i.proc_shift_expr   finsh_parser.o
    0x0801102c   0x0801102c   0x000000d2   Code   RO        12117    i.proc_type         finsh_parser.o
    0x080110fe   0x080110fe   0x0000009a   Code   RO        12118    i.proc_unary_expr   finsh_parser.o
    0x08011198   0x08011198   0x00000184   Code   RO        12119    i.proc_variable_decl  finsh_parser.o
    0x0801131c   0x0801131c   0x00000034   Code   RO         6012    i.process_left_sonar  sonar.o
    0x08011350   0x08011350   0x0000005c   Code   RO         6013    i.process_left_sonar_falling  sonar.o
    0x080113ac   0x080113ac   0x00000018   Code   RO         6014    i.process_left_sonar_rising  sonar.o
    0x080113c4   0x080113c4   0x00000034   Code   RO         6015    i.process_right_sonar  sonar.o
    0x080113f8   0x080113f8   0x0000005c   Code   RO         6016    i.process_right_sonar_falling  sonar.o
    0x08011454   0x08011454   0x00000018   Code   RO         6017    i.process_right_sonar_rising  sonar.o
    0x0801146c   0x0801146c   0x00000010   Code   RO         3354    i.pthread_key_system_init  pthread_tls.o
    0x0801147c   0x0801147c   0x00000016   Code   RO         2799    i.pthread_system_init  pthread.o
    0x08011492   0x08011492   0x00000002   PAD
    0x08011494   0x08011494   0x00000028   Code   RO         5620    i.pwm_ctrl_disable  motor.o
    0x080114bc   0x080114bc   0x0000001c   Code   RO         5621    i.pwm_ctrl_enable   motor.o
    0x080114d8   0x080114d8   0x00000166   Code   RO         1867    i.quat2eulf         quat2eulf.o
    0x0801163e   0x0801163e   0x00000072   Code   RO         2447    i.quat_norm         imu_processing.o
    0x080116b0   0x080116b0   0x00000002   Code   RO         4502    i.rainbow_led_hw_config  rainbow_led.o
    0x080116b2   0x080116b2   0x00000002   PAD
    0x080116b4   0x080116b4   0x00000018   Code   RO         4503    i.rainbow_led_variable_init  rainbow_led.o
    0x080116cc   0x080116cc   0x00000010   Code   RO         5137    i.reset_encoder     encoder.o
    0x080116dc   0x080116dc   0x00000010   Code   RO         4345    i.reset_front_bumper  bumper_front.o
    0x080116ec   0x080116ec   0x00000018   Code   RO         5622    i.reset_motor       motor.o
    0x08011704   0x08011704   0x0000007c   Code   RO         1613    i.reset_motor_control  motor_control.o
    0x08011780   0x08011780   0x00000010   Code   RO         4464    i.reset_wheel_up    wheel_up.o
    0x08011790   0x08011790   0x00000040   Code   RO         2448    i.rot_ele_update    imu_processing.o
    0x080117d0   0x080117d0   0x0000010c   Code   RO         2449    i.rot_update        imu_processing.o
    0x080118dc   0x080118dc   0x000001ac   Code   RO          453    i.rt_application_init  application.o
    0x08011a88   0x08011a88   0x0000006c   Code   RO        13038    i.rt_assert_handler  kservice.o
    0x08011af4   0x08011af4   0x00000068   Code   RO         3650    i.rt_completion_done  completion.o
    0x08011b5c   0x08011b5c   0x00000040   Code   RO         3651    i.rt_completion_init  completion.o
    0x08011b9c   0x08011b9c   0x00000134   Code   RO         3652    i.rt_completion_wait  completion.o
    0x08011cd0   0x08011cd0   0x0000000c   Code   RO        13040    i.rt_console_get_device  kservice.o
    0x08011cdc   0x08011cdc   0x00000028   Code   RO        13041    i.rt_console_set_device  kservice.o
    0x08011d04   0x08011d04   0x00000064   Code   RO         3683    i.rt_data_queue_init  dataqueue.o
    0x08011d68   0x08011d68   0x00000070   Code   RO         3684    i.rt_data_queue_peak  dataqueue.o
    0x08011dd8   0x08011dd8   0x000001ac   Code   RO         3685    i.rt_data_queue_pop  dataqueue.o
    0x08011f84   0x08011f84   0x0000014c   Code   RO         3686    i.rt_data_queue_push  dataqueue.o
    0x080120d0   0x080120d0   0x00000054   Code   RO         1493    i.rt_debug          debug.o
    0x08012124   0x08012124   0x00000058   Code   RO        12613    i.rt_device_close   device.o
    0x0801217c   0x0801217c   0x00000040   Code   RO        12614    i.rt_device_control  device.o
    0x080121bc   0x080121bc   0x00000050   Code   RO        12615    i.rt_device_find    device.o
    0x0801220c   0x0801220c   0x000000e0   Code   RO        12618    i.rt_device_open    device.o
    0x080122ec   0x080122ec   0x00000060   Code   RO        12619    i.rt_device_read    device.o
    0x0801234c   0x0801234c   0x00000032   Code   RO        12620    i.rt_device_register  device.o
    0x0801237e   0x0801237e   0x00000002   PAD
    0x08012380   0x08012380   0x00000030   Code   RO        12621    i.rt_device_set_rx_indicate  device.o
    0x080123b0   0x080123b0   0x00000060   Code   RO        12624    i.rt_device_write   device.o
    0x08012410   0x08012410   0x0000006c   Code   RO         6187    i.rt_drtc_hw_config  drtc.o
    0x0801247c   0x0801247c   0x0000001c   Code   RO        13479    i.rt_enter_critical  scheduler.o
    0x08012498   0x08012498   0x00000048   Code   RO        12751    i.rt_event_init     ipc.o
    0x080124e0   0x080124e0   0x000001bc   Code   RO        12752    i.rt_event_recv     ipc.o
    0x0801269c   0x0801269c   0x000000c0   Code   RO        12753    i.rt_event_send     ipc.o
    0x0801275c   0x0801275c   0x00000030   Code   RO        13480    i.rt_exit_critical  scheduler.o
    0x0801278c   0x0801278c   0x0000015c   Code   RO        13228    i.rt_free           mem.o
    0x080128e8   0x080128e8   0x00000030   Code   RO          176    i.rt_hw_board_init  board.o
    0x08012918   0x08012918   0x00000002   Code   RO        13044    i.rt_hw_console_output  kservice.o
    0x0801291a   0x0801291a   0x00000002   PAD
    0x0801291c   0x0801291c   0x00000108   Code   RO        11277    i.rt_hw_hard_fault_exception  cpuport.o
    0x08012a24   0x08012a24   0x00000064   Code   RO         4279    i.rt_hw_key_register  key.o
    0x08012a88   0x08012a88   0x000000d0   Code   RO         6246    i.rt_hw_rtc_init    stm32f4_rtc.o
    0x08012b58   0x08012b58   0x00000120   Code   RO         3593    i.rt_hw_serial_isr  serial.o
    0x08012c78   0x08012c78   0x0000007c   Code   RO         3594    i.rt_hw_serial_register  serial.o
    0x08012cf4   0x08012cf4   0x0000003c   Code   RO        11278    i.rt_hw_stack_init  cpuport.o
    0x08012d30   0x08012d30   0x000000a4   Code   RO          454    i.rt_init_thread_entry  application.o
    0x08012dd4   0x08012dd4   0x0000001c   Code   RO        13008    i.rt_interrupt_enter  irq.o
    0x08012df0   0x08012df0   0x0000000c   Code   RO        13009    i.rt_interrupt_get_nest  irq.o
    0x08012dfc   0x08012dfc   0x0000001c   Code   RO        13010    i.rt_interrupt_leave  irq.o
    0x08012e18   0x08012e18   0x0000000e   Code   RO        12754    i.rt_ipc_list_resume  ipc.o
    0x08012e26   0x08012e26   0x00000050   Code   RO        12756    i.rt_ipc_list_suspend  ipc.o
    0x08012e76   0x08012e76   0x00000010   Code   RO         4281    i.rt_key_init       key.o
    0x08012e86   0x08012e86   0x00000002   PAD
    0x08012e88   0x08012e88   0x00000048   Code   RO        13045    i.rt_kprintf        kservice.o
    0x08012ed0   0x08012ed0   0x0000000e   Code   RO        13376    i.rt_list_insert_after  object.o
    0x08012ede   0x08012ede   0x0000000e   Code   RO        13558    i.rt_list_insert_after  thread.o
    0x08012eec   0x08012eec   0x0000000e   Code   RO        13674    i.rt_list_insert_after  timer.o
    0x08012efa   0x08012efa   0x0000000e   Code   RO         3688    i.rt_list_insert_before  dataqueue.o
    0x08012f08   0x08012f08   0x0000000e   Code   RO        12757    i.rt_list_insert_before  ipc.o
    0x08012f16   0x08012f16   0x0000000e   Code   RO         3653    i.rt_list_isempty   completion.o
    0x08012f24   0x08012f24   0x0000000e   Code   RO         3689    i.rt_list_isempty   dataqueue.o
    0x08012f32   0x08012f32   0x0000000e   Code   RO        11371    i.rt_list_isempty   cmd.o
    0x08012f40   0x08012f40   0x0000000e   Code   RO        12758    i.rt_list_isempty   ipc.o
    0x08012f4e   0x08012f4e   0x0000000e   Code   RO        13675    i.rt_list_isempty   timer.o
    0x08012f5c   0x08012f5c   0x00000012   Code   RO        11372    i.rt_list_len       cmd.o
    0x08012f6e   0x08012f6e   0x00000012   Code   RO        13377    i.rt_list_remove    object.o
    0x08012f80   0x08012f80   0x00000012   Code   RO        13559    i.rt_list_remove    thread.o
    0x08012f92   0x08012f92   0x00000002   PAD
    0x08012f94   0x08012f94   0x000001f8   Code   RO        13230    i.rt_malloc         mem.o
    0x0801318c   0x0801318c   0x0000004a   Code   RO        13048    i.rt_memcpy         kservice.o
    0x080131d6   0x080131d6   0x0000002e   Code   RO        13049    i.rt_memmove        kservice.o
    0x08013204   0x08013204   0x00000044   Code   RO        13050    i.rt_memset         kservice.o
    0x08013248   0x08013248   0x000000a8   Code   RO        13378    i.rt_object_allocate  object.o
    0x080132f0   0x080132f0   0x00000094   Code   RO        13380    i.rt_object_delete  object.o
    0x08013384   0x08013384   0x00000050   Code   RO        13381    i.rt_object_detach  object.o
    0x080133d4   0x080133d4   0x00000048   Code   RO        13385    i.rt_object_init    object.o
    0x0801341c   0x0801341c   0x00000038   Code   RO        13386    i.rt_object_is_systemobject  object.o
    0x08013454   0x08013454   0x00000170   Code   RO         6247    i.rt_rtc_control    stm32f4_rtc.o
    0x080135c4   0x080135c4   0x00000004   Code   RO         6248    i.rt_rtc_open       stm32f4_rtc.o
    0x080135c8   0x080135c8   0x00000004   Code   RO         6249    i.rt_rtc_read       stm32f4_rtc.o
    0x080135cc   0x080135cc   0x0000006c   Code   RO        13481    i.rt_schedule       scheduler.o
    0x08013638   0x08013638   0x0000006c   Code   RO        13482    i.rt_schedule_insert_thread  scheduler.o
    0x080136a4   0x080136a4   0x00000070   Code   RO        13483    i.rt_schedule_remove_thread  scheduler.o
    0x08013714   0x08013714   0x00000048   Code   RO        12786    i.rt_sem_init       ipc.o
    0x0801375c   0x0801375c   0x0000004c   Code   RO        12787    i.rt_sem_release    ipc.o
    0x080137a8   0x080137a8   0x00000160   Code   RO        12788    i.rt_sem_take       ipc.o
    0x08013908   0x08013908   0x00000138   Code   RO         3595    i.rt_serial_close   serial.o
    0x08013a40   0x08013a40   0x00000060   Code   RO         3596    i.rt_serial_control  serial.o
    0x08013aa0   0x08013aa0   0x00000044   Code   RO         3597    i.rt_serial_init    serial.o
    0x08013ae4   0x08013ae4   0x000001a0   Code   RO         3598    i.rt_serial_open    serial.o
    0x08013c84   0x08013c84   0x0000009c   Code   RO         3599    i.rt_serial_read    serial.o
    0x08013d20   0x08013d20   0x0000011c   Code   RO         3600    i.rt_serial_write   serial.o
    0x08013e3c   0x08013e3c   0x00000020   Code   RO        13051    i.rt_set_errno      kservice.o
    0x08013e5c   0x08013e5c   0x000000b0   Code   RO        13052    i.rt_show_version   kservice.o
    0x08013f0c   0x08013f0c   0x00000010   Code   RO        13058    i.rt_strlen         kservice.o
    0x08013f1c   0x08013f1c   0x00000020   Code   RO        13059    i.rt_strncmp        kservice.o
    0x08013f3c   0x08013f3c   0x00000026   Code   RO        13060    i.rt_strncpy        kservice.o
    0x08013f62   0x08013f62   0x00000002   PAD
    0x08013f64   0x08013f64   0x00000104   Code   RO        13234    i.rt_system_heap_init  mem.o
    0x08014068   0x08014068   0x00000002   Code   RO        13390    i.rt_system_object_init  object.o
    0x0801406a   0x0801406a   0x00000002   PAD
    0x0801406c   0x0801406c   0x00000034   Code   RO        13485    i.rt_system_scheduler_init  scheduler.o
    0x080140a0   0x080140a0   0x00000028   Code   RO        13486    i.rt_system_scheduler_start  scheduler.o
    0x080140c8   0x080140c8   0x00000002   Code   RO        12575    i.rt_system_tick_init  clock.o
    0x080140ca   0x080140ca   0x00000002   PAD
    0x080140cc   0x080140cc   0x00000018   Code   RO        13676    i.rt_system_timer_init  timer.o
    0x080140e4   0x080140e4   0x00000002   Code   RO        13677    i.rt_system_timer_thread_init  timer.o
    0x080140e6   0x080140e6   0x00000048   Code   RO        13561    i.rt_thread_create  thread.o
    0x0801412e   0x0801412e   0x00000004   Code   RO        13562    i.rt_thread_delay   thread.o
    0x08014132   0x08014132   0x00000002   PAD
    0x08014134   0x08014134   0x00000058   Code   RO        13565    i.rt_thread_exit    thread.o
    0x0801418c   0x0801418c   0x00000018   Code   RO        12697    i.rt_thread_idle_entry  idle.o
    0x080141a4   0x080141a4   0x000000b4   Code   RO        12698    i.rt_thread_idle_excute  idle.o
    0x08014258   0x08014258   0x00000038   Code   RO        12699    i.rt_thread_idle_init  idle.o
    0x08014290   0x08014290   0x00000080   Code   RO        13567    i.rt_thread_init    thread.o
    0x08014310   0x08014310   0x00000060   Code   RO        13568    i.rt_thread_resume  thread.o
    0x08014370   0x08014370   0x0000000c   Code   RO        13569    i.rt_thread_self    thread.o
    0x0801437c   0x0801437c   0x00000068   Code   RO        13570    i.rt_thread_sleep   thread.o
    0x080143e4   0x080143e4   0x00000084   Code   RO        13571    i.rt_thread_startup  thread.o
    0x08014468   0x08014468   0x0000005c   Code   RO        13572    i.rt_thread_suspend  thread.o
    0x080144c4   0x080144c4   0x00000080   Code   RO        13573    i.rt_thread_timeout  thread.o
    0x08014544   0x08014544   0x0000005c   Code   RO        13574    i.rt_thread_yield   thread.o
    0x080145a0   0x080145a0   0x0000000c   Code   RO        12577    i.rt_tick_get       clock.o
    0x080145ac   0x080145ac   0x0000002c   Code   RO        12578    i.rt_tick_increase  clock.o
    0x080145d8   0x080145d8   0x0000007c   Code   RO        13678    i.rt_timer_check    timer.o
    0x08014654   0x08014654   0x00000060   Code   RO        13679    i.rt_timer_control  timer.o
    0x080146b4   0x080146b4   0x0000002e   Code   RO        13680    i.rt_timer_create   timer.o
    0x080146e2   0x080146e2   0x00000002   PAD
    0x080146e4   0x080146e4   0x00000044   Code   RO        13682    i.rt_timer_detach   timer.o
    0x08014728   0x08014728   0x00000050   Code   RO        13683    i.rt_timer_init     timer.o
    0x08014778   0x08014778   0x00000108   Code   RO        13685    i.rt_timer_start    timer.o
    0x08014880   0x08014880   0x00000064   Code   RO        13686    i.rt_timer_stop     timer.o
    0x080148e4   0x080148e4   0x00000250   Code   RO        13062    i.rt_vsnprintf      kservice.o
    0x08014b34   0x08014b34   0x00000078   Code   RO         6250    i.rtc_set           stm32f4_rtc.o
    0x08014bac   0x08014bac   0x00000054   Code   RO          272    i.rtthread_startup  startup.o
    0x08014c00   0x08014c00   0x00000978   Code   RO         2063    i.send_data         send_data.o
    0x08015578   0x08015578   0x00000060   Code   RO         3534    i.set_date          rtc.o
    0x080155d8   0x080155d8   0x00000018   Code   RO         5340    i.set_iic_scl       iic.o
    0x080155f0   0x080155f0   0x00000018   Code   RO         5341    i.set_iic_sda       iic.o
    0x08015608   0x08015608   0x00000024   Code   RO         1615    i.set_motor_control_speed_s32  motor_control.o
    0x0801562c   0x0801562c   0x0000000c   Code   RO         1616    i.set_motor_control_type  motor_control.o
    0x08015638   0x08015638   0x0000006c   Code   RO         5623    i.set_motor_pwm     motor.o
    0x080156a4   0x080156a4   0x00000058   Code   RO         3535    i.set_time          rtc.o
    0x080156fc   0x080156fc   0x0000002c   Code   RO        12478    i.shell_handle_history  shell.o
    0x08015728   0x08015728   0x00000084   Code   RO        12479    i.shell_push_history  shell.o
    0x080157ac   0x080157ac   0x00000078   Code   RO         6251    i.show_time         stm32f4_rtc.o
    0x08015824   0x08015824   0x00000030   Code   RO        11373    i.show_wait_queue   cmd.o
    0x08015854   0x08015854   0x00000028   Code   RO        13064    i.skip_atoi         kservice.o
    0x0801587c   0x0801587c   0x0000002c   Code   RO         4708    i.soft_timeout_1000ms  time_control.o
    0x080158a8   0x080158a8   0x00000020   Code   RO         4709    i.soft_timeout_100ms  time_control.o
    0x080158c8   0x080158c8   0x00000048   Code   RO         4710    i.soft_timeout_10ms  time_control.o
    0x08015910   0x08015910   0x00000068   Code   RO         6018    i.sonar_exti_configuration  sonar.o
    0x08015978   0x08015978   0x00000068   Code   RO         6019    i.sonar_gpio_configuration  sonar.o
    0x080159e0   0x080159e0   0x0000000e   Code   RO         6020    i.sonar_init        sonar.o
    0x080159ee   0x080159ee   0x00000002   PAD
    0x080159f0   0x080159f0   0x00000040   Code   RO         6021    i.sonar_launch      sonar.o
    0x08015a30   0x08015a30   0x0000006e   Code   RO        14029    i.sqrt              m_wm.l(sqrt.o)
    0x08015a9e   0x08015a9e   0x0000003e   Code   RO        14041    i.sqrtf             m_wm.l(sqrtf.o)
    0x08015adc   0x08015adc   0x000000b0   Code   RO         4213    i.stm32_configure   usart.o
    0x08015b8c   0x08015b8c   0x0000007c   Code   RO         4214    i.stm32_control     usart.o
    0x08015c08   0x08015c08   0x0000003c   Code   RO         4215    i.stm32_getc        usart.o
    0x08015c44   0x08015c44   0x000000ac   Code   RO         4216    i.stm32_hw_usart_init  usart.o
    0x08015cf0   0x08015cf0   0x0000003c   Code   RO         4217    i.stm32_putc        usart.o
    0x08015d2c   0x08015d2c   0x0000001a   Code   RO        11374    i.str_common        cmd.o
    0x08015d46   0x08015d46   0x0000001a   Code   RO        11375    i.str_is_prefix     cmd.o
    0x08015d60   0x08015d60   0x00000084   Code   RO          848    i.sys_power_control  mower_common.o
    0x08015de4   0x08015de4   0x0000001c   Code   RO          849    i.sys_power_control_delaly  mower_common.o
    0x08015e00   0x08015e00   0x0000003a   Code   RO          675    i.systick_us_delay  delay.o
    0x08015e3a   0x08015e3a   0x0000001a   Code   RO          724    i.text_box_add      thread_ui.o
    0x08015e54   0x08015e54   0x000000a0   Code   RO          727    i.text_box_parse    thread_ui.o
    0x08015ef4   0x08015ef4   0x00000044   Code   RO         3536    i.time              rtc.o
    0x08015f38   0x08015f38   0x00000068   Code   RO         4711    i.time_control_clock_init  time_control.o
    0x08015fa0   0x08015fa0   0x0000007c   Code   RO         4714    i.time_event        time_control.o
    0x0801601c   0x0801601c   0x00000064   Code   RO        12206    i.token_get_string  finsh_token.o
    0x08016080   0x08016080   0x00000038   Code   RO        12207    i.token_next_char   finsh_token.o
    0x080160b8   0x080160b8   0x00000012   Code   RO        12208    i.token_prev_char   finsh_token.o
    0x080160ca   0x080160ca   0x0000008e   Code   RO        12209    i.token_proc_char   finsh_token.o
    0x08016158   0x08016158   0x000000a8   Code   RO        12210    i.token_proc_escape  finsh_token.o
    0x08016200   0x08016200   0x000000ee   Code   RO        12211    i.token_proc_number  finsh_token.o
    0x080162ee   0x080162ee   0x00000002   PAD
    0x080162f0   0x080162f0   0x000001b8   Code   RO        12212    i.token_run         finsh_token.o
    0x080164a8   0x080164a8   0x00000070   Code   RO        12213    i.token_spec_number  finsh_token.o
    0x08016518   0x08016518   0x000000c8   Code   RO         2186    i.trackPoint        motion_imu.o
    0x080165e0   0x080165e0   0x0000004c   Code   RO         4556    i.transfer_command  lcd12864_io_spi.o
    0x0801662c   0x0801662c   0x0000004c   Code   RO         4557    i.transfer_data     lcd12864_io_spi.o
    0x08016678   0x08016678   0x00000100   Code   RO          527    i.trapping_detect   thread_gps.o
    0x08016778   0x08016778   0x000000d4   Code   RO         6097    i.uart_emsensor_init  usart_driver.o
    0x0801684c   0x0801684c   0x0000037c   Code   RO          528    i.ubx_nav_pvt       thread_gps.o
    0x08016bc8   0x08016bc8   0x00000018   Code   RO         4827    i.update_all_sensors  hardware.o
    0x08016be0   0x08016be0   0x00000026   Code   RO          529    i.update_iter       thread_gps.o
    0x08016c06   0x08016c06   0x00000002   PAD
    0x08016c08   0x08016c08   0x00000028   Code   RO         5138    i.update_left_encoder  encoder.o
    0x08016c30   0x08016c30   0x00000088   Code   RO         5521    i.update_mag        ist8310.o
    0x08016cb8   0x08016cb8   0x00000088   Code   RO         5568    i.update_mag2       ist83102.o
    0x08016d40   0x08016d40   0x00000048   Code   RO         1619    i.update_motor_control  motor_control.o
    0x08016d88   0x08016d88   0x00000024   Code   RO         5624    i.update_motor_current  motor.o
    0x08016dac   0x08016dac   0x00000028   Code   RO         5139    i.update_right_encoder  encoder.o
    0x08016dd4   0x08016dd4   0x000000b8   Code   RO         6098    i.usart_bms_init    usart_driver.o
    0x08016e8c   0x08016e8c   0x000000d8   Code   RO         6102    i.usart_gps_init    usart_driver.o
    0x08016f64   0x08016f64   0x00000016   Code   RO         6103    i.usart_send_byte   usart_driver.o
    0x08016f7a   0x08016f7a   0x00000012   Code   RO         6104    i.usarts_init       usart_driver.o
    0x08016f8c   0x08016f8c   0x00000026   Code   RO         2409    i.var               movvarf.o
    0x08016fb2   0x08016fb2   0x0000000a   Code   RO        11376    i.version           cmd.o
    0x08016fbc   0x08016fbc   0x00000048   Code   RO         4465    i.wheel_up_init     wheel_up.o
    0x08017004   0x08017004   0x00000044   Code   RO          855    i.work_pattern_switch  mower_common.o
    0x08017048   0x08017048   0x00000014   Code   RO         2451    i.yaw_init          imu_processing.o
    0x0801705c   0x0801705c   0x0000002c   Code   RO        14177    locale$$code        c_w.l(lc_ctype_c.o)
    0x08017088   0x08017088   0x0000002c   Code   RO        14180    locale$$code        c_w.l(lc_time_c.o)
    0x080170b4   0x080170b4   0x0000002c   Code   RO        14418    locale$$code        c_w.l(lc_numeric_c.o)
    0x080170e0   0x080170e0   0x00000018   Code   RO        13857    x$fpl$basic         fz_wm.l(basic.o)
    0x080170f8   0x080170f8   0x00000062   Code   RO        13859    x$fpl$d2f           fz_wm.l(d2f.o)
    0x0801715a   0x0801715a   0x00000002   PAD
    0x0801715c   0x0801715c   0x00000150   Code   RO        13861    x$fpl$dadd          fz_wm.l(daddsub_clz.o)
    0x080172ac   0x080172ac   0x00000018   Code   RO        14071    x$fpl$dcmpinf       fz_wm.l(dcmpi.o)
    0x080172c4   0x080172c4   0x000002b0   Code   RO        13868    x$fpl$ddiv          fz_wm.l(ddiv.o)
    0x08017574   0x08017574   0x0000005e   Code   RO        13871    x$fpl$dfix          fz_wm.l(dfix.o)
    0x080175d2   0x080175d2   0x0000002e   Code   RO        13880    x$fpl$dflt          fz_wm.l(dflt_clz.o)
    0x08017600   0x08017600   0x00000026   Code   RO        13879    x$fpl$dfltu         fz_wm.l(dflt_clz.o)
    0x08017626   0x08017626   0x00000002   PAD
    0x08017628   0x08017628   0x0000008a   Code   RO        13886    x$fpl$dfltull       fz_wm.l(dfltll_clz.o)
    0x080176b2   0x080176b2   0x00000002   PAD
    0x080176b4   0x080176b4   0x00000078   Code   RO        13889    x$fpl$dleqf         fz_wm.l(dleqf.o)
    0x0801772c   0x0801772c   0x00000154   Code   RO        13891    x$fpl$dmul          fz_wm.l(dmul.o)
    0x08017880   0x08017880   0x0000009c   Code   RO        14075    x$fpl$dnaninf       fz_wm.l(dnaninf.o)
    0x0801791c   0x0801791c   0x0000000c   Code   RO        14077    x$fpl$dretinf       fz_wm.l(dretinf.o)
    0x08017928   0x08017928   0x0000006c   Code   RO        13893    x$fpl$drleqf        fz_wm.l(drleqf.o)
    0x08017994   0x08017994   0x00000016   Code   RO        13862    x$fpl$drsb          fz_wm.l(daddsub_clz.o)
    0x080179aa   0x080179aa   0x00000002   PAD
    0x080179ac   0x080179ac   0x00000198   Code   RO        14079    x$fpl$dsqrt         fz_wm.l(dsqrt_umaal.o)
    0x08017b44   0x08017b44   0x000001d4   Code   RO        13863    x$fpl$dsub          fz_wm.l(daddsub_clz.o)
    0x08017d18   0x08017d18   0x00000056   Code   RO        13895    x$fpl$f2d           fz_wm.l(f2d.o)
    0x08017d6e   0x08017d6e   0x00000060   Code   RO        13897    x$fpl$ffltll        fz_wm.l(ffltll_clz.o)
    0x08017dce   0x08017dce   0x0000008c   Code   RO        14081    x$fpl$fnaninf       fz_wm.l(fnaninf.o)
    0x08017e5a   0x08017e5a   0x0000000a   Code   RO        14383    x$fpl$fpinit        fz_wm.l(fpinit.o)
    0x08017e64   0x08017e64   0x0000000a   Code   RO        14083    x$fpl$fretinf       fz_wm.l(fretinf.o)
    0x08017e6e   0x08017e6e   0x00000004   Code   RO        14340    x$fpl$printf1       fz_wm.l(printf1.o)
    0x08017e72   0x08017e72   0x00000004   Code   RO        14342    x$fpl$printf2       fz_wm.l(printf2.o)
    0x08017e76   0x08017e76   0x00000000   Code   RO        14087    x$fpl$usenofp       fz_wm.l(usenofp.o)
    0x08017e76   0x08017e76   0x00000002   PAD
    0x08017e78   0x08017e78   0x00000048   Data   RO          533    .constdata          thread_gps.o
    0x08017ec0   0x08017ec0   0x00000048   Data   RO         1109    .constdata          thread_imu.o
    0x08017f08   0x08017f08   0x0000008e   Data   RO         1697    .constdata          ekf7_gps6_mu.o
    0x08017f96   0x08017f96   0x0000005b   Data   RO         1743    .constdata          ekf7_odom_mu.o
    0x08017ff1   0x08017ff1   0x00000003   PAD
    0x08017ff4   0x08017ff4   0x0000003d   Data   RO         1768    .constdata          ekf7_tu.o
    0x08018031   0x08018031   0x00000010   Data   RO         1843    .constdata          mu_att_ekf.o
    0x08018041   0x08018041   0x00000020   Data   RO         1893    .constdata          tu_att_ekf.o
    0x08018061   0x08018061   0x00000003   Data   RO         2453    .constdata          imu_processing.o
    0x08018064   0x08018064   0x000000d3   Data   RO         3601    .constdata          serial.o
    0x08018137   0x08018137   0x00000039   Data   RO         3654    .constdata          completion.o
    0x08018170   0x08018170   0x0000004b   Data   RO         3690    .constdata          dataqueue.o
    0x080181bb   0x080181bb   0x00000001   PAD
    0x080181bc   0x080181bc   0x00000050   Data   RO         4219    .constdata          usart.o
    0x0801820c   0x0801820c   0x00000013   Data   RO         4284    .constdata          key.o
    0x0801821f   0x0801821f   0x00000833   Data   RO         4559    .constdata          lcd12864_io_spi.o
    0x08018a52   0x08018a52   0x0000023a   Data   RO         4560    .constdata          lcd12864_io_spi.o
    0x08018c8c   0x08018c8c   0x0000000f   Data   RO         6253    .constdata          stm32f4_rtc.o
    0x08018c9b   0x08018c9b   0x00000001   PAD
    0x08018c9c   0x08018c9c   0x00000050   Data   RO        11377    .constdata          cmd.o
    0x08018cec   0x08018cec   0x000000c4   Data   RO        11850    .constdata          finsh_ops.o
    0x08018db0   0x08018db0   0x00000040   Data   RO        12214    .constdata          finsh_token.o
    0x08018df0   0x08018df0   0x0000000e   Data   RO        12371    .constdata          msh.o
    0x08018dfe   0x08018dfe   0x00000060   Data   RO        12481    .constdata          shell.o
    0x08018e5e   0x08018e5e   0x000000a8   Data   RO        12625    .constdata          device.o
    0x08018f06   0x08018f06   0x00000016   Data   RO        12702    .constdata          idle.o
    0x08018f1c   0x08018f1c   0x000001d7   Data   RO        12790    .constdata          ipc.o
    0x080190f3   0x080190f3   0x00000122   Data   RO        13066    .constdata          kservice.o
    0x08019215   0x08019215   0x00000046   Data   RO        13236    .constdata          mem.o
    0x0801925b   0x0801925b   0x0000005e   Data   RO        13391    .constdata          object.o
    0x080192b9   0x080192b9   0x0000004e   Data   RO        13488    .constdata          scheduler.o
    0x08019307   0x08019307   0x000000aa   Data   RO        13575    .constdata          thread.o
    0x080193b1   0x080193b1   0x0000005c   Data   RO        13688    .constdata          timer.o
    0x0801940d   0x0801940d   0x00000003   PAD
    0x08019410   0x08019410   0x00000050   Data   RO        13914    .constdata          m_wm.l(asin.o)
    0x08019460   0x08019460   0x00000098   Data   RO        13928    .constdata          m_wm.l(atan.o)
    0x080194f8   0x080194f8   0x0000000c   Data   RO        14068    .constdata          c_w.l(_monlen.o)
    0x08019504   0x08019504   0x00000004   PAD
    0x08019508   0x08019508   0x00000030   Data   RO        14089    .constdata          m_wm.l(cos_i.o)
    0x08019538   0x08019538   0x00000008   Data   RO        14125    .constdata          m_wm.l(qnan.o)
    0x08019540   0x08019540   0x000000c8   Data   RO        14128    .constdata          m_wm.l(rred.o)
    0x08019608   0x08019608   0x00000028   Data   RO        14132    .constdata          m_wm.l(sin_i.o)
    0x08019630   0x08019630   0x00000008   Data   RO        14217    .constdata          c_w.l(_printf_wctomb.o)
    0x08019638   0x08019638   0x00000028   Data   RO        14246    .constdata          c_w.l(_printf_hex_int_ll_ptr.o)
    0x08019660   0x08019660   0x00000011   Data   RO        14266    .constdata          c_w.l(__printf_flags_ss_wp.o)
    0x08019671   0x08019671   0x00000026   Data   RO        14366    .constdata          c_w.l(_printf_fp_hex.o)
    0x08019697   0x08019697   0x00000001   PAD
    0x08019698   0x08019698   0x00000094   Data   RO        14393    .constdata          c_w.l(bigflt0.o)
    0x0801972c   0x0801972c   0x000001ad   Data   RO        11378    .conststring        cmd.o
    0x080198d9   0x080198d9   0x00000003   PAD
    0x080198dc   0x080198dc   0x000000f3   Data   RO        11636    .conststring        finsh_error.o
    0x080199cf   0x080199cf   0x00000001   PAD
    0x080199d0   0x080199d0   0x0000003e   Data   RO        12215    .conststring        finsh_token.o
    0x08019a0e   0x08019a0e   0x00000002   PAD
    0x08019a10   0x08019a10   0x000000ed   Data   RO        13237    .conststring        mem.o
    0x08019afd   0x08019afd   0x0000000a   Data   RO         3538    .rodata.name        rtc.o
    0x08019b07   0x08019b07   0x00000014   Data   RO         3539    .rodata.name        rtc.o
    0x08019b1b   0x08019b1b   0x00000009   Data   RO         3540    .rodata.name        rtc.o
    0x08019b24   0x08019b24   0x00000023   Data   RO         3541    .rodata.name        rtc.o
    0x08019b47   0x08019b47   0x00000009   Data   RO         3542    .rodata.name        rtc.o
    0x08019b50   0x08019b50   0x00000022   Data   RO         3543    .rodata.name        rtc.o
    0x08019b72   0x08019b72   0x0000000a   Data   RO         6254    .rodata.name        stm32f4_rtc.o
    0x08019b7c   0x08019b7c   0x00000013   Data   RO         6255    .rodata.name        stm32f4_rtc.o
    0x08019b8f   0x08019b8f   0x00000008   Data   RO         6256    .rodata.name        stm32f4_rtc.o
    0x08019b97   0x08019b97   0x0000000a   Data   RO         6257    .rodata.name        stm32f4_rtc.o
    0x08019ba1   0x08019ba1   0x00000006   Data   RO        11380    .rodata.name        cmd.o
    0x08019ba7   0x08019ba7   0x00000010   Data   RO        11381    .rodata.name        cmd.o
    0x08019bb7   0x08019bb7   0x00000008   Data   RO        11382    .rodata.name        cmd.o
    0x08019bbf   0x08019bbf   0x00000023   Data   RO        11383    .rodata.name        cmd.o
    0x08019be2   0x08019be2   0x0000000e   Data   RO        11384    .rodata.name        cmd.o
    0x08019bf0   0x08019bf0   0x00000023   Data   RO        11385    .rodata.name        cmd.o
    0x08019c13   0x08019c13   0x0000000c   Data   RO        11386    .rodata.name        cmd.o
    0x08019c1f   0x08019c1f   0x0000000c   Data   RO        11387    .rodata.name        cmd.o
    0x08019c2b   0x08019c2b   0x00000012   Data   RO        11388    .rodata.name        cmd.o
    0x08019c3d   0x08019c3d   0x0000000c   Data   RO        11389    .rodata.name        cmd.o
    0x08019c49   0x08019c49   0x00000009   Data   RO        11390    .rodata.name        cmd.o
    0x08019c52   0x08019c52   0x00000019   Data   RO        11391    .rodata.name        cmd.o
    0x08019c6b   0x08019c6b   0x0000000f   Data   RO        11392    .rodata.name        cmd.o
    0x08019c7a   0x08019c7a   0x00000019   Data   RO        11393    .rodata.name        cmd.o
    0x08019c93   0x08019c93   0x0000000b   Data   RO        11394    .rodata.name        cmd.o
    0x08019c9e   0x08019c9e   0x00000015   Data   RO        11395    .rodata.name        cmd.o
    0x08019cb3   0x08019cb3   0x00000011   Data   RO        11396    .rodata.name        cmd.o
    0x08019cc4   0x08019cc4   0x00000015   Data   RO        11397    .rodata.name        cmd.o
    0x08019cd9   0x08019cd9   0x0000000b   Data   RO        11398    .rodata.name        cmd.o
    0x08019ce4   0x08019ce4   0x00000015   Data   RO        11399    .rodata.name        cmd.o
    0x08019cf9   0x08019cf9   0x00000011   Data   RO        11400    .rodata.name        cmd.o
    0x08019d0a   0x08019d0a   0x00000015   Data   RO        11401    .rodata.name        cmd.o
    0x08019d1f   0x08019d1f   0x0000000d   Data   RO        11402    .rodata.name        cmd.o
    0x08019d2c   0x08019d2c   0x00000018   Data   RO        11403    .rodata.name        cmd.o
    0x08019d44   0x08019d44   0x00000013   Data   RO        11404    .rodata.name        cmd.o
    0x08019d57   0x08019d57   0x00000018   Data   RO        11405    .rodata.name        cmd.o
    0x08019d6f   0x08019d6f   0x0000000e   Data   RO        11406    .rodata.name        cmd.o
    0x08019d7d   0x08019d7d   0x0000001d   Data   RO        11407    .rodata.name        cmd.o
    0x08019d9a   0x08019d9a   0x00000014   Data   RO        11408    .rodata.name        cmd.o
    0x08019dae   0x08019dae   0x0000001d   Data   RO        11409    .rodata.name        cmd.o
    0x08019dcb   0x08019dcb   0x0000000d   Data   RO        11410    .rodata.name        cmd.o
    0x08019dd8   0x08019dd8   0x0000001b   Data   RO        11411    .rodata.name        cmd.o
    0x08019df3   0x08019df3   0x00000013   Data   RO        11412    .rodata.name        cmd.o
    0x08019e06   0x08019e06   0x0000001b   Data   RO        11413    .rodata.name        cmd.o
    0x08019e21   0x08019e21   0x0000000b   Data   RO        11414    .rodata.name        cmd.o
    0x08019e2c   0x08019e2c   0x00000015   Data   RO        11415    .rodata.name        cmd.o
    0x08019e41   0x08019e41   0x00000011   Data   RO        11416    .rodata.name        cmd.o
    0x08019e52   0x08019e52   0x00000015   Data   RO        11417    .rodata.name        cmd.o
    0x08019e67   0x08019e67   0x0000000c   Data   RO        11418    .rodata.name        cmd.o
    0x08019e73   0x08019e73   0x00000016   Data   RO        11419    .rodata.name        cmd.o
    0x08019e89   0x08019e89   0x00000012   Data   RO        11420    .rodata.name        cmd.o
    0x08019e9b   0x08019e9b   0x00000016   Data   RO        11421    .rodata.name        cmd.o
    0x08019eb1   0x08019eb1   0x00000005   Data   RO        11422    .rodata.name        cmd.o
    0x08019eb6   0x08019eb6   0x0000001a   Data   RO        11423    .rodata.name        cmd.o
    0x08019ed0   0x08019ed0   0x00000006   Data   RO        11424    .rodata.name        cmd.o
    0x08019ed6   0x08019ed6   0x00000019   Data   RO        11425    .rodata.name        cmd.o
    0x08019eef   0x08019eef   0x0000000b   Data   RO        12373    .rodata.name        msh.o
    0x08019efa   0x08019efa   0x00000020   Data   RO        12374    .rodata.name        msh.o
    0x08019f1a   0x08019f1a   0x00000004   Data   RO        12375    .rodata.name        msh.o
    0x08019f1e   0x08019f1e   0x00000011   Data   RO        12376    .rodata.name        msh.o
    0x08019f2f   0x08019f2f   0x0000000b   Data   RO        12377    .rodata.name        msh.o
    0x08019f3a   0x08019f3a   0x00000016   Data   RO        12378    .rodata.name        msh.o
    0x08019f50   0x08019f50   0x00000009   Data   RO        12435    .rodata.name        msh_cmd.o
    0x08019f59   0x08019f59   0x0000001c   Data   RO        12436    .rodata.name        msh_cmd.o
    0x08019f75   0x08019f75   0x0000000b   Data   RO        12437    .rodata.name        msh_cmd.o
    0x08019f80   0x08019f80   0x0000001b   Data   RO        12438    .rodata.name        msh_cmd.o
    0x08019f9b   0x08019f9b   0x0000000b   Data   RO        12439    .rodata.name        msh_cmd.o
    0x08019fa6   0x08019fa6   0x00000025   Data   RO        12440    .rodata.name        msh_cmd.o
    0x08019fcb   0x08019fcb   0x00000009   Data   RO        13239    .rodata.name        mem.o
    0x08019fd4   0x08019fd4   0x0000001e   Data   RO        13240    .rodata.name        mem.o
    0x08019ff2   0x08019ff2   0x00000002   PAD
    0x08019ff4   0x08019ff4   0x0000000c   Data   RO         3544    FSymTab             rtc.o
    0x0801a000   0x0801a000   0x0000000c   Data   RO         3545    FSymTab             rtc.o
    0x0801a00c   0x0801a00c   0x0000000c   Data   RO         3546    FSymTab             rtc.o
    0x0801a018   0x0801a018   0x0000000c   Data   RO         6258    FSymTab             stm32f4_rtc.o
    0x0801a024   0x0801a024   0x0000000c   Data   RO         6259    FSymTab             stm32f4_rtc.o
    0x0801a030   0x0801a030   0x0000000c   Data   RO        11426    FSymTab             cmd.o
    0x0801a03c   0x0801a03c   0x0000000c   Data   RO        11427    FSymTab             cmd.o
    0x0801a048   0x0801a048   0x0000000c   Data   RO        11428    FSymTab             cmd.o
    0x0801a054   0x0801a054   0x0000000c   Data   RO        11429    FSymTab             cmd.o
    0x0801a060   0x0801a060   0x0000000c   Data   RO        11430    FSymTab             cmd.o
    0x0801a06c   0x0801a06c   0x0000000c   Data   RO        11431    FSymTab             cmd.o
    0x0801a078   0x0801a078   0x0000000c   Data   RO        11432    FSymTab             cmd.o
    0x0801a084   0x0801a084   0x0000000c   Data   RO        11433    FSymTab             cmd.o
    0x0801a090   0x0801a090   0x0000000c   Data   RO        11434    FSymTab             cmd.o
    0x0801a09c   0x0801a09c   0x0000000c   Data   RO        11435    FSymTab             cmd.o
    0x0801a0a8   0x0801a0a8   0x0000000c   Data   RO        11436    FSymTab             cmd.o
    0x0801a0b4   0x0801a0b4   0x0000000c   Data   RO        11437    FSymTab             cmd.o
    0x0801a0c0   0x0801a0c0   0x0000000c   Data   RO        11438    FSymTab             cmd.o
    0x0801a0cc   0x0801a0cc   0x0000000c   Data   RO        11439    FSymTab             cmd.o
    0x0801a0d8   0x0801a0d8   0x0000000c   Data   RO        11440    FSymTab             cmd.o
    0x0801a0e4   0x0801a0e4   0x0000000c   Data   RO        11441    FSymTab             cmd.o
    0x0801a0f0   0x0801a0f0   0x0000000c   Data   RO        11442    FSymTab             cmd.o
    0x0801a0fc   0x0801a0fc   0x0000000c   Data   RO        11443    FSymTab             cmd.o
    0x0801a108   0x0801a108   0x0000000c   Data   RO        11444    FSymTab             cmd.o
    0x0801a114   0x0801a114   0x0000000c   Data   RO        11445    FSymTab             cmd.o
    0x0801a120   0x0801a120   0x0000000c   Data   RO        11446    FSymTab             cmd.o
    0x0801a12c   0x0801a12c   0x0000000c   Data   RO        11447    FSymTab             cmd.o
    0x0801a138   0x0801a138   0x0000000c   Data   RO        12379    FSymTab             msh.o
    0x0801a144   0x0801a144   0x0000000c   Data   RO        12380    FSymTab             msh.o
    0x0801a150   0x0801a150   0x0000000c   Data   RO        12381    FSymTab             msh.o
    0x0801a15c   0x0801a15c   0x0000000c   Data   RO        12441    FSymTab             msh_cmd.o
    0x0801a168   0x0801a168   0x0000000c   Data   RO        12442    FSymTab             msh_cmd.o
    0x0801a174   0x0801a174   0x0000000c   Data   RO        12443    FSymTab             msh_cmd.o
    0x0801a180   0x0801a180   0x0000000c   Data   RO        13241    FSymTab             mem.o
    0x0801a18c   0x0801a18c   0x00000020   Data   RO        14471    Region$$Table       anon$$obj.o
    0x0801a1ac   0x0801a1ac   0x00000010   Data   RO        11448    VSymTab             cmd.o
    0x0801a1bc   0x0801a1bc   0x00000110   Data   RO        14176    locale$$data        c_w.l(lc_ctype_c.o)
    0x0801a2cc   0x0801a2cc   0x00000180   Data   RO        14179    locale$$data        c_w.l(lc_time_c.o)
    0x0801a44c   0x0801a44c   0x0000001c   Data   RO        14417    locale$$data        c_w.l(lc_numeric_c.o)


    Execution Region RW_IRAM1 (Exec base: 0x20000000, Load base: 0x0801a468, Size: 0x000078e0, Max: 0x00030000, ABSOLUTE, COMPRESSED[0x000000e8])

    Exec Addr    Load Addr    Size         Type   Attr      Idx    E Section Name        Object

    0x20000000   COMPRESSED   0x00000014   Data   RW           16    .data               system_stm32f4xx.o
    0x20000014   COMPRESSED   0x0000000c   Data   RW          319    .data               stm32f4xx_it.o
    0x20000020   COMPRESSED   0x000000dc   Data   RW          534    .data               thread_gps.o
    0x200000fc   COMPRESSED   0x0000000c   Data   RW          623    .data               thread_key.o
    0x20000108   COMPRESSED   0x00000008   Data   RW          732    .data               thread_ui.o
    0x20000110   COMPRESSED   0x00000002   Data   RW          859    .data               mower_common.o
    0x20000112   COMPRESSED   0x00000002   PAD
    0x20000114   COMPRESSED   0x00000004   Data   RW         1110    .data               thread_imu.o
    0x20000118   COMPRESSED   0x00000004   Data   RW         1111    .data               thread_imu.o
    0x2000011c   COMPRESSED   0x00000004   Data   RW         1112    .data               thread_imu.o
    0x20000120   COMPRESSED   0x00000058   Data   RW         1113    .data               thread_imu.o
    0x20000178   COMPRESSED   0x00000004   Data   RW         1495    .data               debug.o
    0x2000017c   COMPRESSED   0x00000008   Data   RW         2039    .data               odom_preprocessing.o
    0x20000184   COMPRESSED   0x0000001c   Data   RW         2109    .data               motion_control.o
    0x200001a0   COMPRESSED   0x00000001   Data   RW         2454    .data               imu_processing.o
    0x200001a1   COMPRESSED   0x00000003   PAD
    0x200001a4   COMPRESSED   0x00000008   Data   RW         2626    .data               clock_time.o
    0x200001ac   COMPRESSED   0x00000004   Data   RW         3537    .data               rtc.o
    0x200001b0   COMPRESSED   0x00000008   Data   RW         4220    .data               usart.o
    0x200001b8   COMPRESSED   0x00000018   Data   RW         4285    .data               key.o
    0x200001d0   COMPRESSED   0x00000003   Data   RW         4346    .data               bumper_front.o
    0x200001d3   COMPRESSED   0x00000003   Data   RW         4466    .data               wheel_up.o
    0x200001d6   COMPRESSED   0x00000002   PAD
    0x200001d8   COMPRESSED   0x00000050   Data   RW         4717    .data               time_control.o
    0x20000228   COMPRESSED   0x0000000c   Data   RW         4833    .data               hardware.o
    0x20000234   COMPRESSED   0x00000004   Data   RW         4834    .data               hardware.o
    0x20000238   COMPRESSED   0x00000004   Data   RW         4835    .data               hardware.o
    0x2000023c   COMPRESSED   0x00000008   Data   RW         5035    .data               beep.o
    0x20000244   COMPRESSED   0x00000034   Data   RW         5140    .data               encoder.o
    0x20000278   COMPRESSED   0x00000008   Data   RW         5522    .data               ist8310.o
    0x20000280   COMPRESSED   0x00000008   Data   RW         5569    .data               ist83102.o
    0x20000288   COMPRESSED   0x00000040   Data   RW         6022    .data               sonar.o
    0x200002c8   COMPRESSED   0x0000000c   Data   RW         6106    .data               usart_driver.o
    0x200002d4   COMPRESSED   0x00000001   Data   RW         6324    .data               icm20602.o
    0x200002d5   COMPRESSED   0x00000010   Data   RW         9131    .data               stm32f4xx_rcc.o
    0x200002e5   COMPRESSED   0x00000003   PAD
    0x200002e8   COMPRESSED   0x00000004   Data   RW        11280    .data               cpuport.o
    0x200002ec   COMPRESSED   0x00000004   Data   RW        11281    .data               cpuport.o
    0x200002f0   COMPRESSED   0x00000004   Data   RW        11282    .data               cpuport.o
    0x200002f4   COMPRESSED   0x00000004   Data   RW        11283    .data               cpuport.o
    0x200002f8   COMPRESSED   0x00000004   Data   RW        11379    .data               cmd.o
    0x200002fc   COMPRESSED   0x00000008   Data   RW        11588    .data               finsh_compiler.o
    0x20000304   COMPRESSED   0x00000040   Data   RW        11637    .data               finsh_error.o
    0x20000344   COMPRESSED   0x00000008   Data   RW        11673    .data               finsh_heap.o
    0x2000034c   COMPRESSED   0x00000004   Data   RW        12278    .data               finsh_var.o
    0x20000350   COMPRESSED   0x0000000c   Data   RW        12328    .data               finsh_vm.o
    0x2000035c   COMPRESSED   0x00000004   Data   RW        12372    .data               msh.o
    0x20000360   COMPRESSED   0x00000004   Data   RW        12482    .data               shell.o
    0x20000364   COMPRESSED   0x00000004   Data   RW        12553    .data               symbol.o
    0x20000368   COMPRESSED   0x00000004   Data   RW        12554    .data               symbol.o
    0x2000036c   COMPRESSED   0x00000004   Data   RW        12555    .data               symbol.o
    0x20000370   COMPRESSED   0x00000004   Data   RW        12556    .data               symbol.o
    0x20000374   COMPRESSED   0x00000004   Data   RW        12580    .data               clock.o
    0x20000378   COMPRESSED   0x00000004   Data   RW        12703    .data               idle.o
    0x2000037c   COMPRESSED   0x00000001   Data   RW        13011    .data               irq.o
    0x2000037d   COMPRESSED   0x00000003   PAD
    0x20000380   COMPRESSED   0x0000000c   Data   RW        13067    .data               kservice.o
    0x2000038c   COMPRESSED   0x00000020   Data   RW        13238    .data               mem.o
    0x200003ac   COMPRESSED   0x000000a4   Data   RW        13392    .data               object.o
    0x20000450   COMPRESSED   0x00000018   Data   RW        13489    .data               scheduler.o
    0x20000468   COMPRESSED   0x00000010   Data   RW        13689    .data               timer.o
    0x20000478        -       0x00000138   Zero   RW          530    .bss                thread_gps.o
    0x200005b0        -       0x00000c00   Zero   RW          531    .bss                thread_gps.o
    0x200011b0        -       0x00000080   Zero   RW          532    .bss                thread_gps.o
    0x20001230        -       0x00000820   Zero   RW          728    .bss                thread_ui.o
    0x20001a50        -       0x00000020   Zero   RW          856    .bss                mower_common.o
    0x20001a70        -       0x00000020   Zero   RW          857    .bss                mower_common.o
    0x20001a90        -       0x000000b0   Zero   RW          858    .bss                mower_common.o
    0x20001b40        -       0x00000140   Zero   RW         1070    .bss                menu.o
    0x20001c80        -       0x00000c00   Zero   RW         1107    .bss                thread_imu.o
    0x20002880        -       0x00000080   Zero   RW         1108    .bss                thread_imu.o
    0x20002900        -       0x00000400   Zero   RW         1189    .bss                thread_motion.o
    0x20002d00        -       0x00000080   Zero   RW         1190    .bss                thread_motion.o
    0x20002d80        -       0x00000138   Zero   RW         1191    .bss                thread_motion.o
    0x20002eb8        -       0x00000400   Zero   RW         1438    .bss                thread_updata.o
    0x200032b8        -       0x00000080   Zero   RW         1439    .bss                thread_updata.o
    0x20003338        -       0x00000200   Zero   RW         1466    .bss                thread_wireless.o
    0x20003538        -       0x00000080   Zero   RW         1467    .bss                thread_wireless.o
    0x200035b8        -       0x00000064   Zero   RW         1494    .bss                debug.o
    0x2000361c   COMPRESSED   0x00000004   PAD
    0x20003620        -       0x00000108   Zero   RW         1620    .bss                motor_control.o
    0x20003728        -       0x0000001c   Zero   RW         2410    .bss                movvarf.o
    0x20003744        -       0x00000294   Zero   RW         2452    .bss                imu_processing.o
    0x200039d8        -       0x00000020   Zero   RW         2694    .bss                mqueue.o
    0x200039f8        -       0x00000040   Zero   RW         3356    .bss                pthread_tls.o
    0x20003a38        -       0x00000020   Zero   RW         3439    .bss                semaphore.o
    0x20003a58        -       0x00000054   Zero   RW         4218    .bss                usart.o
    0x20003aac        -       0x00000040   Zero   RW         4282    .bss                key.o
    0x20003aec        -       0x0000002c   Zero   RW         4715    .bss                time_control.o
    0x20003b18        -       0x0000002c   Zero   RW         4716    .bss                time_control.o
    0x20003b44        -       0x0000000c   Zero   RW         4828    .bss                hardware.o
    0x20003b50        -       0x00000010   Zero   RW         4829    .bss                hardware.o
    0x20003b60        -       0x0000004c   Zero   RW         4830    .bss                hardware.o
    0x20003bac        -       0x000000b8   Zero   RW         4831    .bss                hardware.o
    0x20003c64   COMPRESSED   0x00000004   PAD
    0x20003c68        -       0x00000018   Zero   RW         4832    .bss                hardware.o
    0x20003c80        -       0x0000001e   Zero   RW         4927    .bss                adc.o
    0x20003c9e   COMPRESSED   0x00000002   PAD
    0x20003ca0        -       0x0000000c   Zero   RW         5034    .bss                beep.o
    0x20003cac        -       0x00000018   Zero   RW         5625    .bss                motor.o
    0x20003cc4        -       0x0000001c   Zero   RW         5799    .bss                mpu6500_spi.o
    0x20003ce0        -       0x000000c8   Zero   RW         6105    .bss                usart_driver.o
    0x20003da8        -       0x00000040   Zero   RW         6252    .bss                stm32f4_rtc.o
    0x20003de8        -       0x00000080   Zero   RW        11672    .bss                finsh_heap.o
    0x20003e68        -       0x00000140   Zero   RW        11753    .bss                finsh_node.o
    0x20003fa8        -       0x000000c0   Zero   RW        12277    .bss                finsh_var.o
    0x20004068        -       0x00000180   Zero   RW        12327    .bss                finsh_vm.o
    0x200041e8        -       0x00000904   Zero   RW        12480    .bss                shell.o
    0x20004aec        -       0x00000480   Zero   RW        12701    .bss                idle.o
    0x20004f6c        -       0x00000080   Zero   RW        13065    .bss                kservice.o
    0x20004fec        -       0x00000020   Zero   RW        13235    .bss                mem.o
    0x2000500c        -       0x00000100   Zero   RW        13487    .bss                scheduler.o
    0x2000510c        -       0x0000002c   Zero   RW        13849    .bss                c_w.l(localtime.o)
    0x20005138        -       0x00000044   Zero   RW        14066    .bss                c_w.l(asctime.o)
    0x2000517c        -       0x00000060   Zero   RW        14138    .bss                c_w.l(libspace.o)
    0x200051dc   COMPRESSED   0x00000004   PAD
    0x200051e0        -       0x00000200   Zero   RW            2    HEAP                startup_stm32f429_439xx.o
    0x200053e0        -       0x00002500   Zero   RW            1    STACK               startup_stm32f429_439xx.o


==============================================================================

Image component sizes


      Code (inc. data)   RO Data    RW Data    ZI Data      Debug   Object Name

       444         34          0          0         30       2967   adc.o
         0          0          0          0          0       4428   alarm.o
       592        252          0          0          0       5156   application.o
       204         20          0          8         12       3376   beep.o
       154         12          0          0          0      31069   board.o
        92         10          0          3          0       1757   bumper_front.o
        58         12          0          4          0       1771   clock.o
        68         10          0          8          0       4970   clock_time.o
      2918       1364       1635          4          0      24111   cmd.o
       490        176         57          0          0       4363   completion.o
       268         24          0          0          0        840   context_rvds.o
       324        166          0         16          0       3646   cpuport.o
      1000        216         75          0          0       8235   dataqueue.o
        84         18          0          4        100        999   debug.o
        58          0          0          0          0        679   delay.o
       746        208        168          0          0       8530   device.o
       108         28          0          0          0        584   drtc.o
      2896         34        142          0          0       6793   ekf7_gps6_mu.o
      1620         14         91          0          0       4231   ekf7_odom_mu.o
      1348          8         61          0          0       3714   ekf7_tu.o
       610        104          0         52          0       5394   encoder.o
       202          0          0          0          0        832   eul2quatf.o
         0          0          0          0          0        708   filter.o
      2100        104          0          8          0      10718   finsh_compiler.o
        48         18        243         64          0       2951   finsh_error.o
       444         26          0          8        128       5639   finsh_heap.o
        56          6          0          0          0       2256   finsh_init.o
       336         10          0          0        320       6522   finsh_node.o
      1742        296        196          0          0      28186   finsh_ops.o
      1902         32          0          0          0      17583   finsh_parser.o
      1316         16        126          0          0       9898   finsh_token.o
       256         30          0          4        192       8442   finsh_var.o
       136         24          0         12        384       7495   finsh_vm.o
      1112         44          0          0          0       3609   hampel.o
      1014        124          0         20        312       4587   hardware.o
       656         34          0          1          0       5336   icm20602.o
       280         74         22          4       1152       3918   idle.o
       634         28          0          0          0       7974   iic.o
      1954        130          3          1        660       7729   imu_processing.o
      1330        332        471          0          0      31004   ipc.o
        68         18          0          1          0       2166   irq.o
       336          8          0          8          0       4011   ist8310.o
       336          8          0          8          0       4032   ist83102.o
       926        398         19         24         64       6199   key.o
      1712        240        290         12        128      16097   kservice.o
       252         34       2669          0          0       4289   lcd12864_io_spi.o
       288          4          0          0          0       1654   map_ellipse_mapping.o
        22          0          0          0          0       1166   math_custom.o
      1452        592        358         32         32       6992   mem.o
         0          0          0          0        320       3856   menu.o
       504        216          0          0          0       3291   misc.o
       542         50          0         28          0       5371   motion_control.o
       390         18          0          0          0       5075   motion_imu.o
        16          0          0          0          0       1860   motion_mag_line.o
       204         22          0          0          0       1857   motion_sense.o
      1006         84          0          0         24       8698   motor.o
       244         22          0          0        264       5369   motor_control.o
       262         10          0          0         28       1850   movvarf.o
       276         28          0          2        240       6233   mower_common.o
       632         44          0          0          0       2543   mower_hw_config.o
       744         46          0          0         28       6106   mpu6500_spi.o
        20          8          0          0         32       2827   mqueue.o
       770        156        147          4          0       8801   msh.o
        24          0        159          0          0       3083   msh_cmd.o
      1458         10         16          0          0       3625   mu_att_ekf.o
       558        182         94        164          0       7709   object.o
       116         10          0          8          0        929   odom_preprocessing.o
       136         22          0          0          0        625   power.o
        22          0          0          0          0       1526   pthread.o
        16          6          0          0         64       1241   pthread_tls.o
       358          0          0          0          0        936   quat2eulf.o
        26          4          0          0          0       1024   rainbow_led.o
       284         28        153          4          0       9503   rtc.o
       676        212         78         24        256       7294   scheduler.o
        24         12          0          0         32       1908   semaphore.o
      2424         20          0          0          0       2972   send_data.o
      2060        498        211          0          0      11959   serial.o
      1916        330         96          4       2308      10210   shell.o
       670         42          0         64          0       7058   sonar.o
       206         96          0          0          0       2191   startup.o
        72         30        428          0       9984        920   startup_stm32f429_439xx.o
       878        204         86          0         64       6013   stm32f4_rtc.o
      1652        516          0          0          0       6931   stm32f4xx_adc.o
       888        144          0          0          0       2989   stm32f4xx_dma.o
       560        196          0          0          0       2764   stm32f4xx_exti.o
      1780        634          0          0          0       5671   stm32f4xx_gpio.o
       276         32          0         12          0      13667   stm32f4xx_it.o
        88         64          0          0          0        654   stm32f4xx_pwr.o
      1704        798          0         16          0      10877   stm32f4xx_rcc.o
      1818        486          0          0          0      10330   stm32f4xx_rtc.o
      1328        522          0          0          0       5399   stm32f4xx_spi.o
       232         66          0          0          0        888   stm32f4xx_syscfg.o
      4244       1564          0          0          0      14976   stm32f4xx_tim.o
      2368        810          0          0          0       8095   stm32f4xx_usart.o
         0          0          0         16          0       4489   symbol.o
       424         54          0         20          0     370073   system_stm32f4xx.o
      1152        326        170          0          0      12938   thread.o
      1770        150         72        220       3512       7279   thread_gps.o
       344         48         72        100       3200       7298   thread_imu.o
        20          4          0         12          0       4259   thread_key.o
       190         18          0          0       1464     265184   thread_motion.o
      1236        122          0          8       2080       9775   thread_ui.o
        44          4          0          0       1152       1450   thread_updata.o
        12          0          0          0        640       1356   thread_wireless.o
       734         96          0         80         88       9756   time_control.o
       902        184         92         16          0      10629   timer.o
       864          8         32          0          0       4940   tu_att_ekf.o
       660        150         80          8         84      33927   usart.o
       780         44          0         12        200       4924   usart_driver.o
        88          8          0          3          0       1693   wheel_up.o
         0          0          0          0          0        664   workqueue.o

    ----------------------------------------------------------------------
     78760      14798       8660       1144      29588    1317944   Object Totals
         0          0         32          0          0          0   (incl. Generated)
        76          0         16         13         10          0   (incl. Padding)

    ----------------------------------------------------------------------

      Code (inc. data)   RO Data    RW Data    ZI Data      Debug   Library Member Name

        90          0          0          0          0          0   __dczerorl2.o
         8          0          0          0          0         68   __main.o
       392          4         17          0          0         92   __printf_flags_ss_wp.o
        14          0          0          0          0         68   __printf_wp.o
         0          0          0          0          0          0   __rtentry.o
        12          0          0          0          0          0   __rtentry2.o
         6          0          0          0          0          0   __rtentry4.o
        52          8          0          0          0          0   __scatter.o
        28          0          0          0          0          0   __scatter_zi.o
        28          0          0          0          0         68   _chval.o
         0          0         12          0          0          0   _monlen.o
         6          0          0          0          0          0   _printf_a.o
         6          0          0          0          0          0   _printf_c.o
        44          0          0          0          0        108   _printf_char.o
        48          6          0          0          0         96   _printf_char_common.o
        40          0          0          0          0         68   _printf_charcount.o
         6          0          0          0          0          0   _printf_d.o
       120         16          0          0          0         92   _printf_dec.o
         6          0          0          0          0          0   _printf_e.o
         6          0          0          0          0          0   _printf_f.o
      1054          0          0          0          0        216   _printf_fp_dec.o
       764          8         38          0          0        100   _printf_fp_hex.o
       128         16          0          0          0         84   _printf_fp_infnan.o
         6          0          0          0          0          0   _printf_g.o
       148          4         40          0          0        160   _printf_hex_int_ll_ptr.o
         6          0          0          0          0          0   _printf_i.o
       178          0          0          0          0         88   _printf_intcommon.o
        10          0          0          0          0          0   _printf_l.o
         6          0          0          0          0          0   _printf_lc.o
        10          0          0          0          0          0   _printf_ll.o
         6          0          0          0          0          0   _printf_lld.o
         6          0          0          0          0          0   _printf_lli.o
         6          0          0          0          0          0   _printf_llo.o
         6          0          0          0          0          0   _printf_llu.o
         6          0          0          0          0          0   _printf_llx.o
       124         16          0          0          0         92   _printf_longlong_dec.o
         6          0          0          0          0          0   _printf_ls.o
         6          0          0          0          0          0   _printf_n.o
         6          0          0          0          0          0   _printf_o.o
       112         10          0          0          0        124   _printf_oct_int_ll.o
         6          0          0          0          0          0   _printf_p.o
        78          0          0          0          0        108   _printf_pad.o
         0          0          0          0          0          0   _printf_percent.o
         4          0          0          0          0          0   _printf_percent_end.o
         6          0          0          0          0          0   _printf_s.o
        82          0          0          0          0         80   _printf_str.o
        36          0          0          0          0         84   _printf_truncate.o
         6          0          0          0          0          0   _printf_u.o
        44          0          0          0          0        108   _printf_wchar.o
       188          6          8          0          0         92   _printf_wctomb.o
         6          0          0          0          0          0   _printf_x.o
        22          0          0          0          0        100   _rserrno.o
        10          0          0          0          0         68   _sputc.o
       158          0          0          0          0         92   _strtoul.o
        64          0          0          0          0         92   _wcrtomb.o
        12          6          0          0         68         68   asctime.o
       104         30          0          0          0         88   asctime_internal.o
        26          0          0          0          0         80   atoi.o
       228          4        148          0          0         96   bigflt0.o
      1936        128          0          0          0        672   btod.o
        14          0          0          0          0         80   ctime.o
        18          0          0          0          0         80   exit.o
         6          0          0          0          0        152   heapauxi.o
         0          0          0          0          0          0   indicate_semi.o
        44         10        272          0          0         76   lc_ctype_c.o
        44         10         28          0          0         76   lc_numeric_c.o
        44         10        384          0          0         76   lc_time_c.o
         2          0          0          0          0          0   libinit.o
        44          0          0          0          0          0   libinit2.o
         2          0          0          0          0          0   libshutdown.o
         2          0          0          0          0          0   libshutdown2.o
         8          4          0          0         96         68   libspace.o
       138          0          0          0          0         80   lludiv10.o
       238          0          0          0          0        100   lludivv7m.o
        12          6          0          0         44         68   localtime.o
       184          6          0          0          0         80   localtime_internal.o
       428         10          0          0          0        116   mktime.o
        16          4          0          0          0         76   rt_ctype_table.o
         8          4          0          0          0         68   rt_errno_addr_intlibspace.o
         8          4          0          0          0         68   rt_locale_intlibspace.o
        68          0          0          0          0         68   rt_memclr.o
        78          0          0          0          0         80   rt_memclr_w.o
       138          0          0          0          0         68   rt_memcpy_v6.o
       100          0          0          0          0         80   rt_memcpy_w.o
         2          0          0          0          0          0   rtexit.o
        10          0          0          0          0          0   rtexit2.o
        44          6          0          0          0         84   sprintf.o
        24          0          0          0          0         68   strcat.o
       128          0          0          0          0         68   strcmpv7m.o
        72          0          0          0          0         80   strcpy.o
        62          0          0          0          0         76   strlen.o
       150          0          0          0          0         80   strncmp.o
        86          0          0          0          0         76   strncpy.o
       112          0          0          0          0         88   strtol.o
        12          4          0          0          0         68   sys_exit.o
        74          0          0          0          0         80   sys_stackheap_outer.o
         2          0          0          0          0         68   use_no_semi.o
        24          0          0          0          0        164   basic.o
        98          4          0          0          0        140   d2f.o
       826         16          0          0          0        492   daddsub_clz.o
        24          0          0          0          0        116   dcmpi.o
       688        140          0          0          0        256   ddiv.o
        94          4          0          0          0        140   dfix.o
        84          0          0          0          0        232   dflt_clz.o
       138          0          0          0          0        132   dfltll_clz.o
       120          4          0          0          0        140   dleqf.o
       340         12          0          0          0        152   dmul.o
       156          4          0          0          0        140   dnaninf.o
        12          0          0          0          0        116   dretinf.o
       108          0          0          0          0        128   drleqf.o
       408         56          0          0          0        168   dsqrt_umaal.o
        86          4          0          0          0        132   f2d.o
        96          0          0          0          0        132   ffltll_clz.o
       140          4          0          0          0        132   fnaninf.o
        10          0          0          0          0        116   fpinit.o
        10          0          0          0          0        116   fretinf.o
         4          0          0          0          0        116   printf1.o
         4          0          0          0          0        116   printf2.o
         0          0          0          0          0          0   usenofp.o
       280         46          0          0          0        176   acosf.o
       864         94         80          0          0        280   asin.o
       744        106        152          0          0        352   atan.o
       496         64          0          0          0        192   atan2.o
       592         90          0          0          0        184   atan2f.o
       200         20          0          0          0        164   cos.o
       368         46         48          0          0        200   cos_i.o
       104         16          0          0          0        496   dunder.o
        24          0          0          0          0        124   fabs.o
       280         28          0          0          0        156   floor.o
        48          0          0          0          0        124   fpclassify.o
        38          0          0          0          0        116   fpclassifyf.o
        44         12          0          0          0        464   funder.o
       248          0          0          0          0        152   poly.o
         0          0          8          0          0          0   qnan.o
      1080        142        200          0          0        188   rred.o
       200         20          0          0          0        164   sin.o
       304         24         40          0          0        208   sin_i.o
       232          0          0          0          0        296   sqrt.o
       120          0          0          0          0        272   sqrtf.o

    ----------------------------------------------------------------------
     18724       1300       1480          0        212      13432   Library Totals
        44          4          5          0          4          0   (incl. Padding)

    ----------------------------------------------------------------------

      Code (inc. data)   RO Data    RW Data    ZI Data      Debug   Library Name

      8944        340        947          0        208       5748   c_w.l
      3470        248          0          0          0       3376   fz_wm.l
      6266        708        528          0          0       4308   m_wm.l

    ----------------------------------------------------------------------
     18724       1300       1480          0        212      13432   Library Totals

    ----------------------------------------------------------------------

==============================================================================


      Code (inc. data)   RO Data    RW Data    ZI Data      Debug   

     97484      16098      10140       1144      29800    1265500   Grand Totals
     97484      16098      10140        232      29800    1265500   ELF Image Totals (compressed)
     97484      16098      10140        232          0          0   ROM Totals

==============================================================================

    Total RO  Size (Code + RO Data)               107624 ( 105.10kB)
    Total RW  Size (RW Data + ZI Data)             30944 (  30.22kB)
    Total ROM Size (Code + RO Data + RW Data)     107856 ( 105.33kB)

==============================================================================

