<html>
<body>
<pre>
<h1>µVision Build Log</h1>
<h2>Tool Versions:</h2>
IDE-Version: ¦ÌVision V5.24.2.0
Copyright (C) 2017 ARM Ltd and ARM Germany GmbH. All rights reserved.
License Information: ljh Microsoft, Microsoft, LIC=2TTQD-8T98H-68KFC-762YZ-CCLL9-Q8JGK
 
Tool Versions:
Toolchain:       MDK-ARM Professional  Version: 5.24.1
Toolchain Path:  C:\Keil_v5\ARM\ARMCC\Bin
C Compiler:      Armcc.exe V5.06 update 5 (build 528)
Assembler:       Armasm.exe V5.06 update 5 (build 528)
Linker/Locator:  ArmLink.exe V5.06 update 5 (build 528)
Library Manager: ArmAr.exe V5.06 update 5 (build 528)
Hex Converter:   FromElf.exe V5.06 update 5 (build 528)
CPU DLL:         SARMCM3.DLL V5.24.1
Dialog DLL:      DARMSTM.DLL V1.68.0.0
Target DLL:      Segger\JL2CM3.dll V2.99.26.0
Dialog DLL:      TCM.DLL V1.32.0.0
 
<h2>Project:</h2>
F:\Automower\Code\Tesla_1.0.1.170516_Alpha\mdk_Prj\mower_v0.1.0.uvprojx
Project File Date:  09/25/2017

<h2>Output:</h2>
*** Using Compiler 'V5.06 update 5 (build 528)', folder: 'C:\Keil_v5\ARM\ARMCC\Bin'
Build target 'Robot'
compiling imu_processing.c...
..\Driver\include\ICM20602.h(104): warning:  #1-D: last line of file ends without a newline
  #endif
..\Algorithm\imu_processing.c(89): warning:  #1035-D: single-precision operand implicitly converted to double-precision
        imu->imu_temp                = (float)mpu.temp*0.01;
..\Algorithm\imu_processing.c(97): warning:  #1035-D: single-precision operand implicitly converted to double-precision
        imu->gyro_rps[0]             = (float)mpu.gx/
YRO_FACTOR*
I/180 - gyro_bias[0];
..\Algorithm\imu_processing.c(98): warning:  #1035-D: single-precision operand implicitly converted to double-precision
        imu->gyro_rps[1]             = (float)mpu.gy/
YRO_FACTOR*
I/180 - gyro_bias[1];
..\Algorithm\imu_processing.c(99): warning:  #1035-D: single-precision operand implicitly converted to double-precision
        imu->gyro_rps[2]       = (float)mpu.gz/
YRO_FACTOR*
I/180 - gyro_bias[2];
..\Algorithm\imu_processing.c(100): warning:  #1035-D: single-precision operand implicitly converted to double-precision
        imu->gyro_rps_20602[0] = (float)mpu_20602.gx/
YRO_FACTOR_20602*PI/180 - gyro_bias_20602[0];
..\Algorithm\imu_processing.c(101): warning:  #1035-D: single-precision operand implicitly converted to double-precision
        imu->gyro_rps_20602[1] = (float)mpu_20602.gy/
YRO_FACTOR_20602*PI/180 - gyro_bias_20602[1];
..\Algorithm\imu_processing.c(102): warning:  #1035-D: single-precision operand implicitly converted to double-precision
        imu->gyro_rps_20602[2] = (float)mpu_20602.gz/
YRO_FACTOR_20602*PI/180 - gyro_bias_20602[2];
..\Algorithm\imu_processing.c(243): warning:  #1035-D: single-precision operand implicitly converted to double-precision
                if((trace_P_var!=0)&&(trace_P_var<0.001)&&(is_att_valid==0)){
..\Algorithm\imu_processing.c(284): warning:  #1035-D: single-precision operand implicitly converted to double-precision
                imu.acc_m_s2[0] = (float)mpu.ax/
CC_FACTOR_20602*9.8;
..\Algorithm\imu_processing.c(285): warning:  #1035-D: single-precision operand implicitly converted to double-precision
                imu.acc_m_s2[1] = (float)mpu.ay/
CC_FACTOR_20602*9.8;
..\Algorithm\imu_processing.c(286): warning:  #1035-D: single-precision operand implicitly converted to double-precision
                imu.acc_m_s2[2] = (float)mpu.az/
CC_FACTOR_20602*9.8;
..\Algorithm\imu_processing.c(287): warning:  #1035-D: single-precision operand implicitly converted to double-precision
                imu.gyro_rps[0] = (float)mpu.gx/
YRO_FACTOR_20602*PI/180;
..\Algorithm\imu_processing.c(288): warning:  #1035-D: single-precision operand implicitly converted to double-precision
                imu.gyro_rps[1] = (float)mpu.gy/
YRO_FACTOR_20602*PI/180;
..\Algorithm\imu_processing.c(289): warning:  #1035-D: single-precision operand implicitly converted to double-precision
                imu.gyro_rps[2] = (float)mpu.gz/
YRO_FACTOR_20602*PI/180;
..\Algorithm\imu_processing.c(291): warning:  #1035-D: single-precision operand implicitly converted to double-precision
                if(imu.gyro_rps[0] < 0.008 && imu.gyro_rps[0] > -0.008) imu.gyro_rps[0] = 0.0;
..\Algorithm\imu_processing.c(292): warning:  #1035-D: single-precision operand implicitly converted to double-precision
                if(imu.gyro_rps[1] < 0.008 && imu.gyro_rps[1] > -0.008) imu.gyro_rps[1] = 0.0;
..\Algorithm\imu_processing.c(293): warning:  #1035-D: single-precision operand implicitly converted to double-precision
                if(imu.gyro_rps[2] < 0.008 && imu.gyro_rps[2] > -0.008) imu.gyro_rps[2] = 0.0;
..\Algorithm\imu_processing.c: 18 warnings, 0 errors
linking...
Program Size: Code=97484 RO-data=10140 RW-data=1144 ZI-data=29800  
FromELF: creating hex file...
".\Objects\mower_stm32f429.axf" - 0 Error(s), 18 Warning(s).

<h2>Software Packages used:</h2>

Package Vendor: Keil
                http://www.keil.com/pack/Keil.STM32F4xx_DFP.2.11.0.pack
                Keil.STM32F4xx_DFP.2.11.0
                STMicroelectronics STM32F4 Series Device Support, Drivers and Examples

<h2>Collection of Component include folders:</h2>
  .\RTE\_Robot
  C:\Keil_v5\ARM\PACK\Keil\STM32F4xx_DFP\2.11.0\Drivers\CMSIS\Device\ST\STM32F4xx\Include

<h2>Collection of Component Files used:</h2>
Build Time Elapsed:  00:00:03
</pre>
</body>
</html>
