<html>
<body>
<pre>
<h1>礦ision Build Log</h1>
<h2>Tool Versions:</h2>
IDE-Version: μVision V5.20.0.0
Copyright (C) 2016 ARM Ltd and ARM Germany GmbH. All rights reserved.
License Information: rui fang, topband, LIC=BL22Z-JVN1N-QH18A-1A0TU-PS14F-VSYI5
 
Tool Versions:
Toolchain:       MDK-ARM Professional  Version: 5.20
Toolchain Path:  d:\Keil_v5\ARM\ARMCC\Bin
C Compiler:      Armcc.exe V5.06 update 2 (build 183)
Assembler:       Armasm.exe V5.06 update 2 (build 183)
Linker/Locator:  ArmLink.exe V5.06 update 2 (build 183)
Library Manager: ArmAr.exe V5.06 update 2 (build 183)
Hex Converter:   FromElf.exe V5.06 update 2 (build 183)
CPU DLL:         SARMCM3.DLL V5.20
Dialog DLL:      DCM.DLL V1.13.7.0
Target DLL:      STLink\ST-LINKIII-KEIL_SWO.dll V2.0.18.0
Dialog DLL:      TCM.DLL V1.14.9.0
 
<h2>Project:</h2>
D:\Automower\Code\Navigation\开发板数据输出_keil_ins_gps\USER\MPU9250.uvprojx
Project File Date:  06/23/2017

<h2>Output:</h2>
*** Using Compiler 'V5.06 update 2 (build 183)', folder: 'd:\Keil_v5\ARM\ARMCC\Bin'
Build target 'MPU9250'
compiling main.c...
main.c(201): warning:  #177-D: variable "key" was declared but never referenced
        u8 key;
main.c(202): warning:  #177-D: variable "key1" was declared but never referenced
        u8 key1=0XFF;
main.c(208): warning:  #550-D: variable "temp" was set but never used
        short temp;                               //?露?
main.c: 3 warnings, 0 errors
compiling stm32f4xx_it.c...
compiling system_stm32f4xx.c...
assembling startup_stm32f429xx.s...
compiling stm32f4xx_hal.c...
compiling stm32f4xx_hal_cortex.c...
compiling stm32f4xx_hal_gpio.c...
compiling stm32f4xx_hal_pwr.c...
compiling stm32f4xx_hal_pwr_ex.c...
compiling stm32f4xx_hal_rcc.c...
compiling stm32f4xx_hal_rcc_ex.c...
compiling stm32f4xx_hal_uart.c...
compiling stm32f4xx_hal_usart.c...
compiling stm32f4xx_hal_dma.c...
compiling stm32f4xx_hal_dma_ex.c...
compiling stm32f4xx_hal_tim.c...
compiling stm32f4xx_hal_tim_ex.c...
compiling stm32f4xx_ll_fmc.c...
compiling stm32f4xx_hal_sram.c...
compiling stm32f4xx_hal_sdram.c...
compiling stm32f4xx_hal_ltdc.c...
compiling stm32f4xx_hal_ltdc_ex.c...
compiling stm32f4xx_hal_dma2d.c...
compiling delay.c...
compiling sys.c...
compiling usart.c...
compiling led.c...
compiling key.c...
compiling lcd.c...
compiling sdram.c...
compiling ltdc.c...
compiling 24cxx.c...
compiling myiic.c...
compiling mpu9250.c...
compiling gps.c...
..\HARDWARE\GPS\gps.c(92): warning:  #177-D: variable "n" was declared but never referenced
        int num_lines,i,c_n0,n=0,times=0;
..\HARDWARE\GPS\gps.c(293): warning:  #177-D: variable "j" was declared but never referenced
        u8 len,i,j,slx=0;
..\HARDWARE\GPS\gps.c(293): warning:  #177-D: variable "slx" was declared but never referenced
        u8 len,i,j,slx=0;
..\HARDWARE\GPS\gps.c: 3 warnings, 0 errors
compiling timer.c...
compiling inv_mpu.c...
compiling inv_mpu_dmp_motion_driver.c...
compiling log_stm32.c...
compiling eMPL_outputs.c...
compiling data_builder.c...
compiling hal_outputs.c...
compiling message_layer.c...
compiling ml_math_func.c...
compiling mlmath.c...
compiling mpl.c...
compiling results_holder.c...
compiling start_manager.c...
compiling storage_manager.c...
compiling usmart.c...
compiling usmart_config.c...
compiling usmart_str.c...
linking...
Program Size: Code=83218 RO-data=5318 RW-data=432 ZI-data=2062960  
FromELF: creating hex file...
"..\OBJ\MPU9250_GPS.axf" - 0 Error(s), 6 Warning(s).

<h2>Collection of Component include folders:</h2>
  D:\Automower\Code\Navigation\开发板数据输出_keil_ins_gps\USER\RTE
  d:\Keil_v5\ARM\PACK\Keil\STM32F4xx_DFP\2.8.0\Drivers\CMSIS\Device\ST\STM32F4xx\Include

<h2>Collection of Component Files used:</h2>
Build Time Elapsed:  00:02:57
</pre>
</body>
</html>
