Component: ARM Compiler 5.06 update 2 (build 183) Tool: armlink [4d35b7]

==============================================================================

Section Cross References

    main.o(i.Gps_Msg_Show) refers to _printf_percent.o(.ARM.Collect$$_printf_percent$$00000000) for _printf_percent
    main.o(i.Gps_Msg_Show) refers to _printf_f.o(.ARM.Collect$$_printf_percent$$00000003) for _printf_f
    main.o(i.Gps_Msg_Show) refers to printf1.o(x$fpl$printf1) for _printf_fp_dec
    main.o(i.Gps_Msg_Show) refers to _printf_s.o(.ARM.Collect$$_printf_percent$$00000014) for _printf_s
    main.o(i.Gps_Msg_Show) refers to _printf_str.o(.text) for _printf_str
    main.o(i.Gps_Msg_Show) refers to _printf_pad.o(.text) for _printf_pre_padding
    main.o(i.Gps_Msg_Show) refers to _printf_d.o(.ARM.Collect$$_printf_percent$$00000009) for _printf_d
    main.o(i.Gps_Msg_Show) refers to _printf_dec.o(.text) for _printf_int_dec
    main.o(i.Gps_Msg_Show) refers to f2d.o(x$fpl$f2d) for __aeabi_f2d
    main.o(i.Gps_Msg_Show) refers to __2sprintf.o(.text) for __2sprintf
    main.o(i.Gps_Msg_Show) refers to lcd.o(i.LCD_ShowString) for LCD_ShowString
    main.o(i.Gps_Msg_Show) refers to lcd.o(.data) for POINT_COLOR
    main.o(i.Gps_Msg_Show) refers to main.o(.bss) for .bss
    main.o(i.Gps_Msg_Show) refers to main.o(.data) for .data
    main.o(i.main) refers to stm32f4xx_hal.o(i.HAL_Init) for HAL_Init
    main.o(i.main) refers to sys.o(i.Stm32_Clock_Init) for Stm32_Clock_Init
    main.o(i.main) refers to delay.o(i.delay_init) for delay_init
    main.o(i.main) refers to usart.o(i.uart_init) for uart_init
    main.o(i.main) refers to usart.o(i.usart3_init) for usart3_init
    main.o(i.main) refers to sdram.o(i.SDRAM_Init) for SDRAM_Init
    main.o(i.main) refers to led.o(i.LED_Init) for LED_Init
    main.o(i.main) refers to key.o(i.KEY_Init) for KEY_Init
    main.o(i.main) refers to lcd.o(i.LCD_Init) for LCD_Init
    main.o(i.main) refers to delay.o(i.delay_ms) for delay_ms
    main.o(i.main) refers to lcd.o(i.LCD_Fill) for LCD_Fill
    main.o(i.main) refers to inv_mpu.o(i.mpu_dmp_init) for mpu_dmp_init
    main.o(i.main) refers to inv_mpu.o(i.mpu_mpl_get_data) for mpu_mpl_get_data
    main.o(i.main) refers to mpu9250.o(i.MPU_Get_Temperature) for MPU_Get_Temperature
    main.o(i.main) refers to mpu9250.o(i.MPU_Get_Accelerometer) for MPU_Get_Accelerometer
    main.o(i.main) refers to mpu9250.o(i.MPU_Get_Gyroscope) for MPU_Get_Gyroscope
    main.o(i.main) refers to gps.o(i.UBX_NAV_PVT) for UBX_NAV_PVT
    main.o(i.main) refers to main.o(i.send_data) for send_data
    main.o(i.main) refers to usmart_config.o(.data) for usmart_dev
    main.o(i.main) refers to main.o(.bss) for .bss
    main.o(i.main) refers to usart.o(.data) for USART3_RX_STA
    main.o(i.main) refers to usart.o(.bss) for USART3_RX_BUF
    main.o(i.send_data) refers to main.o(i.usart1_niming_report) for usart1_niming_report
    main.o(i.send_data) refers to main.o(.bss) for .bss
    main.o(i.usart1_niming_report) refers to main.o(i.usart1_send_char) for usart1_send_char
    main.o(i.usart1_send_char) refers to usart.o(.bss) for UART1_Handler
    main.o(.data) refers to main.o(.conststring) for .conststring
    stm32f4xx_it.o(i.SysTick_Handler) refers to stm32f4xx_hal.o(i.HAL_IncTick) for HAL_IncTick
    system_stm32f4xx.o(i.SystemCoreClockUpdate) refers to system_stm32f4xx.o(.data) for .data
    startup_stm32f429xx.o(STACK) refers (Special) to heapauxi.o(.text) for __use_two_region_memory
    startup_stm32f429xx.o(HEAP) refers (Special) to heapauxi.o(.text) for __use_two_region_memory
    startup_stm32f429xx.o(RESET) refers (Special) to heapauxi.o(.text) for __use_two_region_memory
    startup_stm32f429xx.o(RESET) refers to startup_stm32f429xx.o(STACK) for __initial_sp
    startup_stm32f429xx.o(RESET) refers to startup_stm32f429xx.o(.text) for Reset_Handler
    startup_stm32f429xx.o(RESET) refers to stm32f4xx_it.o(i.NMI_Handler) for NMI_Handler
    startup_stm32f429xx.o(RESET) refers to stm32f4xx_it.o(i.HardFault_Handler) for HardFault_Handler
    startup_stm32f429xx.o(RESET) refers to stm32f4xx_it.o(i.MemManage_Handler) for MemManage_Handler
    startup_stm32f429xx.o(RESET) refers to stm32f4xx_it.o(i.BusFault_Handler) for BusFault_Handler
    startup_stm32f429xx.o(RESET) refers to stm32f4xx_it.o(i.UsageFault_Handler) for UsageFault_Handler
    startup_stm32f429xx.o(RESET) refers to stm32f4xx_it.o(i.SVC_Handler) for SVC_Handler
    startup_stm32f429xx.o(RESET) refers to stm32f4xx_it.o(i.DebugMon_Handler) for DebugMon_Handler
    startup_stm32f429xx.o(RESET) refers to stm32f4xx_it.o(i.PendSV_Handler) for PendSV_Handler
    startup_stm32f429xx.o(RESET) refers to stm32f4xx_it.o(i.SysTick_Handler) for SysTick_Handler
    startup_stm32f429xx.o(RESET) refers to usmart.o(i.TIM4_IRQHandler) for TIM4_IRQHandler
    startup_stm32f429xx.o(RESET) refers to usart.o(i.USART1_IRQHandler) for USART1_IRQHandler
[...]
    inv_get_large_mag_field                  0x08010089   Thumb Code     6  results_holder.o(i.inv_get_large_mag_field)
    inv_get_last_timestamp                   0x08010095   Thumb Code    66  data_builder.o(i.inv_get_last_timestamp)
    inv_get_linear_accel                     0x080100dd   Thumb Code    58  results_holder.o(i.inv_get_linear_accel)
    inv_get_linear_accel_float               0x08010119   Thumb Code    62  results_holder.o(i.inv_get_linear_accel_float)
    inv_get_local_field                      0x0801015d   Thumb Code    10  results_holder.o(i.inv_get_local_field)
    inv_get_mag_accuracy                     0x0801016d   Thumb Code    20  data_builder.o(i.inv_get_mag_accuracy)
    inv_get_motion_state                     0x08010189   Thumb Code    12  results_holder.o(i.inv_get_motion_state)
    inv_get_quaternion                       0x08010199   Thumb Code    48  results_holder.o(i.inv_get_quaternion)
    inv_get_quaternion_set                   0x080101cd   Thumb Code    56  results_holder.o(i.inv_get_quaternion_set)
    inv_get_sensor_type_euler                0x08010205   Thumb Code   412  empl_outputs.o(i.inv_get_sensor_type_euler)
    inv_get_sensor_type_gravity              0x080103c5   Thumb Code    88  hal_outputs.o(i.inv_get_sensor_type_gravity)
    inv_got_compass_bias                     0x08010425   Thumb Code     6  results_holder.o(i.inv_got_compass_bias)
    inv_init_data_builder                    0x08010431   Thumb Code    44  data_builder.o(i.inv_init_data_builder)
    inv_init_mpl                             0x0801046d   Thumb Code    94  mpl.o(i.inv_init_mpl)
    inv_init_results_holder                  0x080104e5   Thumb Code    40  results_holder.o(i.inv_init_results_holder)
    inv_init_start_manager                   0x08010515   Thumb Code    14  start_manager.o(i.inv_init_start_manager)
    inv_init_storage_manager                 0x08010529   Thumb Code    20  storage_manager.o(i.inv_init_storage_manager)
    inv_orientation_matrix_to_scalar         0x08010541   Thumb Code    34  ml_math_func.o(i.inv_orientation_matrix_to_scalar)
    inv_q29_mult                             0x08010563   Thumb Code    12  ml_math_func.o(i.inv_q29_mult)
    inv_q30_mult                             0x0801056f   Thumb Code    12  ml_math_func.o(i.inv_q30_mult)
    inv_q_add                                0x0801057b   Thumb Code    36  ml_math_func.o(i.inv_q_add)
    inv_q_addf                               0x0801059f   Thumb Code    66  ml_math_func.o(i.inv_q_addf)
    inv_q_invert                             0x080105e1   Thumb Code    24  ml_math_func.o(i.inv_q_invert)
    inv_q_invertf                            0x080105f9   Thumb Code    46  ml_math_func.o(i.inv_q_invertf)
    inv_q_mult                               0x08010627   Thumb Code   176  ml_math_func.o(i.inv_q_mult)
    inv_q_multf                              0x080106d7   Thumb Code   210  ml_math_func.o(i.inv_q_multf)
    inv_q_norm4                              0x080107a9   Thumb Code   126  ml_math_func.o(i.inv_q_norm4)
    inv_q_normalizef                         0x0801082d   Thumb Code   170  ml_math_func.o(i.inv_q_normalizef)
    inv_q_rotate                             0x080108dd   Thumb Code    64  ml_math_func.o(i.inv_q_rotate)
    inv_quaternion_to_rotation               0x0801091d   Thumb Code   218  ml_math_func.o(i.inv_quaternion_to_rotation)
    inv_register_data_cb                     0x080109f9   Thumb Code   154  data_builder.o(i.inv_register_data_cb)
    inv_register_load_store                  0x08010aa1   Thumb Code   100  storage_manager.o(i.inv_register_load_store)
    inv_register_mpl_start_notification      0x08010b09   Thumb Code    28  start_manager.o(i.inv_register_mpl_start_notification)
    inv_reset_compass_soft_iron_matrix       0x08010b29   Thumb Code    68  data_builder.o(i.inv_reset_compass_soft_iron_matrix)
    inv_set_accel_accuracy                   0x08010bc1   Thumb Code    22  data_builder.o(i.inv_set_accel_accuracy)
    inv_set_accel_bias_found                 0x08010bdd   Thumb Code     6  results_holder.o(i.inv_set_accel_bias_found)
    inv_set_accel_bias_mask                  0x08010be9   Thumb Code    72  data_builder.o(i.inv_set_accel_bias_mask)
    inv_set_accel_orientation_and_scale      0x08010c39   Thumb Code     8  data_builder.o(i.inv_set_accel_orientation_and_scale)
    inv_set_accel_sample_rate                0x08010c45   Thumb Code    34  data_builder.o(i.inv_set_accel_sample_rate)
    inv_set_compass_bias                     0x08010c71   Thumb Code    68  data_builder.o(i.inv_set_compass_bias)
    inv_set_compass_bias_error               0x08010cb9   Thumb Code    10  results_holder.o(i.inv_set_compass_bias_error)
    inv_set_compass_bias_found               0x08010cc9   Thumb Code     6  results_holder.o(i.inv_set_compass_bias_found)
    inv_set_compass_correction               0x08010cd5   Thumb Code    28  results_holder.o(i.inv_set_compass_correction)
    inv_set_compass_disturbance              0x08010cf5   Thumb Code     8  data_builder.o(i.inv_set_compass_disturbance)
    inv_set_compass_orientation_and_scale    0x08010d01   Thumb Code    12  data_builder.o(i.inv_set_compass_orientation_and_scale)
    inv_set_compass_sample_rate              0x08010d11   Thumb Code    34  data_builder.o(i.inv_set_compass_sample_rate)
    inv_set_compass_soft_iron_input_data     0x08010d3d   Thumb Code    70  data_builder.o(i.inv_set_compass_soft_iron_input_data)
    inv_set_compass_state                    0x08010d8d   Thumb Code     6  results_holder.o(i.inv_set_compass_state)
    inv_set_gyro_bias                        0x08010e19   Thumb Code    88  data_builder.o(i.inv_set_gyro_bias)
    inv_set_gyro_orientation_and_scale       0x08010e75   Thumb Code     8  data_builder.o(i.inv_set_gyro_orientation_and_scale)
    inv_set_gyro_sample_rate                 0x08010e81   Thumb Code    30  data_builder.o(i.inv_set_gyro_sample_rate)
    inv_set_message                          0x08010ea9   Thumb Code    16  message_layer.o(i.inv_set_message)
    inv_set_motion_state                     0x08010ebd   Thumb Code    48  results_holder.o(i.inv_set_motion_state)
    inv_start_mpl                            0x08010f01   Thumb Code    34  mpl.o(i.inv_start_mpl)
    inv_start_results_holder                 0x08010f3d   Thumb Code    18  results_holder.o(i.inv_start_results_holder)
    inv_store_gaming_quaternion              0x08010f55   Thumb Code    28  results_holder.o(i.inv_store_gaming_quaternion)
    inv_unregister_data_cb                   0x08010f75   Thumb Code    70  data_builder.o(i.inv_unregister_data_cb)
    inv_unregister_mpl_start_notification    0x08010fc1   Thumb Code    66  start_manager.o(i.inv_unregister_mpl_start_notification)
    main                                     0x08011009   Thumb Code   448  main.o(i.main)
    mget_ms                                  0x080111e1   Thumb Code     2  inv_mpu.o(i.mget_ms)
    mlMatrixVectorMult                       0x080111e3   Thumb Code    50  ml_math_func.o(i.mlMatrixVectorMult)
    mpu_configure_fifo                       0x08011215   Thumb Code    84  inv_mpu.o(i.mpu_configure_fifo)
    mpu_dmp_init                             0x0801126d   Thumb Code   342  inv_mpu.o(i.mpu_dmp_init)
    mpu_get_accel_fsr                        0x080113d1   Thumb Code    54  inv_mpu.o(i.mpu_get_accel_fsr)
    mpu_get_accel_sens                       0x0801140d   Thumb Code    62  inv_mpu.o(i.mpu_get_accel_sens)
    mpu_get_compass_reg                      0x08011451   Thumb Code   124  inv_mpu.o(i.mpu_get_compass_reg)
    mpu_get_gyro_fsr                         0x080114d1   Thumb Code    48  inv_mpu.o(i.mpu_get_gyro_fsr)
    mpu_get_gyro_sens                        0x08011505   Thumb Code    54  inv_mpu.o(i.mpu_get_gyro_sens)
    mpu_get_lpf                              0x08011551   Thumb Code    52  inv_mpu.o(i.mpu_get_lpf)
    mpu_get_sample_rate                      0x08011589   Thumb Code    22  inv_mpu.o(i.mpu_get_sample_rate)
    mpu_get_temperature                      0x080115a5   Thumb Code   112  inv_mpu.o(i.mpu_get_temperature)
    mpu_init                                 0x08011621   Thumb Code   212  inv_mpu.o(i.mpu_init)
    mpu_load_firmware                        0x080116f9   Thumb Code   158  inv_mpu.o(i.mpu_load_firmware)
    mpu_lp_accel_mode                        0x0801179d   Thumb Code   180  inv_mpu.o(i.mpu_lp_accel_mode)
    mpu_mpl_get_data                         0x08011855   Thumb Code   256  inv_mpu.o(i.mpu_mpl_get_data)
    mpu_read_fifo_stream                     0x0801195d   Thumb Code   140  inv_mpu.o(i.mpu_read_fifo_stream)
    mpu_read_mem                             0x080119ed   Thumb Code    80  inv_mpu.o(i.mpu_read_mem)
    mpu_reset_fifo                           0x08011a41   Thumb Code   344  inv_mpu.o(i.mpu_reset_fifo)
    mpu_run_6500_self_test                   0x08011b9d   Thumb Code   348  inv_mpu.o(i.mpu_run_6500_self_test)
    mpu_set_accel_fsr                        0x08011e15   Thumb Code    98  inv_mpu.o(i.mpu_set_accel_fsr)
    mpu_set_bypass                           0x08011e7d   Thumb Code   214  inv_mpu.o(i.mpu_set_bypass)
    mpu_set_compass_sample_rate              0x08011f59   Thumb Code    72  inv_mpu.o(i.mpu_set_compass_sample_rate)
    mpu_set_dmp_state                        0x08011fa5   Thumb Code   114  inv_mpu.o(i.mpu_set_dmp_state)
    mpu_set_gyro_fsr                         0x0801201d   Thumb Code   104  inv_mpu.o(i.mpu_set_gyro_fsr)
    mpu_set_int_latched                      0x08012089   Thumb Code    94  inv_mpu.o(i.mpu_set_int_latched)
    mpu_set_lpf                              0x080120ed   Thumb Code   102  inv_mpu.o(i.mpu_set_lpf)
    mpu_set_sample_rate                      0x08012159   Thumb Code   130  inv_mpu.o(i.mpu_set_sample_rate)
    mpu_set_sensors                          0x080121e1   Thumb Code   304  inv_mpu.o(i.mpu_set_sensors)
    mpu_write_mem                            0x08012315   Thumb Code    80  inv_mpu.o(i.mpu_write_mem)
    run_self_test                            0x08012369   Thumb Code   138  inv_mpu.o(i.run_self_test)
    send_data                                0x080123f5   Thumb Code   546  main.o(i.send_data)
    sqrtf                                    0x08012849   Thumb Code    62  sqrtf.o(i.sqrtf)
    uart_init                                0x08012889   Thumb Code    28  usart.o(i.uart_init)
    usart1_niming_report                     0x080128ad   Thumb Code   104  main.o(i.usart1_niming_report)
    usart1_send_char                         0x08012915   Thumb Code    18  main.o(i.usart1_send_char)
    usart3_init                              0x08012931   Thumb Code    28  usart.o(i.usart3_init)
    usmart_cmd_rec                           0x08012955   Thumb Code   144  usmart.o(i.usmart_cmd_rec)
    usmart_exe                               0x080129e9   Thumb Code   510  usmart.o(i.usmart_exe)
    usmart_get_aparm                         0x08012c49   Thumb Code   156  usmart_str.o(i.usmart_get_aparm)
    usmart_get_cmdname                       0x08012ce5   Thumb Code    46  usmart_str.o(i.usmart_get_cmdname)
    usmart_get_fname                         0x08012d15   Thumb Code   352  usmart_str.o(i.usmart_get_fname)
    usmart_get_fparam                        0x08012e7d   Thumb Code   202  usmart_str.o(i.usmart_get_fparam)
    usmart_get_parmpos                       0x08012f4d   Thumb Code    30  usmart_str.o(i.usmart_get_parmpos)
    usmart_get_runtime                       0x08012f71   Thumb Code    38  usmart.o(i.usmart_get_runtime)
    usmart_init                              0x08012fa1   Thumb Code    36  usmart.o(i.usmart_init)
    usmart_pow                               0x08012fc9   Thumb Code    16  usmart_str.o(i.usmart_pow)
    usmart_reset_runtime                     0x08012fd9   Thumb Code    32  usmart.o(i.usmart_reset_runtime)
    usmart_scan                              0x08013001   Thumb Code    94  usmart.o(i.usmart_scan)
    usmart_search_nextc                      0x080130a5   Thumb Code    16  usmart_str.o(i.usmart_search_nextc)
    usmart_str2num                           0x080130b5   Thumb Code   160  usmart_str.o(i.usmart_str2num)
    usmart_strcmp                            0x08013155   Thumb Code    24  usmart_str.o(i.usmart_strcmp)
    usmart_strcopy                           0x0801316d   Thumb Code    18  usmart_str.o(i.usmart_strcopy)
    usmart_strlen                            0x0801317f   Thumb Code    18  usmart_str.o(i.usmart_strlen)
    usmart_sys_cmd_exe                       0x08013191   Thumb Code  1442  usmart.o(i.usmart_sys_cmd_exe)
    _get_lc_numeric                          0x08013801   Thumb Code    44  lc_numeric_c.o(locale$$code)
    _get_lc_ctype                            0x0801382d   Thumb Code    44  lc_ctype_c.o(locale$$code)
    __aeabi_dneg                             0x08013859   Thumb Code     0  basic.o(x$fpl$basic)
    _dneg                                    0x08013859   Thumb Code     6  basic.o(x$fpl$basic)
    __aeabi_fneg                             0x0801385f   Thumb Code     0  basic.o(x$fpl$basic)
    _fneg                                    0x0801385f   Thumb Code     6  basic.o(x$fpl$basic)
    _dabs                                    0x08013865   Thumb Code     6  basic.o(x$fpl$basic)
    _fabs                                    0x0801386b   Thumb Code     6  basic.o(x$fpl$basic)
    __aeabi_d2f                              0x08013871   Thumb Code     0  d2f.o(x$fpl$d2f)
    _d2f                                     0x08013871   Thumb Code    98  d2f.o(x$fpl$d2f)
    __aeabi_dadd                             0x080138d5   Thumb Code     0  daddsub_clz.o(x$fpl$dadd)
    _dadd                                    0x080138d5   Thumb Code   332  daddsub_clz.o(x$fpl$dadd)
    __fpl_dcmp_Inf                           0x08013a25   Thumb Code    24  dcmpi.o(x$fpl$dcmpinf)
    __aeabi_ddiv                             0x08013a3d   Thumb Code     0  ddiv.o(x$fpl$ddiv)
    _ddiv                                    0x08013a3d   Thumb Code   552  ddiv.o(x$fpl$ddiv)
    __aeabi_cdcmpeq                          0x08013ced   Thumb Code     0  deqf.o(x$fpl$deqf)
    _dcmpeq                                  0x08013ced   Thumb Code   120  deqf.o(x$fpl$deqf)
    __aeabi_d2iz                             0x08013d65   Thumb Code     0  dfix.o(x$fpl$dfix)
    _dfix                                    0x08013d65   Thumb Code    94  dfix.o(x$fpl$dfix)
    __aeabi_d2uiz                            0x08013dc5   Thumb Code     0  dfixu.o(x$fpl$dfixu)
    _dfixu                                   0x08013dc5   Thumb Code    90  dfixu.o(x$fpl$dfixu)
    __aeabi_i2d                              0x08013e1f   Thumb Code     0  dflt_clz.o(x$fpl$dflt)
    _dflt                                    0x08013e1f   Thumb Code    46  dflt_clz.o(x$fpl$dflt)
    __aeabi_ui2d                             0x08013e4d   Thumb Code     0  dflt_clz.o(x$fpl$dfltu)
    _dfltu                                   0x08013e4d   Thumb Code    38  dflt_clz.o(x$fpl$dfltu)
    __aeabi_cdcmple                          0x08013e75   Thumb Code     0  dleqf.o(x$fpl$dleqf)
    _dcmple                                  0x08013e75   Thumb Code   120  dleqf.o(x$fpl$dleqf)
    __fpl_dcmple_InfNaN                      0x08013ed7   Thumb Code     0  dleqf.o(x$fpl$dleqf)
    __aeabi_dmul                             0x08013eed   Thumb Code     0  dmul.o(x$fpl$dmul)
    _dmul                                    0x08013eed   Thumb Code   332  dmul.o(x$fpl$dmul)
    __fpl_dnaninf                            0x08014041   Thumb Code   156  dnaninf.o(x$fpl$dnaninf)
    __fpl_dretinf                            0x080140dd   Thumb Code    12  dretinf.o(x$fpl$dretinf)
    __aeabi_cdrcmple                         0x080140e9   Thumb Code     0  drleqf.o(x$fpl$drleqf)
    _drcmple                                 0x080140e9   Thumb Code   108  drleqf.o(x$fpl$drleqf)
    __aeabi_drsub                            0x08014155   Thumb Code     0  daddsub_clz.o(x$fpl$drsb)
    _drsb                                    0x08014155   Thumb Code    22  daddsub_clz.o(x$fpl$drsb)
    _dsqrt                                   0x0801416d   Thumb Code   404  dsqrt_umaal.o(x$fpl$dsqrt)
    __aeabi_dsub                             0x08014305   Thumb Code     0  daddsub_clz.o(x$fpl$dsub)
    _dsub                                    0x08014305   Thumb Code   464  daddsub_clz.o(x$fpl$dsub)
    __aeabi_f2d                              0x080144d9   Thumb Code     0  f2d.o(x$fpl$f2d)
    _f2d                                     0x080144d9   Thumb Code    86  f2d.o(x$fpl$f2d)
    __aeabi_ul2f                             0x0801452f   Thumb Code     0  ffltll_clz.o(x$fpl$ffltll)
    _ll_uto_f                                0x0801452f   Thumb Code     6  ffltll_clz.o(x$fpl$ffltll)
    __aeabi_l2f                              0x08014535   Thumb Code     0  ffltll_clz.o(x$fpl$ffltll)
    _ll_sto_f                                0x08014535   Thumb Code    90  ffltll_clz.o(x$fpl$ffltll)
    __fpl_fnaninf                            0x0801458f   Thumb Code   140  fnaninf.o(x$fpl$fnaninf)
    _fp_init                                 0x0801461b   Thumb Code    10  fpinit.o(x$fpl$fpinit)
    __fplib_config_fpu_vfp                   0x08014623   Thumb Code     0  fpinit.o(x$fpl$fpinit)
    __fplib_config_pureend_doubles           0x08014623   Thumb Code     0  fpinit.o(x$fpl$fpinit)
    __fpl_fretinf                            0x08014625   Thumb Code    10  fretinf.o(x$fpl$fretinf)
    __aeabi_f2lz                             0x08014631   Thumb Code     0  ffixll.o(x$fpl$llsfromf)
    _ll_sfrom_f                              0x08014631   Thumb Code   134  ffixll.o(x$fpl$llsfromf)
    _printf_fp_dec                           0x080146b7   Thumb Code     4  printf1.o(x$fpl$printf1)
    _printf_fp_hex                           0x080146bb   Thumb Code     4  printf2.o(x$fpl$printf2)
    APBAHBPrescTable                         0x080146be   Data          16  stm32f4xx_hal_rcc.o(.constdata)
    __I$use$fp                               0x080146be   Number         0  usenofp.o(x$fpl$usenofp)
    reg                                      0x080146ce   Data          42  inv_mpu.o(.constdata)
    hw                                       0x080146f8   Data          14  inv_mpu.o(.constdata)
    test                                     0x08014708   Data          48  inv_mpu.o(.constdata)
    ml_ver                                   0x0801552e   Data          20  mpl.o(.constdata)
    __mathlib_zero                           0x08015608   Data           8  qnan.o(.constdata)
    Region$$Table$$Base                      0x0801588c   Number         0  anon$$obj.o(Region$$Table)
    Region$$Table$$Limit                     0x080158ac   Number         0  anon$$obj.o(Region$$Table)
    __ctype                                  0x080158d5   Data           0  lc_ctype_c.o(locale$$data)
    SystemCoreClock                          0x20000000   Data           4  system_stm32f4xx.o(.data)
    AHBPrescTable                            0x20000004   Data          16  system_stm32f4xx.o(.data)
    USART_RX_STA                             0x2000001c   Data           2  usart.o(.data)
    USART3_RX_STA                            0x2000001e   Data           2  usart.o(.data)
    __stdout                                 0x20000020   Data           4  usart.o(.data)
    ltdc_framebuf                            0x20000024   Data           8  ltdc.o(.data)
    mpl_key                                  0x2000002c   Data           4  inv_mpu.o(.data)
    sys_cmd_tab                              0x20000080   Data          28  usmart.o(.data)
    usmart_nametab                           0x2000009c   Data          16  usmart_config.o(.data)
    usmart_dev                               0x200000ac   Data         244  usmart_config.o(.data)
    USART1_TX_BUF                            0x200001b0   Data        2200  main.o(.bss)
    gpsx                                     0x20000a48   Data         211  main.o(.bss)
    dtbuf                                    0x20000b1c   Data          50  main.o(.bss)
    USART_RX_BUF                             0x20000b50   Data         200  usart.o(.bss)
    USART3_TX_BUF                            0x20000c18   Data        2200  usart.o(.bss)
    USART3_RX_BUF                            0x200014b0   Data        2200  usart.o(.bss)
    UART1_Handler                            0x20001d48   Data          64  usart.o(.bss)
    UART3_Handler                            0x20001d88   Data          64  usart.o(.bss)
    SRAM_Handler                             0x20001dc8   Data          80  lcd.o(.bss)
    lcddev                                   0x20001e18   Data          14  lcd.o(.bss)
    SDRAM_Handler                            0x20001e28   Data          52  sdram.o(.bss)
    LTDC_Handler                             0x20001e5c   Data         168  ltdc.o(.bss)
    lcdltdc                                  0x20001f04   Data          32  ltdc.o(.bss)
    TIM7_Handler                             0x20001f24   Data          60  timer.o(.bss)
    TIM4_Handler                             0x200025a8   Data          60  usmart.o(.bss)
    cb                                       0x200025e8   Data         232  compass_vec_cal.o(.bss)
    cb_test                                  0x200026d0   Data         232  compass_vec_cal.o(.bss)
    cb_sim                                   0x200027b8   Data         232  compass_vec_cal.o(.bss)
    vc                                       0x200028a0   Data         424  compass_vec_cal.o(.bss)
    fnm                                      0x20002a48   Data         608  fast_no_motion.o(.bss)
    s9axis                                   0x20002ce8   Data         312  fusion_9axis.o(.bss)
    mag_disturb                              0x20002fe4   Data         184  mag_disturb.o(.bss)
    __libspace_start                         0x200035c0   Data          96  libspace.o(.bss)
    __temporary_stack_top$libspace           0x20003620   Data           0  libspace.o(.bss)
    ltdc_lcd_framebuf                        0xc0000000   Data       2048000  ltdc.o(.ARM.__AT_0xC0000000)



==============================================================================

Memory Map of the image

  Image Entry point : 0x080001ad

  Load Region LR_IROM1 (Base: 0x08000000, Size: 0x00015b88, Max: 0x00100000, ABSOLUTE, COMPRESSED[0x00015a54])

    Execution Region ER_IROM1 (Base: 0x08000000, Size: 0x000159d8, Max: 0x00100000, ABSOLUTE)

    Base Addr    Size         Type   Attr      Idx    E Section Name        Object

    0x08000000   0x000001ac   Data   RO          546    RESET               startup_stm32f429xx.o
    0x080001ac   0x00000008   Code   RO         7013  * !!!main             c_w.l(__main.o)
    0x080001b4   0x00000034   Code   RO         7625    !!!scatter          c_w.l(__scatter.o)
    0x080001e8   0x0000005a   Code   RO         7623    !!dczerorl2         c_w.l(__dczerorl2.o)
    0x08000242   0x00000002   PAD
    0x08000244   0x0000001c   Code   RO         7627    !!handler_zi        c_w.l(__scatter_zi.o)
    0x08000260   0x00000000   Code   RO         6992    .ARM.Collect$$_printf_percent$$00000000  c_w.l(_printf_percent.o)
    0x08000260   0x00000006   Code   RO         7301    .ARM.Collect$$_printf_percent$$00000001  c_w.l(_printf_n.o)
    0x08000266   0x00000006   Code   RO         7302    .ARM.Collect$$_printf_percent$$00000002  c_w.l(_printf_p.o)
    0x0800026c   0x00000006   Code   RO         6991    .ARM.Collect$$_printf_percent$$00000003  c_w.l(_printf_f.o)
    0x08000272   0x00000006   Code   RO         7305    .ARM.Collect$$_printf_percent$$00000004  c_w.l(_printf_e.o)
    0x08000278   0x00000006   Code   RO         7306    .ARM.Collect$$_printf_percent$$00000005  c_w.l(_printf_g.o)
    0x0800027e   0x00000006   Code   RO         7307    .ARM.Collect$$_printf_percent$$00000006  c_w.l(_printf_a.o)
    0x08000284   0x0000000a   Code   RO         7312    .ARM.Collect$$_printf_percent$$00000007  c_w.l(_printf_ll.o)
    0x0800028e   0x00000006   Code   RO         7304    .ARM.Collect$$_printf_percent$$00000008  c_w.l(_printf_i.o)
    0x08000294   0x00000006   Code   RO         6989    .ARM.Collect$$_printf_percent$$00000009  c_w.l(_printf_d.o)
    0x0800029a   0x00000006   Code   RO         6990    .ARM.Collect$$_printf_percent$$0000000A  c_w.l(_printf_u.o)
    0x080002a0   0x00000006   Code   RO         7303    .ARM.Collect$$_printf_percent$$0000000B  c_w.l(_printf_o.o)
    0x080002a6   0x00000006   Code   RO         6988    .ARM.Collect$$_printf_percent$$0000000C  c_w.l(_printf_x.o)
    0x080002ac   0x00000006   Code   RO         7309    .ARM.Collect$$_printf_percent$$0000000D  c_w.l(_printf_lli.o)
    0x080002b2   0x00000006   Code   RO         7310    .ARM.Collect$$_printf_percent$$0000000E  c_w.l(_printf_lld.o)
    0x080002b8   0x00000006   Code   RO         7311    .ARM.Collect$$_printf_percent$$0000000F  c_w.l(_printf_llu.o)
    0x080002be   0x00000006   Code   RO         7316    .ARM.Collect$$_printf_percent$$00000010  c_w.l(_printf_llo.o)
    0x080002c4   0x00000006   Code   RO         7317    .ARM.Collect$$_printf_percent$$00000011  c_w.l(_printf_llx.o)
    0x080002ca   0x0000000a   Code   RO         7313    .ARM.Collect$$_printf_percent$$00000012  c_w.l(_printf_l.o)
    0x080002d4   0x00000006   Code   RO         6986    .ARM.Collect$$_printf_percent$$00000013  c_w.l(_printf_c.o)
    0x080002da   0x00000006   Code   RO         6987    .ARM.Collect$$_printf_percent$$00000014  c_w.l(_printf_s.o)
    0x080002e0   0x00000006   Code   RO         7314    .ARM.Collect$$_printf_percent$$00000015  c_w.l(_printf_lc.o)
    0x080002e6   0x00000006   Code   RO         7315    .ARM.Collect$$_printf_percent$$00000016  c_w.l(_printf_ls.o)
    0x080002ec   0x00000004   Code   RO         7308    .ARM.Collect$$_printf_percent$$00000017  c_w.l(_printf_percent_end.o)
    0x080002f0   0x00000002   Code   RO         7489    .ARM.Collect$$libinit$$00000000  c_w.l(libinit.o)
    0x080002f2   0x00000004   Code   RO         7490    .ARM.Collect$$libinit$$00000001  c_w.l(libinit2.o)
    0x080002f6   0x00000000   Code   RO         7493    .ARM.Collect$$libinit$$00000004  c_w.l(libinit2.o)
    0x080002f6   0x00000000   Code   RO         7496    .ARM.Collect$$libinit$$0000000A  c_w.l(libinit2.o)
    0x080002f6   0x00000000   Code   RO         7498    .ARM.Collect$$libinit$$0000000C  c_w.l(libinit2.o)
    0x080002f6   0x00000000   Code   RO         7500    .ARM.Collect$$libinit$$0000000E  c_w.l(libinit2.o)
    0x080002f6   0x00000006   Code   RO         7501    .ARM.Collect$$libinit$$0000000F  c_w.l(libinit2.o)
    0x080002fc   0x00000000   Code   RO         7503    .ARM.Collect$$libinit$$00000011  c_w.l(libinit2.o)
    0x080002fc   0x0000000c   Code   RO         7504    .ARM.Collect$$libinit$$00000012  c_w.l(libinit2.o)
    0x08000308   0x00000000   Code   RO         7505    .ARM.Collect$$libinit$$00000013  c_w.l(libinit2.o)
    0x08000308   0x00000000   Code   RO         7507    .ARM.Collect$$libinit$$00000015  c_w.l(libinit2.o)
    0x08000308   0x0000000a   Code   RO         7508    .ARM.Collect$$libinit$$00000016  c_w.l(libinit2.o)
    0x08000312   0x00000000   Code   RO         7509    .ARM.Collect$$libinit$$00000017  c_w.l(libinit2.o)
    0x08000312   0x00000000   Code   RO         7511    .ARM.Collect$$libinit$$00000019  c_w.l(libinit2.o)
    0x08000312   0x00000000   Code   RO         7513    .ARM.Collect$$libinit$$0000001B  c_w.l(libinit2.o)
    0x08000312   0x00000000   Code   RO         7515    .ARM.Collect$$libinit$$0000001D  c_w.l(libinit2.o)
    0x08000312   0x00000000   Code   RO         7517    .ARM.Collect$$libinit$$0000001F  c_w.l(libinit2.o)
    0x08000312   0x00000000   Code   RO         7519    .ARM.Collect$$libinit$$00000021  c_w.l(libinit2.o)
    0x08000312   0x00000000   Code   RO         7521    .ARM.Collect$$libinit$$00000023  c_w.l(libinit2.o)
    0x08000312   0x00000000   Code   RO         7523    .ARM.Collect$$libinit$$00000025  c_w.l(libinit2.o)
    0x08000312   0x00000000   Code   RO         7527    .ARM.Collect$$libinit$$0000002C  c_w.l(libinit2.o)
    0x08000312   0x00000000   Code   RO         7529    .ARM.Collect$$libinit$$0000002E  c_w.l(libinit2.o)
    0x08000312   0x00000000   Code   RO         7531    .ARM.Collect$$libinit$$00000030  c_w.l(libinit2.o)
    0x08000312   0x00000000   Code   RO         7533    .ARM.Collect$$libinit$$00000032  c_w.l(libinit2.o)
    0x08000312   0x00000002   Code   RO         7534    .ARM.Collect$$libinit$$00000033  c_w.l(libinit2.o)
    0x08000314   0x00000002   Code   RO         7583    .ARM.Collect$$libshutdown$$00000000  c_w.l(libshutdown.o)
    0x08000316   0x00000000   Code   RO         7592    .ARM.Collect$$libshutdown$$00000002  c_w.l(libshutdown2.o)
    0x08000316   0x00000000   Code   RO         7594    .ARM.Collect$$libshutdown$$00000004  c_w.l(libshutdown2.o)
    0x08000316   0x00000000   Code   RO         7597    .ARM.Collect$$libshutdown$$00000007  c_w.l(libshutdown2.o)
    0x08000316   0x00000000   Code   RO         7600    .ARM.Collect$$libshutdown$$0000000A  c_w.l(libshutdown2.o)
    0x08000316   0x00000000   Code   RO         7602    .ARM.Collect$$libshutdown$$0000000C  c_w.l(libshutdown2.o)
    0x08000316   0x00000000   Code   RO         7605    .ARM.Collect$$libshutdown$$0000000F  c_w.l(libshutdown2.o)
    0x08000316   0x00000002   Code   RO         7606    .ARM.Collect$$libshutdown$$00000010  c_w.l(libshutdown2.o)
    0x08000318   0x00000000   Code   RO         7269    .ARM.Collect$$rtentry$$00000000  c_w.l(__rtentry.o)
    0x08000318   0x00000000   Code   RO         7394    .ARM.Collect$$rtentry$$00000002  c_w.l(__rtentry2.o)
    0x08000318   0x00000006   Code   RO         7406    .ARM.Collect$$rtentry$$00000004  c_w.l(__rtentry4.o)
    0x0800031e   0x00000000   Code   RO         7396    .ARM.Collect$$rtentry$$00000009  c_w.l(__rtentry2.o)
    0x0800031e   0x00000004   Code   RO         7397    .ARM.Collect$$rtentry$$0000000A  c_w.l(__rtentry2.o)
    0x08000322   0x00000000   Code   RO         7399    .ARM.Collect$$rtentry$$0000000C  c_w.l(__rtentry2.o)
    0x08000322   0x00000008   Code   RO         7400    .ARM.Collect$$rtentry$$0000000D  c_w.l(__rtentry2.o)
    0x0800032a   0x00000002   Code   RO         7537    .ARM.Collect$$rtexit$$00000000  c_w.l(rtexit.o)
    0x0800032c   0x00000000   Code   RO         7553    .ARM.Collect$$rtexit$$00000002  c_w.l(rtexit2.o)
    0x0800032c   0x00000004   Code   RO         7554    .ARM.Collect$$rtexit$$00000003  c_w.l(rtexit2.o)
    0x08000330   0x00000006   Code   RO         7555    .ARM.Collect$$rtexit$$00000004  c_w.l(rtexit2.o)
    0x08000336   0x00000002   PAD
    0x08000338   0x00000040   Code   RO          547    .text               startup_stm32f429xx.o
    0x08000378   0x000024f0   Code   RO         6685    .text               libmpllib.lib(compass_vec_cal.o)
    0x08002868   0x00000a18   Code   RO         6775    .text               libmpllib.lib(fast_no_motion.o)
    0x08003280   0x000006b0   Code   RO         6808    .text               libmpllib.lib(fusion_9axis.o)
    0x08003930   0x000004c4   Code   RO         6830    .text               libmpllib.lib(gyro_tc.o)
    0x08003df4   0x000005c0   Code   RO         6848    .text               libmpllib.lib(mag_disturb.o)
    0x080043b4   0x00000994   Code   RO         6870    .text               libmpllib.lib(quaternion_supervisor.o)
    0x08004d48   0x00000c44   Code   RO         6888    .text               libmpllib.lib(accel_auto_cal.o)
    0x0800598c   0x00000002   Code   RO         6919    .text               c_w.l(use_no_semi_2.o)
    0x0800598e   0x00000026   Code   RO         6921    .text               c_w.l(llshl.o)
    0x080059b4   0x00000026   Code   RO         6923    .text               c_w.l(llsshr.o)
    0x080059da   0x00000048   Code   RO         6925    .text               c_w.l(llsdiv.o)
    0x08005a22   0x00000002   PAD
    0x08005a24   0x00000024   Code   RO         6927    .text               c_w.l(vsprintf.o)
    0x08005a48   0x00000018   Code   RO         6929    .text               c_w.l(__2printf.o)
    0x08005a60   0x0000004e   Code   RO         6939    .text               c_w.l(_printf_pad.o)
    0x08005aae   0x00000052   Code   RO         6941    .text               c_w.l(_printf_str.o)
    0x08005b00   0x00000078   Code   RO         6943    .text               c_w.l(_printf_dec.o)
    0x08005b78   0x00000094   Code   RO         6963    .text               c_w.l(_printf_hex_int_ll_ptr.o)
    0x08005c0c   0x00000188   Code   RO         6983    .text               c_w.l(__printf_flags_ss_wp.o)
    0x08005d94   0x00000058   Code   RO         6995    .text               c_w.l(memcmp.o)
    0x08005dec   0x0000008a   Code   RO         6999    .text               c_w.l(rt_memcpy_v6.o)
    0x08005e76   0x00000064   Code   RO         7001    .text               c_w.l(rt_memcpy_w.o)
    0x08005eda   0x0000007a   Code   RO         7003    .text               c_w.l(rt_memmove_w.o)
    0x08005f54   0x00000010   Code   RO         7005    .text               c_w.l(aeabi_memset.o)
    0x08005f64   0x00000044   Code   RO         7007    .text               c_w.l(rt_memclr.o)
    0x08005fa8   0x0000004e   Code   RO         7009    .text               c_w.l(rt_memclr_w.o)
    0x08005ff6   0x00000006   Code   RO         7011    .text               c_w.l(heapauxi.o)
    0x08005ffc   0x00000002   Code   RO         7267    .text               c_w.l(use_no_semi.o)
    0x08005ffe   0x000000ee   Code   RO         7270    .text               c_w.l(lludivv7m.o)
    0x080060ec   0x00000016   Code   RO         7272    .text               c_w.l(_rserrno.o)
    0x08006102   0x00000024   Code   RO         7274    .text               c_w.l(_printf_truncate.o)
    0x08006126   0x000000b2   Code   RO         7276    .text               c_w.l(_printf_intcommon.o)
    0x080061d8   0x00000028   Code   RO         7278    .text               c_w.l(_printf_charcount.o)
    0x08006200   0x0000041a   Code   RO         7280    .text               c_w.l(_printf_fp_dec.o)
    0x0800661a   0x00000002   PAD
    0x0800661c   0x00000030   Code   RO         7282    .text               c_w.l(_printf_char_common.o)
    0x0800664c   0x0000000a   Code   RO         7284    .text               c_w.l(_sputc.o)
    0x08006656   0x0000002c   Code   RO         7286    .text               c_w.l(_printf_char.o)
    0x08006682   0x00000002   PAD
    0x08006684   0x00000024   Code   RO         7288    .text               c_w.l(_printf_char_file.o)
    0x080066a8   0x000000bc   Code   RO         7290    .text               c_w.l(_printf_wctomb.o)
    0x08006764   0x0000007c   Code   RO         7293    .text               c_w.l(_printf_longlong_dec.o)
    0x080067e0   0x00000070   Code   RO         7299    .text               c_w.l(_printf_oct_int_ll.o)
    0x08006850   0x00000008   Code   RO         7415    .text               c_w.l(rt_locale_intlibspace.o)
    0x08006858   0x00000008   Code   RO         7420    .text               c_w.l(rt_errno_addr_intlibspace.o)
    0x08006860   0x0000008a   Code   RO         7422    .text               c_w.l(lludiv10.o)
    0x080068ea   0x00000002   PAD
    0x080068ec   0x000002fc   Code   RO         7424    .text               c_w.l(_printf_fp_hex.o)
    0x08006be8   0x00000080   Code   RO         7427    .text               c_w.l(_printf_fp_infnan.o)
    0x08006c68   0x0000002c   Code   RO         7431    .text               c_w.l(_printf_wchar.o)
    0x08006c94   0x000000dc   Code   RO         7433    .text               c_w.l(bigflt0.o)
    0x08006d70   0x00000008   Code   RO         7458    .text               c_w.l(ferror.o)
    0x08006d78   0x00000040   Code   RO         7462    .text               c_w.l(_wcrtomb.o)
    0x08006db8   0x00000008   Code   RO         7471    .text               c_w.l(libspace.o)
    0x08006dc0   0x0000004a   Code   RO         7474    .text               c_w.l(sys_stackheap_outer.o)
    0x08006e0a   0x00000002   PAD
    0x08006e0c   0x00000010   Code   RO         7476    .text               c_w.l(rt_ctype_table.o)
    0x08006e1c   0x00000012   Code   RO         7480    .text               c_w.l(exit.o)
    0x08006e2e   0x00000002   PAD
    0x08006e30   0x00000080   Code   RO         7482    .text               c_w.l(strcmpv7m.o)
    0x08006eb0   0x0000003e   Code   RO         7436    CL$$btod_d2e        c_w.l(btod.o)
    0x08006eee   0x00000046   Code   RO         7438    CL$$btod_d2e_denorm_low  c_w.l(btod.o)
    0x08006f34   0x00000060   Code   RO         7437    CL$$btod_d2e_norm_op1  c_w.l(btod.o)
    0x08006f94   0x00000338   Code   RO         7446    CL$$btod_div_common  c_w.l(btod.o)
    0x080072cc   0x000000c6   Code   RO         7443    CL$$btod_e2e        c_w.l(btod.o)
    0x08007392   0x00000028   Code   RO         7440    CL$$btod_ediv       c_w.l(btod.o)
    0x080073ba   0x00000028   Code   RO         7439    CL$$btod_emul       c_w.l(btod.o)
    0x080073e2   0x00000244   Code   RO         7445    CL$$btod_mult_common  c_w.l(btod.o)
    0x08007626   0x00000002   Code   RO          329    i.BusFault_Handler  stm32f4xx_it.o
    0x08007628   0x00000002   Code   RO          330    i.DebugMon_Handler  stm32f4xx_it.o
    0x0800762a   0x00000002   PAD
    0x0800762c   0x00000040   Code   RO         2691    i.FMC_NORSRAM_Extended_Timing_Init  stm32f4xx_ll_fmc.o
    0x0800766c   0x00000078   Code   RO         2692    i.FMC_NORSRAM_Init  stm32f4xx_ll_fmc.o
    0x080076e4   0x0000005c   Code   RO         2693    i.FMC_NORSRAM_Timing_Init  stm32f4xx_ll_fmc.o
    0x08007740   0x0000004c   Code   RO         2703    i.FMC_SDRAM_Init    stm32f4xx_ll_fmc.o
    0x0800778c   0x0000000c   Code   RO         2704    i.FMC_SDRAM_ProgramRefreshRate  stm32f4xx_ll_fmc.o
    0x08007798   0x00000048   Code   RO         2705    i.FMC_SDRAM_SendCommand  stm32f4xx_ll_fmc.o
    0x080077e0   0x0000007c   Code   RO         2707    i.FMC_SDRAM_Timing_Init  stm32f4xx_ll_fmc.o
    0x0800785c   0x000001dc   Code   RO          838    i.HAL_GPIO_Init     stm32f4xx_hal_gpio.o
    0x08007a38   0x0000000a   Code   RO          840    i.HAL_GPIO_ReadPin  stm32f4xx_hal_gpio.o
    0x08007a42   0x0000000a   Code   RO          842    i.HAL_GPIO_WritePin  stm32f4xx_hal_gpio.o
    0x08007a4c   0x0000000c   Code   RO          569    i.HAL_GetTick       stm32f4xx_hal.o
    0x08007a58   0x00000010   Code   RO          570    i.HAL_IncTick       stm32f4xx_hal.o
    0x08007a68   0x00000034   Code   RO          571    i.HAL_Init          stm32f4xx_hal.o
    0x08007a9c   0x00000022   Code   RO          572    i.HAL_InitTick      stm32f4xx_hal.o
    0x08007abe   0x00000052   Code   RO         3141    i.HAL_LTDC_ConfigLayer  stm32f4xx_hal_ltdc.o
    0x08007b10   0x000000fc   Code   RO         3153    i.HAL_LTDC_Init     stm32f4xx_hal_ltdc.o
    0x08007c0c   0x000000f4   Code   RO         3955    i.HAL_LTDC_MspInit  ltdc.o
    0x08007d00   0x00000054   Code   RO         3162    i.HAL_LTDC_SetWindowPosition  stm32f4xx_hal_ltdc.o
    0x08007d54   0x00000054   Code   RO         3163    i.HAL_LTDC_SetWindowSize  stm32f4xx_hal_ltdc.o
    0x08007da8   0x00000008   Code   RO          574    i.HAL_MspInit       stm32f4xx_hal.o
    0x08007db0   0x00000016   Code   RO          715    i.HAL_NVIC_EnableIRQ  stm32f4xx_hal_cortex.o
    0x08007dc6   0x00000002   PAD
    0x08007dc8   0x00000040   Code   RO          721    i.HAL_NVIC_SetPriority  stm32f4xx_hal_cortex.o
    0x08007e08   0x00000024   Code   RO          722    i.HAL_NVIC_SetPriorityGrouping  stm32f4xx_hal_cortex.o
    0x08007e2c   0x00000088   Code   RO         1027    i.HAL_PWREx_EnableOverDrive  stm32f4xx_hal_pwr_ex.o
    0x08007eb4   0x000002a8   Code   RO         1199    i.HAL_RCCEx_PeriphCLKConfig  stm32f4xx_hal_rcc_ex.o
    0x0800815c   0x00000208   Code   RO         1094    i.HAL_RCC_ClockConfig  stm32f4xx_hal_rcc.o
    0x08008364   0x00000034   Code   RO         1099    i.HAL_RCC_GetHCLKFreq  stm32f4xx_hal_rcc.o
    0x08008398   0x0000002c   Code   RO         1101    i.HAL_RCC_GetPCLK1Freq  stm32f4xx_hal_rcc.o
    0x080083c4   0x0000002c   Code   RO         1102    i.HAL_RCC_GetPCLK2Freq  stm32f4xx_hal_rcc.o
    0x080083f0   0x00000074   Code   RO         1103    i.HAL_RCC_GetSysClockFreq  stm32f4xx_hal_rcc.o
    0x08008464   0x0000031c   Code   RO         1106    i.HAL_RCC_OscConfig  stm32f4xx_hal_rcc.o
    0x08008780   0x00000042   Code   RO         2989    i.HAL_SDRAM_Init    stm32f4xx_hal_sdram.o
    0x080087c2   0x00000002   PAD
    0x080087c4   0x000000dc   Code   RO         3897    i.HAL_SDRAM_MspInit  sdram.o
    0x080088a0   0x00000022   Code   RO         2992    i.HAL_SDRAM_ProgramRefreshRate  stm32f4xx_hal_sdram.o
    0x080088c2   0x0000002e   Code   RO         2998    i.HAL_SDRAM_SendCommand  stm32f4xx_hal_sdram.o
    0x080088f0   0x00000056   Code   RO         2867    i.HAL_SRAM_Init     stm32f4xx_hal_sram.o
    0x08008946   0x00000002   PAD
    0x08008948   0x00000078   Code   RO         3676    i.HAL_SRAM_MspInit  lcd.o
    0x080089c0   0x00000018   Code   RO          724    i.HAL_SYSTICK_CLKSourceConfig  stm32f4xx_hal_cortex.o
    0x080089d8   0x00000028   Code   RO          726    i.HAL_SYSTICK_Config  stm32f4xx_hal_cortex.o
    0x08008a00   0x00000036   Code   RO         1815    i.HAL_TIM_Base_Init  stm32f4xx_hal_tim.o
    0x08008a36   0x00000002   PAD
    0x08008a38   0x0000003c   Code   RO         4422    i.HAL_TIM_Base_MspInit  timer.o
    0x08008a74   0x00000018   Code   RO         1820    i.HAL_TIM_Base_Start_IT  stm32f4xx_hal_tim.o
    0x08008a8c   0x00000002   Code   RO         1246    i.HAL_UART_ErrorCallback  stm32f4xx_hal_uart.o
    0x08008a8e   0x000000f4   Code   RO         1249    i.HAL_UART_IRQHandler  stm32f4xx_hal_uart.o
    0x08008b82   0x0000005e   Code   RO         1250    i.HAL_UART_Init     stm32f4xx_hal_uart.o
    0x08008be0   0x00000134   Code   RO         3539    i.HAL_UART_MspInit  usart.o
    0x08008d14   0x000000ca   Code   RO         1253    i.HAL_UART_Receive  stm32f4xx_hal_uart.o
    0x08008dde   0x00000002   Code   RO         1256    i.HAL_UART_RxCpltCallback  stm32f4xx_hal_uart.o
    0x08008de0   0x00000002   Code   RO         1261    i.HAL_UART_TxCpltCallback  stm32f4xx_hal_uart.o
    0x08008de2   0x00000002   Code   RO          331    i.HardFault_Handler  stm32f4xx_it.o
    0x08008de4   0x00000040   Code   RO         4141    i.IIC_Ack           myiic.o
    0x08008e24   0x00000048   Code   RO         4142    i.IIC_Init          myiic.o
    0x08008e6c   0x00000040   Code   RO         4143    i.IIC_NAck          myiic.o
    0x08008eac   0x00000068   Code   RO         4144    i.IIC_Read_Byte     myiic.o
    0x08008f14   0x00000060   Code   RO         4145    i.IIC_Send_Byte     myiic.o
    0x08008f74   0x00000040   Code   RO         4146    i.IIC_Start         myiic.o
    0x08008fb4   0x00000044   Code   RO         4147    i.IIC_Stop          myiic.o
    0x08008ff8   0x00000054   Code   RO         4148    i.IIC_Wait_Ack      myiic.o
    0x0800904c   0x00000080   Code   RO         3645    i.KEY_Init          key.o
    0x080090cc   0x00000048   Code   RO         3678    i.LCD_Clear         lcd.o
    0x08009114   0x000000f4   Code   RO         3682    i.LCD_Display_Dir   lcd.o
    0x08009208   0x00000060   Code   RO         3688    i.LCD_Fill          lcd.o
    0x08009268   0x0000238c   Code   RO         3689    i.LCD_Init          lcd.o
    0x0800b5f4   0x00000014   Code   RO         3691    i.LCD_RD_DATA       lcd.o
    0x0800b608   0x00000050   Code   RO         3694    i.LCD_SSD_BackLightSet  lcd.o
    0x0800b658   0x000001b8   Code   RO         3695    i.LCD_Scan_Dir      lcd.o
    0x0800b810   0x00000104   Code   RO         3696    i.LCD_SetCursor     lcd.o
    0x0800b914   0x00000018   Code   RO         3702    i.LCD_WR_DATA       lcd.o
    0x0800b92c   0x00000018   Code   RO         3703    i.LCD_WR_REG        lcd.o
    0x0800b944   0x00000014   Code   RO         3705    i.LCD_WriteRAM_Prepare  lcd.o
    0x0800b958   0x00000010   Code   RO         3706    i.LCD_WriteReg      lcd.o
    0x0800b968   0x0000004c   Code   RO         3621    i.LED_Init          led.o
    0x0800b9b4   0x00000020   Code   RO         3956    i.LTDC_Clear        ltdc.o
    0x0800b9d4   0x0000001e   Code   RO         3957    i.LTDC_Clk_Set      ltdc.o
    0x0800b9f2   0x00000002   PAD
    0x0800b9f4   0x00000028   Code   RO         3959    i.LTDC_Display_Dir  ltdc.o
    0x0800ba1c   0x000000b4   Code   RO         3961    i.LTDC_Fill         ltdc.o
    0x0800bad0   0x000001b0   Code   RO         3962    i.LTDC_Init         ltdc.o
    0x0800bc80   0x0000005c   Code   RO         3963    i.LTDC_Layer_Parameter_Config  ltdc.o
    0x0800bcdc   0x00000024   Code   RO         3965    i.LTDC_Layer_Window_Config  ltdc.o
    0x0800bd00   0x000000b8   Code   RO         3966    i.LTDC_PanelID_Read  ltdc.o
    0x0800bdb8   0x00000162   Code   RO         3164    i.LTDC_SetConfig    stm32f4xx_hal_ltdc.o
    0x0800bf1a   0x00000032   Code   RO         4208    i.MPU_Get_Accelerometer  mpu9250.o
    0x0800bf4c   0x00000032   Code   RO         4209    i.MPU_Get_Gyroscope  mpu9250.o
    0x0800bf7e   0x00000002   PAD
    0x0800bf80   0x00000064   Code   RO         4211    i.MPU_Get_Temperature  mpu9250.o
    0x0800bfe4   0x0000006a   Code   RO         4213    i.MPU_Read_Len      mpu9250.o
    0x0800c04e   0x00000052   Code   RO         4219    i.MPU_Write_Len     mpu9250.o
    0x0800c0a0   0x00000002   Code   RO          332    i.MemManage_Handler  stm32f4xx_it.o
    0x0800c0a2   0x00000002   Code   RO          333    i.NMI_Handler       stm32f4xx_it.o
    0x0800c0a4   0x00000020   Code   RO          728    i.NVIC_SetPriority  stm32f4xx_hal_cortex.o
    0x0800c0c4   0x00000002   Code   RO          334    i.PendSV_Handler    stm32f4xx_it.o
    0x0800c0c6   0x00000002   PAD
    0x0800c0c8   0x00000060   Code   RO         3898    i.SDRAM_Init        sdram.o
    0x0800c128   0x00000050   Code   RO         3899    i.SDRAM_Initialization_Sequence  sdram.o
    0x0800c178   0x00000034   Code   RO         3900    i.SDRAM_Send_Cmd    sdram.o
    0x0800c1ac   0x00000002   Code   RO          335    i.SVC_Handler       stm32f4xx_it.o
    0x0800c1ae   0x00000002   PAD
    0x0800c1b0   0x00000060   Code   RO         4311    i.SkyTra_Cfg_Ack_Check  gps.o
    0x0800c210   0x0000003c   Code   RO         4313    i.SkyTra_Cfg_Rate   gps.o
    0x0800c24c   0x00000050   Code   RO         4314    i.SkyTra_Cfg_Tp     gps.o
    0x0800c29c   0x00000024   Code   RO         4315    i.SkyTra_Send_Date  gps.o
    0x0800c2c0   0x00000084   Code   RO         3512    i.Stm32_Clock_Init  sys.o
    0x0800c344   0x00000004   Code   RO          336    i.SysTick_Handler   stm32f4xx_it.o
    0x0800c348   0x00000054   Code   RO          412    i.SystemInit        system_stm32f4xx.o
    0x0800c39c   0x00000034   Code   RO         6494    i.TIM4_IRQHandler   usmart.o
    0x0800c3d0   0x0000002c   Code   RO         4423    i.TIM7_IRQHandler   timer.o
    0x0800c3fc   0x0000002c   Code   RO         4424    i.TIM7_Int_Init     timer.o
    0x0800c428   0x000000c0   Code   RO         1899    i.TIM_Base_SetConfig  stm32f4xx_hal_tim.o
    0x0800c4e8   0x00000054   Code   RO         6495    i.Timer4_Init       usmart.o
    0x0800c53c   0x000000a6   Code   RO         1268    i.UART_Receive_IT   stm32f4xx_hal_uart.o
    0x0800c5e2   0x00000002   PAD
    0x0800c5e4   0x00000174   Code   RO         1269    i.UART_SetConfig    stm32f4xx_hal_uart.o
    0x0800c758   0x00000066   Code   RO         1270    i.UART_Transmit_IT  stm32f4xx_hal_uart.o
    0x0800c7be   0x00000092   Code   RO         1271    i.UART_WaitOnFlagUntilTimeout  stm32f4xx_hal_uart.o
    0x0800c850   0x00000182   Code   RO         4316    i.UBX_NAV_PVT       gps.o
    0x0800c9d2   0x00000002   PAD
    0x0800c9d4   0x00000070   Code   RO         3540    i.USART1_IRQHandler  usart.o
    0x0800ca44   0x0000005c   Code   RO         3541    i.USART3_IRQHandler  usart.o
    0x0800caa0   0x00000002   Code   RO          337    i.UsageFault_Handler  stm32f4xx_it.o
    0x0800caa2   0x00000096   Code   RO         5112    i._MLPrintLog       log_stm32.o
    0x0800cb38   0x00000030   Code   RO         7358    i.__ARM_fpclassify  m_wm.l(fpclassify.o)
    0x0800cb68   0x00000026   Code   RO         7360    i.__ARM_fpclassifyf  m_wm.l(fpclassifyf.o)
    0x0800cb8e   0x00000002   PAD
    0x0800cb90   0x00000118   Code   RO         7073    i.__hardfp_acosf    m_wm.l(acosf.o)
    0x0800cca8   0x00000250   Code   RO         7137    i.__hardfp_atan2f   m_wm.l(atan2f.o)
    0x0800cef8   0x000000c8   Code   RO         7155    i.__hardfp_cos      m_wm.l(cos.o)
    0x0800cfc0   0x00000150   Code   RO         7167    i.__hardfp_cosf     m_wm.l(cosf.o)
    0x0800d110   0x00000014   Code   RO         7179    i.__hardfp_fabs     m_wm.l(fabs.o)
    0x0800d124   0x00000004   PAD
    0x0800d128   0x000003c4   Code   RO         7191    i.__hardfp_log      m_wm.l(log.o)
    0x0800d4ec   0x00000190   Code   RO         7231    i.__hardfp_sinf     m_wm.l(sinf.o)
    0x0800d67c   0x0000007a   Code   RO         7243    i.__hardfp_sqrt     m_wm.l(sqrt.o)
    0x0800d6f6   0x0000003a   Code   RO         7255    i.__hardfp_sqrtf    m_wm.l(sqrtf.o)
    0x0800d730   0x00000438   Code   RO         7379    i.__ieee754_rem_pio2  m_wm.l(rred.o)
    0x0800db68   0x00000170   Code   RO         7341    i.__kernel_cos      m_wm.l(cos_i.o)
    0x0800dcd8   0x000000f8   Code   RO         7376    i.__kernel_poly     m_wm.l(poly.o)
    0x0800ddd0   0x00000130   Code   RO         7387    i.__kernel_sin      m_wm.l(sin_i.o)
    0x0800df00   0x00000030   Code   RO         7344    i.__mathlib_dbl_divzero  m_wm.l(dunder.o)
    0x0800df30   0x00000014   Code   RO         7345    i.__mathlib_dbl_infnan  m_wm.l(dunder.o)
    0x0800df44   0x00000004   PAD
    0x0800df48   0x00000020   Code   RO         7347    i.__mathlib_dbl_invalid  m_wm.l(dunder.o)
    0x0800df68   0x00000020   Code   RO         7350    i.__mathlib_dbl_underflow  m_wm.l(dunder.o)
    0x0800df88   0x00000006   Code   RO         7363    i.__mathlib_flt_infnan  m_wm.l(funder.o)
    0x0800df8e   0x00000006   Code   RO         7364    i.__mathlib_flt_infnan2  m_wm.l(funder.o)
    0x0800df94   0x00000010   Code   RO         7365    i.__mathlib_flt_invalid  m_wm.l(funder.o)
    0x0800dfa4   0x00000010   Code   RO         7368    i.__mathlib_flt_underflow  m_wm.l(funder.o)
    0x0800dfb4   0x00000154   Code   RO         7384    i.__mathlib_rredf2  m_wm.l(rredf.o)
    0x0800e108   0x00000030   Code   RO         6148    i.__print_result_location  mpl.o
    0x0800e138   0x0000000e   Code   RO         6976    i._is_digit         c_w.l(__printf_wp.o)
    0x0800e146   0x00000002   Code   RO         3542    i._sys_exit         usart.o
    0x0800e148   0x000004b0   Code   RO         4462    i.accel_6500_self_test  inv_mpu.o
    0x0800e5f8   0x00000118   Code   RO         4463    i.compass_self_test  inv_mpu.o
    0x0800e710   0x00000014   Code   RO         3473    i.delay_init        delay.o
    0x0800e724   0x0000001a   Code   RO         3474    i.delay_ms          delay.o
    0x0800e73e   0x00000002   PAD
    0x0800e740   0x00000034   Code   RO         3475    i.delay_us          delay.o
    0x0800e774   0x0000003a   Code   RO         4927    i.dmp_enable_6x_lp_quat  inv_mpu_dmp_motion_driver.o
    0x0800e7ae   0x00000002   PAD
    0x0800e7b0   0x000001dc   Code   RO         4928    i.dmp_enable_feature  inv_mpu_dmp_motion_driver.o
    0x0800e98c   0x00000038   Code   RO         4929    i.dmp_enable_gyro_cal  inv_mpu_dmp_motion_driver.o
    0x0800e9c4   0x0000003a   Code   RO         4930    i.dmp_enable_lp_quat  inv_mpu_dmp_motion_driver.o
    0x0800e9fe   0x00000002   PAD
    0x0800ea00   0x00000014   Code   RO         4935    i.dmp_load_motion_driver_firmware  inv_mpu_dmp_motion_driver.o
    0x0800ea14   0x0000014c   Code   RO         4936    i.dmp_read_fifo     inv_mpu_dmp_motion_driver.o
    0x0800eb60   0x000000d8   Code   RO         4939    i.dmp_set_accel_bias  inv_mpu_dmp_motion_driver.o
    0x0800ec38   0x00000064   Code   RO         4940    i.dmp_set_fifo_rate  inv_mpu_dmp_motion_driver.o
    0x0800ec9c   0x000000cc   Code   RO         4941    i.dmp_set_gyro_bias  inv_mpu_dmp_motion_driver.o
    0x0800ed68   0x0000010c   Code   RO         4943    i.dmp_set_orientation  inv_mpu_dmp_motion_driver.o
    0x0800ee74   0x00000030   Code   RO         4946    i.dmp_set_shake_reject_thresh  inv_mpu_dmp_motion_driver.o
    0x0800eea4   0x00000020   Code   RO         4947    i.dmp_set_shake_reject_time  inv_mpu_dmp_motion_driver.o
    0x0800eec4   0x00000020   Code   RO         4948    i.dmp_set_shake_reject_timeout  inv_mpu_dmp_motion_driver.o
    0x0800eee4   0x00000040   Code   RO         4949    i.dmp_set_tap_axes  inv_mpu_dmp_motion_driver.o
    0x0800ef24   0x00000022   Code   RO         4950    i.dmp_set_tap_count  inv_mpu_dmp_motion_driver.o
    0x0800ef46   0x00000002   PAD
    0x0800ef48   0x00000160   Code   RO         4951    i.dmp_set_tap_thresh  inv_mpu_dmp_motion_driver.o
    0x0800f0a8   0x00000020   Code   RO         4952    i.dmp_set_tap_time  inv_mpu_dmp_motion_driver.o
    0x0800f0c8   0x00000020   Code   RO         4953    i.dmp_set_tap_time_multi  inv_mpu_dmp_motion_driver.o
    0x0800f0e8   0x00000018   Code   RO         7181    i.fabs              m_wm.l(fabs.o)
    0x0800f100   0x00000014   Code   RO         3543    i.fputc             usart.o
    0x0800f114   0x000004d8   Code   RO         4464    i.get_st_6500_biases  inv_mpu.o
    0x0800f5ec   0x0000046c   Code   RO         4466    i.gyro_6500_self_test  inv_mpu.o
    0x0800fa58   0x0000006a   Code   RO         5224    i.inv_apply_calibration  data_builder.o
    0x0800fac2   0x00000002   PAD
    0x0800fac4   0x00000068   Code   RO         5225    i.inv_build_accel   data_builder.o
    0x0800fb2c   0x00000084   Code   RO         5226    i.inv_build_compass  data_builder.o
    0x0800fbb0   0x00000030   Code   RO         5227    i.inv_build_gyro    data_builder.o
    0x0800fbe0   0x0000001c   Code   RO         5229    i.inv_build_temp    data_builder.o
    0x0800fbfc   0x000000ac   Code   RO         5798    i.inv_compass_angle  ml_math_func.o
    0x0800fca8   0x0000005a   Code   RO         5800    i.inv_convert_to_body_with_scale  ml_math_func.o
    0x0800fd02   0x00000002   PAD
    0x0800fd04   0x0000003c   Code   RO         5231    i.inv_db_load_func  data_builder.o
    0x0800fd40   0x00000014   Code   RO         5232    i.inv_db_save_func  data_builder.o
    0x0800fd54   0x0000001c   Code   RO         5146    i.inv_enable_eMPL_outputs  empl_outputs.o
    0x0800fd70   0x0000001c   Code   RO         6186    i.inv_enable_results_holder  results_holder.o
    0x0800fd8c   0x00000028   Code   RO         6421    i.inv_execute_mpl_start_notification  start_manager.o
    0x0800fdb4   0x00000080   Code   RO         5235    i.inv_execute_on_data  data_builder.o
    0x0800fe34   0x000000a8   Code   RO         5147    i.inv_generate_eMPL_outputs  empl_outputs.o
    0x0800fedc   0x00000010   Code   RO         6187    i.inv_generate_results  results_holder.o
    0x0800feec   0x00000014   Code   RO         6188    i.inv_get_6axis_quaternion  results_holder.o
    0x0800ff00   0x0000000c   Code   RO         6189    i.inv_get_acc_state  results_holder.o
    0x0800ff0c   0x0000000c   Code   RO         5236    i.inv_get_accel_accuracy  data_builder.o
    0x0800ff18   0x00000010   Code   RO         5238    i.inv_get_accel_on  data_builder.o
    0x0800ff28   0x00000028   Code   RO         5242    i.inv_get_accel_set  data_builder.o
    0x0800ff50   0x00000014   Code   RO         5243    i.inv_get_compass_bias  data_builder.o
    0x0800ff64   0x00000018   Code   RO         6193    i.inv_get_compass_correction  results_holder.o
    0x0800ff7c   0x00000010   Code   RO         5245    i.inv_get_compass_on  data_builder.o
    0x0800ff8c   0x0000001c   Code   RO         5252    i.inv_get_compass_soft_iron_output_data  data_builder.o
    0x0800ffa8   0x0000000c   Code   RO         6194    i.inv_get_compass_state  results_holder.o
    0x0800ffb4   0x00000054   Code   RO         6195    i.inv_get_gravity   results_holder.o
    0x08010008   0x00000010   Code   RO         5253    i.inv_get_gyro      data_builder.o
    0x08010018   0x0000000c   Code   RO         5254    i.inv_get_gyro_accuracy  data_builder.o
    0x08010024   0x00000024   Code   RO         5255    i.inv_get_gyro_bias  data_builder.o
    0x08010048   0x00000018   Code   RO         5256    i.inv_get_gyro_bias_tc_set  data_builder.o
    0x08010060   0x00000010   Code   RO         5257    i.inv_get_gyro_on   data_builder.o
    0x08010070   0x00000018   Code   RO         5804    i.inv_get_gyro_sum_of_sqr  ml_math_func.o
    0x08010088   0x0000000c   Code   RO         6198    i.inv_get_large_mag_field  results_holder.o
    0x08010094   0x00000048   Code   RO         5263    i.inv_get_last_timestamp  data_builder.o
    0x080100dc   0x0000003a   Code   RO         6199    i.inv_get_linear_accel  results_holder.o
    0x08010116   0x00000002   PAD
    0x08010118   0x00000044   Code   RO         6200    i.inv_get_linear_accel_float  results_holder.o
    0x0801015c   0x00000010   Code   RO         6201    i.inv_get_local_field  results_holder.o
    0x0801016c   0x0000001c   Code   RO         5264    i.inv_get_mag_accuracy  data_builder.o
    0x08010188   0x00000010   Code   RO         6203    i.inv_get_motion_state  results_holder.o
    0x08010198   0x00000034   Code   RO         6204    i.inv_get_quaternion  results_holder.o
    0x080101cc   0x00000038   Code   RO         6206    i.inv_get_quaternion_set  results_holder.o
    0x08010204   0x000001c0   Code   RO         5150    i.inv_get_sensor_type_euler  empl_outputs.o
    0x080103c4   0x00000060   Code   RO         5674    i.inv_get_sensor_type_gravity  hal_outputs.o
    0x08010424   0x0000000c   Code   RO         6208    i.inv_got_compass_bias  results_holder.o
    0x08010430   0x0000003c   Code   RO         5267    i.inv_init_data_builder  data_builder.o
    0x0801046c   0x00000078   Code   RO         6150    i.inv_init_mpl      mpl.o
    0x080104e4   0x00000030   Code   RO         6209    i.inv_init_results_holder  results_holder.o
    0x08010514   0x00000014   Code   RO         6422    i.inv_init_start_manager  start_manager.o
    0x08010528   0x00000018   Code   RO         6454    i.inv_init_storage_manager  storage_manager.o
    0x08010540   0x00000022   Code   RO         5813    i.inv_orientation_matrix_to_scalar  ml_math_func.o
    0x08010562   0x0000000c   Code   RO         5814    i.inv_q29_mult      ml_math_func.o
    0x0801056e   0x0000000c   Code   RO         5816    i.inv_q30_mult      ml_math_func.o
    0x0801057a   0x00000024   Code   RO         5818    i.inv_q_add         ml_math_func.o
    0x0801059e   0x00000042   Code   RO         5819    i.inv_q_addf        ml_math_func.o
    0x080105e0   0x00000018   Code   RO         5820    i.inv_q_invert      ml_math_func.o
    0x080105f8   0x0000002e   Code   RO         5821    i.inv_q_invertf     ml_math_func.o
    0x08010626   0x000000b0   Code   RO         5822    i.inv_q_mult        ml_math_func.o
    0x080106d6   0x000000d2   Code   RO         5823    i.inv_q_multf       ml_math_func.o
    0x080107a8   0x00000084   Code   RO         5824    i.inv_q_norm4       ml_math_func.o
    0x0801082c   0x000000b0   Code   RO         5826    i.inv_q_normalizef  ml_math_func.o
    0x080108dc   0x00000040   Code   RO         5827    i.inv_q_rotate      ml_math_func.o
    0x0801091c   0x000000da   Code   RO         5829    i.inv_quaternion_to_rotation  ml_math_func.o
    0x080109f6   0x00000002   PAD
    0x080109f8   0x000000a8   Code   RO         5270    i.inv_register_data_cb  data_builder.o
    0x08010aa0   0x00000068   Code   RO         6456    i.inv_register_load_store  storage_manager.o
    0x08010b08   0x00000020   Code   RO         6423    i.inv_register_mpl_start_notification  start_manager.o
    0x08010b28   0x00000050   Code   RO         5271    i.inv_reset_compass_soft_iron_matrix  data_builder.o
    0x08010b78   0x00000048   Code   RO         5831    i.inv_row_2_scale   ml_math_func.o
    0x08010bc0   0x0000001c   Code   RO         5272    i.inv_set_accel_accuracy  data_builder.o
    0x08010bdc   0x0000000c   Code   RO         6212    i.inv_set_accel_bias_found  results_holder.o
    0x08010be8   0x00000050   Code   RO         5275    i.inv_set_accel_bias_mask  data_builder.o
    0x08010c38   0x0000000c   Code   RO         5276    i.inv_set_accel_orientation_and_scale  data_builder.o
    0x08010c44   0x0000002c   Code   RO         5277    i.inv_set_accel_sample_rate  data_builder.o
    0x08010c70   0x00000048   Code   RO         5279    i.inv_set_compass_bias  data_builder.o
    0x08010cb8   0x00000010   Code   RO         6213    i.inv_set_compass_bias_error  results_holder.o
    0x08010cc8   0x0000000c   Code   RO         6214    i.inv_set_compass_bias_found  results_holder.o
    0x08010cd4   0x00000020   Code   RO         6215    i.inv_set_compass_correction  results_holder.o
    0x08010cf4   0x0000000c   Code   RO         5280    i.inv_set_compass_disturbance  data_builder.o
    0x08010d00   0x00000010   Code   RO         5281    i.inv_set_compass_orientation_and_scale  data_builder.o
    0x08010d10   0x0000002c   Code   RO         5282    i.inv_set_compass_sample_rate  data_builder.o
    0x08010d3c   0x00000050   Code   RO         5283    i.inv_set_compass_soft_iron_input_data  data_builder.o
    0x08010d8c   0x0000000c   Code   RO         6216    i.inv_set_compass_state  results_holder.o
    0x08010d98   0x00000080   Code   RO         5286    i.inv_set_contiguous  data_builder.o
    0x08010e18   0x0000005c   Code   RO         5288    i.inv_set_gyro_bias  data_builder.o
    0x08010e74   0x0000000c   Code   RO         5289    i.inv_set_gyro_orientation_and_scale  data_builder.o
    0x08010e80   0x00000028   Code   RO         5290    i.inv_set_gyro_sample_rate  data_builder.o
    0x08010ea8   0x00000014   Code   RO         5773    i.inv_set_message   message_layer.o
    0x08010ebc   0x00000034   Code   RO         6221    i.inv_set_motion_state  results_holder.o
    0x08010ef0   0x00000010   Code   RO         5155    i.inv_start_eMPL_outputs  empl_outputs.o
    0x08010f00   0x0000003c   Code   RO         6151    i.inv_start_mpl     mpl.o
    0x08010f3c   0x00000018   Code   RO         6222    i.inv_start_results_holder  results_holder.o
    0x08010f54   0x00000020   Code   RO         6223    i.inv_store_gaming_quaternion  results_holder.o
    0x08010f74   0x0000004c   Code   RO         5293    i.inv_unregister_data_cb  data_builder.o
    0x08010fc0   0x00000048   Code   RO         6424    i.inv_unregister_mpl_start_notification  start_manager.o
    0x08011008   0x000001d8   Code   RO            5    i.main              main.o
    0x080111e0   0x00000002   Code   RO         4468    i.mget_ms           inv_mpu.o
    0x080111e2   0x00000032   Code   RO         5836    i.mlMatrixVectorMult  ml_math_func.o
    0x08011214   0x00000058   Code   RO         4469    i.mpu_configure_fifo  inv_mpu.o
    0x0801126c   0x00000164   Code   RO         4471    i.mpu_dmp_init      inv_mpu.o
    0x080113d0   0x0000003c   Code   RO         4472    i.mpu_get_accel_fsr  inv_mpu.o
    0x0801140c   0x00000044   Code   RO         4474    i.mpu_get_accel_sens  inv_mpu.o
    0x08011450   0x00000080   Code   RO         4476    i.mpu_get_compass_reg  inv_mpu.o
    0x080114d0   0x00000034   Code   RO         4480    i.mpu_get_gyro_fsr  inv_mpu.o
    0x08011504   0x0000004c   Code   RO         4482    i.mpu_get_gyro_sens  inv_mpu.o
    0x08011550   0x00000038   Code   RO         4484    i.mpu_get_lpf       inv_mpu.o
    0x08011588   0x0000001c   Code   RO         4486    i.mpu_get_sample_rate  inv_mpu.o
    0x080115a4   0x0000007c   Code   RO         4487    i.mpu_get_temperature  inv_mpu.o
    0x08011620   0x000000d8   Code   RO         4488    i.mpu_init          inv_mpu.o
    0x080116f8   0x000000a4   Code   RO         4489    i.mpu_load_firmware  inv_mpu.o
    0x0801179c   0x000000b8   Code   RO         4490    i.mpu_lp_accel_mode  inv_mpu.o
    0x08011854   0x00000108   Code   RO         4492    i.mpu_mpl_get_data  inv_mpu.o
    0x0801195c   0x00000090   Code   RO         4497    i.mpu_read_fifo_stream  inv_mpu.o
    0x080119ec   0x00000054   Code   RO         4498    i.mpu_read_mem      inv_mpu.o
    0x08011a40   0x0000015c   Code   RO         4501    i.mpu_reset_fifo    inv_mpu.o
    0x08011b9c   0x00000278   Code   RO         4502    i.mpu_run_6500_self_test  inv_mpu.o
    0x08011e14   0x00000068   Code   RO         4506    i.mpu_set_accel_fsr  inv_mpu.o
    0x08011e7c   0x000000dc   Code   RO         4507    i.mpu_set_bypass    inv_mpu.o
    0x08011f58   0x0000004c   Code   RO         4508    i.mpu_set_compass_sample_rate  inv_mpu.o
    0x08011fa4   0x00000078   Code   RO         4509    i.mpu_set_dmp_state  inv_mpu.o
    0x0801201c   0x0000006c   Code   RO         4511    i.mpu_set_gyro_fsr  inv_mpu.o
    0x08012088   0x00000064   Code   RO         4512    i.mpu_set_int_latched  inv_mpu.o
    0x080120ec   0x0000006c   Code   RO         4514    i.mpu_set_lpf       inv_mpu.o
    0x08012158   0x00000088   Code   RO         4515    i.mpu_set_sample_rate  inv_mpu.o
    0x080121e0   0x00000134   Code   RO         4516    i.mpu_set_sensors   inv_mpu.o
    0x08012314   0x00000054   Code   RO         4517    i.mpu_write_mem     inv_mpu.o
    0x08012368   0x0000008a   Code   RO         4518    i.run_self_test     inv_mpu.o
    0x080123f2   0x00000002   PAD
    0x080123f4   0x00000228   Code   RO            6    i.send_data         main.o
    0x0801261c   0x00000054   Code   RO         4519    i.set_int_enable    inv_mpu.o
    0x08012670   0x000001d8   Code   RO         4520    i.setup_compass     inv_mpu.o
    0x08012848   0x0000003e   Code   RO         7257    i.sqrtf             m_wm.l(sqrtf.o)
    0x08012886   0x00000002   PAD
    0x08012888   0x00000024   Code   RO         3545    i.uart_init         usart.o
    0x080128ac   0x00000068   Code   RO            7    i.usart1_niming_report  main.o
    0x08012914   0x0000001c   Code   RO            8    i.usart1_send_char  main.o
    0x08012930   0x00000024   Code   RO         3546    i.usart3_init       usart.o
    0x08012954   0x00000094   Code   RO         6497    i.usmart_cmd_rec    usmart.o
    0x080129e8   0x00000260   Code   RO         6498    i.usmart_exe        usmart.o
    0x08012c48   0x0000009c   Code   RO         6609    i.usmart_get_aparm  usmart_str.o
    0x08012ce4   0x0000002e   Code   RO         6610    i.usmart_get_cmdname  usmart_str.o
    0x08012d12   0x00000002   PAD
    0x08012d14   0x00000168   Code   RO         6611    i.usmart_get_fname  usmart_str.o
    0x08012e7c   0x000000d0   Code   RO         6612    i.usmart_get_fparam  usmart_str.o
    0x08012f4c   0x00000024   Code   RO         6613    i.usmart_get_parmpos  usmart_str.o
    0x08012f70   0x00000030   Code   RO         6499    i.usmart_get_runtime  usmart.o
    0x08012fa0   0x00000028   Code   RO         6500    i.usmart_init       usmart.o
    0x08012fc8   0x00000010   Code   RO         6614    i.usmart_pow        usmart_str.o
    0x08012fd8   0x00000028   Code   RO         6501    i.usmart_reset_runtime  usmart.o
    0x08013000   0x000000a4   Code   RO         6502    i.usmart_scan       usmart.o
    0x080130a4   0x00000010   Code   RO         6615    i.usmart_search_nextc  usmart_str.o
    0x080130b4   0x000000a0   Code   RO         6616    i.usmart_str2num    usmart_str.o
    0x08013154   0x00000018   Code   RO         6617    i.usmart_strcmp     usmart_str.o
    0x0801316c   0x00000012   Code   RO         6618    i.usmart_strcopy    usmart_str.o
    0x0801317e   0x00000012   Code   RO         6619    i.usmart_strlen     usmart_str.o
    0x08013190   0x00000670   Code   RO         6503    i.usmart_sys_cmd_exe  usmart.o
    0x08013800   0x0000002c   Code   RO         7465    locale$$code        c_w.l(lc_numeric_c.o)
    0x0801382c   0x0000002c   Code   RO         7540    locale$$code        c_w.l(lc_ctype_c.o)
    0x08013858   0x00000018   Code   RO         7318    x$fpl$basic         fz_wm.l(basic.o)
    0x08013870   0x00000062   Code   RO         7015    x$fpl$d2f           fz_wm.l(d2f.o)
    0x080138d2   0x00000002   PAD
    0x080138d4   0x00000150   Code   RO         7017    x$fpl$dadd          fz_wm.l(daddsub_clz.o)
    0x08013a24   0x00000018   Code   RO         7320    x$fpl$dcmpinf       fz_wm.l(dcmpi.o)
    0x08013a3c   0x000002b0   Code   RO         7024    x$fpl$ddiv          fz_wm.l(ddiv.o)
    0x08013cec   0x00000078   Code   RO         7027    x$fpl$deqf          fz_wm.l(deqf.o)
    0x08013d64   0x0000005e   Code   RO         7029    x$fpl$dfix          fz_wm.l(dfix.o)
    0x08013dc2   0x00000002   PAD
    0x08013dc4   0x0000005a   Code   RO         7033    x$fpl$dfixu         fz_wm.l(dfixu.o)
    0x08013e1e   0x0000002e   Code   RO         7038    x$fpl$dflt          fz_wm.l(dflt_clz.o)
    0x08013e4c   0x00000026   Code   RO         7037    x$fpl$dfltu         fz_wm.l(dflt_clz.o)
    0x08013e72   0x00000002   PAD
    0x08013e74   0x00000078   Code   RO         7043    x$fpl$dleqf         fz_wm.l(dleqf.o)
    0x08013eec   0x00000154   Code   RO         7045    x$fpl$dmul          fz_wm.l(dmul.o)
    0x08014040   0x0000009c   Code   RO         7322    x$fpl$dnaninf       fz_wm.l(dnaninf.o)
    0x080140dc   0x0000000c   Code   RO         7324    x$fpl$dretinf       fz_wm.l(dretinf.o)
    0x080140e8   0x0000006c   Code   RO         7047    x$fpl$drleqf        fz_wm.l(drleqf.o)
    0x08014154   0x00000016   Code   RO         7018    x$fpl$drsb          fz_wm.l(daddsub_clz.o)
    0x0801416a   0x00000002   PAD
    0x0801416c   0x00000198   Code   RO         7326    x$fpl$dsqrt         fz_wm.l(dsqrt_umaal.o)
    0x08014304   0x000001d4   Code   RO         7019    x$fpl$dsub          fz_wm.l(daddsub_clz.o)
    0x080144d8   0x00000056   Code   RO         7049    x$fpl$f2d           fz_wm.l(f2d.o)
    0x0801452e   0x00000060   Code   RO         7055    x$fpl$ffltll        fz_wm.l(ffltll_clz.o)
    0x0801458e   0x0000008c   Code   RO         7328    x$fpl$fnaninf       fz_wm.l(fnaninf.o)
    0x0801461a   0x0000000a   Code   RO         7548    x$fpl$fpinit        fz_wm.l(fpinit.o)
    0x08014624   0x0000000a   Code   RO         7330    x$fpl$fretinf       fz_wm.l(fretinf.o)
    0x0801462e   0x00000002   PAD
    0x08014630   0x00000086   Code   RO         7051    x$fpl$llsfromf      fz_wm.l(ffixll.o)
    0x080146b6   0x00000004   Code   RO         7057    x$fpl$printf1       fz_wm.l(printf1.o)
    0x080146ba   0x00000004   Code   RO         7332    x$fpl$printf2       fz_wm.l(printf2.o)
    0x080146be   0x00000000   Code   RO         7340    x$fpl$usenofp       fz_wm.l(usenofp.o)
    0x080146be   0x00000010   Data   RO         1107    .constdata          stm32f4xx_hal_rcc.o
    0x080146ce   0x0000002a   Data   RO         4521    .constdata          inv_mpu.o
    0x080146f8   0x0000000e   Data   RO         4522    .constdata          inv_mpu.o
    0x08014706   0x00000002   PAD
    0x08014708   0x00000030   Data   RO         4523    .constdata          inv_mpu.o
    0x08014738   0x00000200   Data   RO         4524    .constdata          inv_mpu.o
    0x08014938   0x00000bf6   Data   RO         4955    .constdata          inv_mpu_dmp_motion_driver.o
    0x0801552e   0x0000002f   Data   RO         6152    .constdata          mpl.o
    0x0801555d   0x00000028   Data   RO         6964    .constdata          c_w.l(_printf_hex_int_ll_ptr.o)
    0x08015585   0x00000011   Data   RO         6984    .constdata          c_w.l(__printf_flags_ss_wp.o)
    0x08015596   0x00000002   PAD
    0x08015598   0x00000038   Data   RO         7194    .constdata          m_wm.l(log.o)
    0x080155d0   0x00000008   Data   RO         7291    .constdata          c_w.l(_printf_wctomb.o)
    0x080155d8   0x00000030   Data   RO         7342    .constdata          m_wm.l(cos_i.o)
    0x08015608   0x00000008   Data   RO         7378    .constdata          m_wm.l(qnan.o)
    0x08015610   0x000000c8   Data   RO         7381    .constdata          m_wm.l(rred.o)
    0x080156d8   0x00000020   Data   RO         7385    .constdata          m_wm.l(rredf.o)
    0x080156f8   0x00000028   Data   RO         7388    .constdata          m_wm.l(sin_i.o)
    0x08015720   0x00000026   Data   RO         7425    .constdata          c_w.l(_printf_fp_hex.o)
    0x08015746   0x00000002   PAD
    0x08015748   0x00000094   Data   RO         7434    .constdata          c_w.l(bigflt0.o)
    0x080157dc   0x00000009   Data   RO         4525    .conststring        inv_mpu.o
    0x080157e5   0x00000003   PAD
    0x080157e8   0x00000044   Data   RO         5296    .conststring        data_builder.o
    0x0801582c   0x00000028   Data   RO         6506    .conststring        usmart.o
    0x08015854   0x00000038   Data   RO         6583    .conststring        usmart_config.o
    0x0801588c   0x00000020   Data   RO         7621    Region$$Table       anon$$obj.o
    0x080158ac   0x0000001c   Data   RO         7464    locale$$data        c_w.l(lc_numeric_c.o)
    0x080158c8   0x00000110   Data   RO         7539    locale$$data        c_w.l(lc_ctype_c.o)


    Execution Region RW_IRAM1 (Base: 0x20000000, Size: 0x00003c20, Max: 0x00030000, ABSOLUTE, COMPRESSED[0x0000007c])

    Base Addr    Size         Type   Attr      Idx    E Section Name        Object

    0x20000000   0x00000014   Data   RW          413    .data               system_stm32f4xx.o
    0x20000014   0x00000004   Data   RW          577    .data               stm32f4xx_hal.o
    0x20000018   0x00000004   Data   RW         3476    .data               delay.o
    0x2000001c   0x00000004   Data   RW         3548    .data               usart.o
    0x20000020   0x00000004   Data   RW         3549    .data               usart.o
    0x20000024   0x00000008   Data   RW         3973    .data               ltdc.o
    0x2000002c   0x00000004   Data   RW         4526    .data               inv_mpu.o
    0x20000030   0x0000004a   Data   RW         4527    .data               inv_mpu.o
    0x2000007a   0x00000002   PAD
    0x2000007c   0x00000004   Data   RW         5774    .data               message_layer.o
    0x20000080   0x0000001c   Data   RW         6507    .data               usmart.o
    0x2000009c   0x00000010   Data   RW         6584    .data               usmart_config.o
    0x200000ac   0x000000f4   Data   RW         6585    .data               usmart_config.o
    0x200001a0   0x00000010   Data   RW         6687    .data               libmpllib.lib(compass_vec_cal.o)
    0x200001b0   0x0000099e   Zero   RW            9    .bss                main.o
    0x20000b4e   0x00000002   PAD
    0x20000b50   0x00001278   Zero   RW         3547    .bss                usart.o
    0x20001dc8   0x0000005e   Zero   RW         3708    .bss                lcd.o
    0x20001e26   0x00000002   PAD
    0x20001e28   0x00000034   Zero   RW         3901    .bss                sdram.o
    0x20001e5c   0x000000c8   Zero   RW         3971    .bss                ltdc.o
    0x20001f24   0x0000003c   Zero   RW         4425    .bss                timer.o
    0x20001f60   0x00000010   Zero   RW         4954    .bss                inv_mpu_dmp_motion_driver.o
    0x20001f70   0x00000028   Zero   RW         5156    .bss                empl_outputs.o
    0x20001f98   0x000002d8   Zero   RW         5295    .bss                data_builder.o
    0x20002270   0x000000c4   Zero   RW         5684    .bss                hal_outputs.o
    0x20002334   0x00000088   Zero   RW         6224    .bss                results_holder.o
    0x200023bc   0x00000054   Zero   RW         6425    .bss                start_manager.o
    0x20002410   0x00000198   Zero   RW         6458    .bss                storage_manager.o
    0x200025a8   0x0000003c   Zero   RW         6505    .bss                usmart.o
    0x200025e4   0x00000004   PAD
    0x200025e8   0x00000460   Zero   RW         6686    .bss                libmpllib.lib(compass_vec_cal.o)
    0x20002a48   0x000002a0   Zero   RW         6776    .bss                libmpllib.lib(fast_no_motion.o)
    0x20002ce8   0x00000138   Zero   RW         6809    .bss                libmpllib.lib(fusion_9axis.o)
    0x20002e20   0x000001c4   Zero   RW         6831    .bss                libmpllib.lib(gyro_tc.o)
    0x20002fe4   0x000000b8   Zero   RW         6849    .bss                libmpllib.lib(mag_disturb.o)
    0x2000309c   0x0000006c   Zero   RW         6871    .bss                libmpllib.lib(quaternion_supervisor.o)
    0x20003108   0x000004b8   Zero   RW         6889    .bss                libmpllib.lib(accel_auto_cal.o)
    0x200035c0   0x00000060   Zero   RW         7472    .bss                c_w.l(libspace.o)
    0x20003620   0x00000200   Zero   RW          545    HEAP                startup_stm32f429xx.o
    0x20003820   0x00000400   Zero   RW          544    STACK               startup_stm32f429xx.o



  Load Region LR$$.ARM.__AT_0xC0000000 (Base: 0xc0000000, Size: 0x00000000, Max: 0x001f4000, ABSOLUTE)

    Execution Region ER$$.ARM.__AT_0xC0000000 (Base: 0xc0000000, Size: 0x001f4000, Max: 0x001f4000, ABSOLUTE, UNINIT)

    Base Addr    Size         Type   Attr      Idx    E Section Name        Object

    0xc0000000   0x001f4000   Zero   RW         3970    .ARM.__AT_0xC0000000  ltdc.o


==============================================================================

Image component sizes


      Code (inc. data)   RO Data    RW Data    ZI Data      Debug   Object Name

      2006        254         68          0        728      26168   data_builder.o
        98          8          0          4          0       1991   delay.o
       660         54          0          0         40       7090   empl_outputs.o
       658         22          0          0          0       4323   gps.o
        96          8          0          0        196       2301   hal_outputs.o
      8984       1586        625         78          0      44934   inv_mpu.o
      2414        132       3062          0         16      20954   inv_mpu_dmp_motion_driver.o
       128         18          0          0          0       1019   key.o
     10516        150          0          0         94      17107   lcd.o
        76          8          0          0          0        903   led.o
       150         10          0          0          0       1078   log_stm32.o
      1270        104          0          8    2048200       8890   ltdc.o
      1156         40          0          0       2462     438521   main.o
        20          4          0          4          0       1226   message_layer.o
      1614         22          0          0          0      14553   ml_math_func.o
       228         78         47          0          0       5324   mpl.o
       388         22          0          0          0       4474   mpu9250.o
       616         76          0          0          0       5166   myiic.o
       726        120          0          0        136      16077   results_holder.o
       448         46          0          0         52       3526   sdram.o
       164         20          0          0         84       3452   start_manager.o
        64         26        428          0       1536        844   startup_stm32f429xx.o
       122         16          0          4          0       4276   stm32f4xx_hal.o
       218         14          0          0          0      31029   stm32f4xx_hal_cortex.o
       496         54          0          0          0       3391   stm32f4xx_hal_gpio.o
       856          4          0          0          0       4869   stm32f4xx_hal_ltdc.o
       136         14          0          0          0       1340   stm32f4xx_hal_pwr_ex.o
      1572         72         16          0          0       6519   stm32f4xx_hal_rcc.o
       680         36          0          0          0       1712   stm32f4xx_hal_rcc_ex.o
       146          0          0          0          0       2804   stm32f4xx_hal_sdram.o
        86          0          0          0          0       1256   stm32f4xx_hal_sram.o
       270         44          0          0          0       3481   stm32f4xx_hal_tim.o
      1332          8          0          0          0       8886   stm32f4xx_hal_uart.o
        20          0          0          0          0       4166   stm32f4xx_it.o
       560         20          0          0          0       6136   stm32f4xx_ll_fmc.o
       128          8          0          0        408       2565   storage_manager.o
       132         10          0          0          0       1179   sys.o
        84         18          0         20          0       1097   system_stm32f4xx.o
       148         32          0          0         60       2384   timer.o
       606         86          0          8       4728       7013   usart.o
      2832       1338         40         28         60       7174   usmart.o
         0          0         56        260          0       1712   usmart_config.o
      1058         20          0          0          0       9619   usmart_str.o

    ----------------------------------------------------------------------
     44004       4602       4379        416    2058808     742529   Object Totals
         0          0         32          0          0          0   (incl. Generated)
        42          0          5          2          8          0   (incl. Padding)

    ----------------------------------------------------------------------

      Code (inc. data)   RO Data    RW Data    ZI Data      Debug   Library Member Name

        24          4          0          0          0         84   __2printf.o
        90          0          0          0          0          0   __dczerorl2.o
         8          0          0          0          0         68   __main.o
       392          4         17          0          0         92   __printf_flags_ss_wp.o
        14          0          0          0          0         68   __printf_wp.o
         0          0          0          0          0          0   __rtentry.o
        12          0          0          0          0          0   __rtentry2.o
         6          0          0          0          0          0   __rtentry4.o
        52          8          0          0          0          0   __scatter.o
        28          0          0          0          0          0   __scatter_zi.o
         6          0          0          0          0          0   _printf_a.o
         6          0          0          0          0          0   _printf_c.o
        44          0          0          0          0        108   _printf_char.o
        48          6          0          0          0         96   _printf_char_common.o
        36          4          0          0          0         80   _printf_char_file.o
        40          0          0          0          0         68   _printf_charcount.o
         6          0          0          0          0          0   _printf_d.o
       120         16          0          0          0         92   _printf_dec.o
         6          0          0          0          0          0   _printf_e.o
         6          0          0          0          0          0   _printf_f.o
      1050          0          0          0          0        216   _printf_fp_dec.o
       764          8         38          0          0        100   _printf_fp_hex.o
       128         16          0          0          0         84   _printf_fp_infnan.o
         6          0          0          0          0          0   _printf_g.o
       148          4         40          0          0        160   _printf_hex_int_ll_ptr.o
         6          0          0          0          0          0   _printf_i.o
       178          0          0          0          0         88   _printf_intcommon.o
        10          0          0          0          0          0   _printf_l.o
         6          0          0          0          0          0   _printf_lc.o
        10          0          0          0          0          0   _printf_ll.o
         6          0          0          0          0          0   _printf_lld.o
         6          0          0          0          0          0   _printf_lli.o
         6          0          0          0          0          0   _printf_llo.o
         6          0          0          0          0          0   _printf_llu.o
         6          0          0          0          0          0   _printf_llx.o
       124         16          0          0          0         92   _printf_longlong_dec.o
         6          0          0          0          0          0   _printf_ls.o
         6          0          0          0          0          0   _printf_n.o
         6          0          0          0          0          0   _printf_o.o
       112          8          0          0          0        124   _printf_oct_int_ll.o
         6          0          0          0          0          0   _printf_p.o
        78          0          0          0          0        108   _printf_pad.o
         0          0          0          0          0          0   _printf_percent.o
         4          0          0          0          0          0   _printf_percent_end.o
         6          0          0          0          0          0   _printf_s.o
        82          0          0          0          0         80   _printf_str.o
        36          0          0          0          0         84   _printf_truncate.o
         6          0          0          0          0          0   _printf_u.o
        44          0          0          0          0        108   _printf_wchar.o
       188          6          8          0          0         92   _printf_wctomb.o
         6          0          0          0          0          0   _printf_x.o
        22          0          0          0          0        100   _rserrno.o
        10          0          0          0          0         68   _sputc.o
        64          0          0          0          0         92   _wcrtomb.o
        16          0          0          0          0         68   aeabi_memset.o
       220          4        148          0          0         96   bigflt0.o
      1910        128          0          0          0        672   btod.o
        18          0          0          0          0         80   exit.o
         8          0          0          0          0         68   ferror.o
         6          0          0          0          0        152   heapauxi.o
        44         10        272          0          0         76   lc_ctype_c.o
        44         10         28          0          0         76   lc_numeric_c.o
         2          0          0          0          0          0   libinit.o
        34          0          0          0          0          0   libinit2.o
         2          0          0          0          0          0   libshutdown.o
         2          0          0          0          0          0   libshutdown2.o
         8          4          0          0         96         68   libspace.o
        72          0          0          0          0         76   llsdiv.o
        38          0          0          0          0         68   llshl.o
        38          0          0          0          0         68   llsshr.o
       138          0          0          0          0         80   lludiv10.o
       238          0          0          0          0        100   lludivv7m.o
        88          0          0          0          0         76   memcmp.o
        16          4          0          0          0         76   rt_ctype_table.o
         8          4          0          0          0         68   rt_errno_addr_intlibspace.o
         8          4          0          0          0         68   rt_locale_intlibspace.o
        68          0          0          0          0         68   rt_memclr.o
        78          0          0          0          0         80   rt_memclr_w.o
       138          0          0          0          0         68   rt_memcpy_v6.o
       100          0          0          0          0         80   rt_memcpy_w.o
       122          0          0          0          0         80   rt_memmove_w.o
         2          0          0          0          0          0   rtexit.o
        10          0          0          0          0          0   rtexit2.o
       128          0          0          0          0         68   strcmpv7m.o
        74          0          0          0          0         80   sys_stackheap_outer.o
         2          0          0          0          0         68   use_no_semi.o
         2          0          0          0          0         68   use_no_semi_2.o
        36          4          0          0          0         76   vsprintf.o
        24          0          0          0          0        164   basic.o
        98          4          0          0          0        140   d2f.o
       826         16          0          0          0        492   daddsub_clz.o
        24          0          0          0          0        116   dcmpi.o
       688        140          0          0          0        256   ddiv.o
       120          4          0          0          0        140   deqf.o
        94          4          0          0          0        140   dfix.o
        90          4          0          0          0        140   dfixu.o
        84          0          0          0          0        232   dflt_clz.o
       120          4          0          0          0        140   dleqf.o
       340         12          0          0          0        152   dmul.o
       156          4          0          0          0        140   dnaninf.o
        12          0          0          0          0        116   dretinf.o
       108          0          0          0          0        128   drleqf.o
       408         56          0          0          0        168   dsqrt_umaal.o
        86          4          0          0          0        132   f2d.o
       134          4          0          0          0        132   ffixll.o
        96          0          0          0          0        132   ffltll_clz.o
       140          4          0          0          0        132   fnaninf.o
        10          0          0          0          0        116   fpinit.o
        10          0          0          0          0        116   fretinf.o
         4          0          0          0          0        116   printf1.o
         4          0          0          0          0        116   printf2.o
         0          0          0          0          0          0   usenofp.o
      3140        190          0          0       1208       9672   accel_auto_cal.o
      9456        298          0         16       1120      19892   compass_vec_cal.o
      2584         42          0          0        672      13744   fast_no_motion.o
      1712         72          0          0        312       5636   fusion_9axis.o
      1220         32          0          0        452       5735   gyro_tc.o
      1472         48          0          0        184       7614   mag_disturb.o
      2452        130          0          0        108       5637   quaternion_supervisor.o
       280         46          0          0          0        176   acosf.o
       592         90          0          0          0        184   atan2f.o
       200         20          0          0          0        164   cos.o
       368         46         48          0          0        200   cos_i.o
       336         56          0          0          0        136   cosf.o
       132         36          0          0          0        496   dunder.o
        44          0          0          0          0        248   fabs.o
        48          0          0          0          0        124   fpclassify.o
        38          0          0          0          0        116   fpclassifyf.o
        44         12          0          0          0        464   funder.o
       964         92         56          0          0        316   log.o
       248          0          0          0          0        152   poly.o
         0          0          8          0          0          0   qnan.o
      1080        142        200          0          0        188   rred.o
       340         24         32          0          0        160   rredf.o
       304         24         40          0          0        208   sin_i.o
       400         56          0          0          0        212   sinf.o
       122          0          0          0          0        148   sqrt.o
       120          0          0          0          0        272   sqrtf.o

    ----------------------------------------------------------------------
     39214       1988        939         16       4152      80674   Library Totals
        38          0          4          0          0          0   (incl. Padding)

    ----------------------------------------------------------------------

      Code (inc. data)   RO Data    RW Data    ZI Data      Debug   Library Name

      7804        272        551          0         96       5124   c_w.l
      3676        260          0          0          0       3656   fz_wm.l
     22036        812          0         16       4056      67930   libmpllib.lib
      5660        644        384          0          0       3964   m_wm.l

    ----------------------------------------------------------------------
     39214       1988        939         16       4152      80674   Library Totals

    ----------------------------------------------------------------------

==============================================================================


      Code (inc. data)   RO Data    RW Data    ZI Data      Debug   

     83218       6590       5318        432    2062960     784491   Grand Totals
     83218       6590       5318        124    2062960     784491   ELF Image Totals (compressed)
     83218       6590       5318        124          0          0   ROM Totals

==============================================================================

    Total RO  Size (Code + RO Data)                88536 (  86.46kB)
    Total RW  Size (RW Data + ZI Data)           2063392 (2015.03kB)
    Total ROM Size (Code + RO Data + RW Data)      88660 (  86.58kB)

==============================================================================

